		LINK symbol map of	LINK	version 5A(2032)		page 1
	Produced by LINK version 5A(2030) on  1-Nov-83 at 17:22:30

	Low  segment starts at	     0 ends at	  2212 length	  2213 = 3P
	High segment starts at	525000 ends at	645755 length	120756 = 81P
	373 words free in Low segment, 18 words free in high segment
	1838 Global symbols loaded, therefore min. hash size is 2043
	Start address is 525030, located in program LINK

		*************

.HIGH.


		*************

LNKHST	from DSK:LNKHST.REL	created by MACRO on  1-Nov-83 at 17:19:35
	High segment starts at	525010 ends at	525027 length	    20 (octal),    16. (decimal)


		*************

LINK	from DSK:LNKINI.REL	created by MACRO on  1-Nov-83 at 17:08:26
	High segment starts at	525030 ends at	526467 length	  1440 (octal),   800. (decimal)

	ARSIZE	        1342	Global	Relocatable 		BATCH	         347	Global	Relocatable 	
	CPUHST	         345	Global	Relocatable 		DCBUF	         745	Global	Relocatable 	
	DY.AB	         564	Global	Relocatable 		DY.FR	         617	Global	Relocatable 	
	DY.LB	         553	Global	Relocatable 		DY.PT	         606	Global	Relocatable 	
	DY.UB	         575	Global	Relocatable 		E$$IMI	      525503	Global	Relocatable 	
	E$$IUU	      526304	Global	Relocatable 		E$$LFB	      525417	Global	Relocatable 	
	E$$LIN	      525422	Global	Relocatable 		E01OEL	      526356	Global	Relocatable 	
	EPDP	         315	Global	Relocatable 		ERRLVL	        1157	Global	Relocatable 	
	EZCOR	        1410	Global	Relocatable Suppressed	FLAGS	        1116	Global	Relocatable 	
	FORLIB	        1137	Global	Relocatable 		FRECOR	        1141	Global	Relocatable 	
	FSTR	         706	Global	Relocatable Suppressed	G.DEV	        1046	Global	Relocatable 	
	G.EXT	        1051	Global	Relocatable 		GS.AB	         574	Global	Relocatable 	
	GS.FR	         627	Global	Relocatable 		GS.LB	         563	Global	Relocatable 	
	GS.PT	         616	Global	Relocatable 		GS.UB	         605	Global	Relocatable 	
	GSYM	        1374	Global	Relocatable 		HC.S0	         431	Global	Relocatable 	
	HIORGN	         400	Global	Relocatable 		HL.S0	         434	Global	Relocatable 	
	HSFACT	         521	Global	Relocatable 		HSPACE	         520	Global	Relocatable 	
	HT.PRM	         516	Global	Relocatable 		HT.PTR	         515	Global	Relocatable 	
	IO.CHN	        1042	Global	Relocatable 		IO.EMG	        1003	Global	Relocatable 	
	IO.PTR	         761	Global	Relocatable 		JOBNUM	         527	Global	Relocatable 	
	LC.AB	         565	Global	Relocatable 		LC.LB	         554	Global	Relocatable 	
	LC.UB	         576	Global	Relocatable 		LINBUF	        1172	Global	Relocatable 	
	LINK	      525030	Entry	Relocatable 		LNKMAX	        1326	Global	Relocatable 	
	LOGLVL	        1156	Global	Relocatable 		LOGSUB	        1164	Global	Relocatable 	
	LOGTTY	        1163	Global	Relocatable 		LOWLOC	        1147	Global	Relocatable 	
	LOWSUB	        1166	Global	Relocatable 		LS.AB	         571	Global	Relocatable 	
	LS.FR	         624	Global	Relocatable 		LS.LB	         560	Global	Relocatable 	
	LS.PT	         613	Global	Relocatable 		LS.UB	         602	Global	Relocatable 	
	LSYM	        1377	Global	Relocatable 		LW.S1	         456	Global	Relocatable Suppressed
	MAPCON	        1131	Global	Relocatable 		MAXCOR	        1117	Global	Relocatable 	
	MYPPN	         350	Global	Relocatable 		OFFSET	         140	Global	Relocatable 	
		LINK symbol map of	LINK	version 5A(2032)		page 2
LINK
	OKCPUS	         542	Global	Relocatable 		OPENBL	         705	Global	Relocatable 	
	PDP	         343	Global	Relocatable 		PH	        1345	Global	Relocatable 	
	PRMPTR	         522	Global	Relocatable 		PTHDIR	         353	Global	Relocatable 	
	RC.FRE	         373	Global	Relocatable 		RC.MAP	         365	Global	Relocatable 	
	RC.NO	         372	Global	Relocatable 		RC.NTB	         364	Global	Relocatable 	
	RC.TB	         363	Global	Relocatable 		RCBUF	         753	Global	Relocatable 	
	SAVEAC	        1234	Global	Relocatable 		SEVLVL	        1160	Global	Relocatable 	
	SG.TB	         366	Global	Relocatable 		SPACE	        1410	Global	Relocatable 	
	START	      526376	Global	Relocatable 		TIMEON	         141	Global	Relocatable 	
	TTYBUF	        1167	Global	Relocatable 		TTYSUB	        1165	Global	Relocatable 	
	USEPTR	         534	Global	Relocatable 		UUOTRA	         142	Global	Relocatable 	
	UW.S1	         467	Global	Relocatable Suppressed	VERLVL	        1161	Global	Relocatable 	
	ZCOR	         142	Global	Relocatable Suppressed	%LOW	         140	Global	Relocatable Suppressed
	.ERLFB	      526423	Global	Relocatable 		.ERLIN	      526431	Global	Relocatable 	
	.TEMP	         145	Global	Relocatable 	

		*************

LNKSCN	from DSK:LNKSCN.REL	created by MACRO on  1-Nov-83 at 17:08:34
	High segment starts at	526470 ends at	530337 length	  1650 (octal),   936. (decimal)

	E$$IST	      527032	Global	Relocatable 		E$$ITB	      530075	Global	Relocatable 	
	E$$SNL	      526501	Global	Relocatable 		F.ASCC	        1033	Global	Relocatable 	
	F.ASCI	        1032	Global	Relocatable 		F.ASCK	        1034	Global	Relocatable 	
	F.EDIT	        1031	Global	Relocatable 		F.INZR	        1026	Global	Relocatable 	
	F.NXZR	        1027	Global	Relocatable 		F.WLZR	        1030	Global	Relocatable 	
	GOTO	        1140	Global	Relocatable 		LNKSCN	      526470	Entry	Relocatable 	
	OSCANF	        1044	Global	Relocatable 		OVERLW	        1312	Global	Relocatable 	
	SWFLAG	        1041	Global	Relocatable 		.DPKSC	      530203	Global	Relocatable 	
	.DPKSW	      530202	Entry	Relocatable 		.ERIST	      530265	Global	Relocatable 	
	.ERITB	      530275	Global	Relocatable 		.ERSNL	      530253	Global	Relocatable 	
	.SWDPK	      530230	Entry	Relocatable 		.SWSXD	      530200	Entry	Relocatable 	
	.SWSYM	      530124	Entry	Relocatable 		.SWSYO	      530137	Entry	Relocatable 	
	.SWVER	      530240	Entry	Relocatable 		.SXDSC	      530142	Global	Relocatable 	
	.SXDSW	      530141	Entry	Relocatable 		.SYMSC	      530112	Global	Relocatable 	
	.SYMSW	      530111	Entry	Relocatable 		.SYOSC	      530127	Global	Relocatable 	
	.SYOSW	      530126	Entry	Relocatable 	

		*************

LNKOV1	from DSK:LNKOV1.REL	created by MACRO on  1-Nov-83 at 17:08:31
	High segment starts at	530340 ends at	534271 length	  3732 (octal),  2010. (decimal)

	ADDOVU	        1331	Global	Relocatable 		BG.AB	         573	Global	Relocatable 	
	BG.FR	         626	Global	Relocatable 		BG.LB	         562	Global	Relocatable 	
	BG.PT	         615	Global	Relocatable 		BG.SCH	        1323	Global	Relocatable 	
	BG.UB	         604	Global	Relocatable 		BRNADD	        1336	Global	Relocatable 	
	BRNDSK	        1322	Global	Relocatable 		BRNLEN	        1320	Global	Relocatable 	
	BRNMAX	        1330	Global	Relocatable 		BRNTBL	        1321	Global	Relocatable 	
	BSYM	        1407	Global	Relocatable 		CS	        1270	Global	Relocatable 	
	CS.RHS	      533573	Global	Relocatable 		E$$ELN	      532332	Global	Relocatable 	
	E$$EOV	      532512	Global	Relocatable 		E$$FSN	      533750	Global	Relocatable 	
	E$$LNA	      530565	Global	Relocatable 		E$$LNL	      533131	Global	Relocatable 	
	E$$LNN	      533124	Global	Relocatable 		E$$LSM	      534205	Global	Relocatable 	
		LINK symbol map of	LINK	version 5A(2032)		page 3
LNKOV1
	E$$MRN	      530642	Global	Relocatable 		E$$NBR	      533140	Global	Relocatable 	
	E$$OFS	      530467	Global	Relocatable 		E$$OHN	      533746	Global	Relocatable 	
	E$$RER	      530656	Global	Relocatable 		E$$TML	      530573	Global	Relocatable 	
	E01OSL	      530362	Global	Relocatable 		E01RER	      530702	Global	Relocatable 	
	ET	        1306	Global	Relocatable 		EXCPTR	         546	Global	Relocatable 	
	EXTCNT	        1324	Global	Relocatable 		FSTPTR	        1332	Global	Relocatable 	
	FX.LB	         561	Global	Relocatable 		FX.S1	         445	Global	Relocatable 	
	FX.S2	         446	Global	Relocatable 		FXC.SS	         453	Global	Relocatable 	
	GS.FSP	         662	Global	Relocatable 		GS.LNK	         651	Global	Relocatable 	
	HB.LS	         504	Global	Relocatable 		HB.S1	         500	Global	Relocatable Suppressed
	HC.LB	         555	Global	Relocatable 		HL.S1	         435	Global	Relocatable 	
	HL.S2	         436	Global	Relocatable 		INCPTR	         547	Global	Relocatable 	
	INTCNT	        1325	Global	Relocatable 		IO.CHR	        1043	Global	Relocatable 	
	L.MAX	        1315	Global	Relocatable 		LINKGO	      530724	Global	Relocatable 	
	LINKSE	        1341	Global	Relocatable 		LINKTB	        1220	Global	Relocatable 	
	LINKTO	      530732	Global	Relocatable 		LL.S2	         442	Global	Relocatable 	
	LNKNAM	        1273	Global	Relocatable 		LNKOV1	      530340	Entry	Relocatable 	
	LNKTBL	        1316	Global	Relocatable 		LNMPTR	        1334	Global	Relocatable 	
	LSTPTR	        1333	Global	Relocatable 		LSTSYM	         531	Global	Relocatable 	
	LW.LC	         456	Global	Relocatable 		LW.LS	         462	Global	Relocatable 	
	MNSEEN	         541	Global	Relocatable 		MNTYPE	         540	Global	Relocatable 	
	NAMLOC	         563	Global	Relocatable 		NAMPTR	         544	Global	Relocatable 	
	NOLIBS	        1144	Global	Relocatable 		NOSYMS	        1143	Global	Relocatable 	
	NULSPC	        1045	Global	Relocatable 		NXTGLB	         551	Global	Relocatable 	
	OV.S1	        1370	Global	Relocatable 		OV1.Z0	        1374	Global	Relocatable Suppressed
	OV1.ZE	        1410	Global	Relocatable Suppressed	OVINEX	        1340	Global	Relocatable 	
	OVLBLK	        1317	Global	Relocatable 		PAG.LC	         467	Global	Relocatable Suppressed
	PAG.LS	         473	Global	Relocatable Suppressed	PAG.RT	         472	Global	Relocatable Suppressed
	PAG.S1	         467	Global	Relocatable Suppressed	PATLOC	         402	Global	Relocatable 	
	PATSPC	        1406	Global	Relocatable 		PLOTSW	        1254	Global	Relocatable 	
	PLTTAB	        1255	Global	Relocatable Suppressed	PRGNAM	         525	Global	Relocatable 	
	PRGNO	        1405	Global	Relocatable 		PV.S1	        1372	Global	Relocatable 	
	RBGPTR	        1335	Global	Relocatable 		ROOTAB	         411	Global	Relocatable 	
	RT.AB	         570	Global	Relocatable 		RT.FR	         623	Global	Relocatable 	
	RT.FX	      533602	Global	Relocatable 		RT.FXC	      533641	Global	Relocatable 	
	RT.LB	         557	Global	Relocatable 		RT.PT	         612	Global	Relocatable 	
	RT.T2F	      533730	Global	Relocatable 		RT.T2L	      533711	Global	Relocatable 	
	RT.T2R	      533654	Global	Relocatable 		S.DEBG	        1040	Global	Relocatable 	
	S.INZR	        1036	Global	Relocatable 		S.LHFL	        1037	Global	Relocatable 	
	STADDR	        1400	Global	Relocatable 		SYMSEG	        1150	Global	Relocatable 	
	TAB.LB	         553	Global	Relocatable 		TRY.BG	      533415	Global	Relocatable 	
	USYM	        1375	Global	Relocatable 		UW.LC	         467	Global	Relocatable 	
	UW.LS	         473	Global	Relocatable 		VERNUM	         530	Global	Relocatable 	
	WRTDAT	        1344	Global	Relocatable 		%ARSIZ	      530576	Global	Relocatable 	
	%LINK	      530510	Global	Relocatable 		%NODE	      532515	Global	Relocatable 	
	%NOENT	      530600	Global	Relocatable 		%NOREQ	      530614	Global	Relocatable 	
	%OVERL	      530345	Global	Relocatable 		%OWN	        1217	Global	Relocatable 	
	%PLOT	      530630	Global	Relocatable 		%REGIO	      530641	Global	Relocatable 	
	%REQUE	      530647	Global	Relocatable 		%RESET	      532515	Global	Relocatable 	
	%SPACE	      530645	Global	Relocatable 		.ERELN	      534147	Global	Relocatable 	
	.EREOV	      534155	Global	Relocatable 		.ERFSN	      534263	Global	Relocatable 	
	.ERLNA	      533772	Global	Relocatable 		.ERLNL	      534231	Global	Relocatable 	
	.ERLNN	      534222	Global	Relocatable 		.ERLSM	      534164	Global	Relocatable 	
	.ERMRN	      534014	Global	Relocatable 		.ERNBR	      534240	Global	Relocatable 	
		LINK symbol map of	LINK	version 5A(2032)		page 4
LNKOV1
	.EROFS	      533754	Global	Relocatable 		.EROHN	      534254	Global	Relocatable 	
	.ERRER	      534026	Global	Relocatable 		.ERTML	      534005	Global	Relocatable 	
	.NOENT	      530601	Global	Relocatable 		.NOREQ	      530615	Global	Relocatable 	
	.OVERL	      530342	Global	Relocatable 		.REQUE	      530650	Global	Relocatable 	

		*************

LNKWLD	from DSK:LNKWLD.REL	created by MACRO on  1-Nov-83 at 17:08:35
	High segment starts at	534272 ends at	540615 length	  4324 (octal),  2260. (decimal)

	AS.LB	         556	Global	Relocatable 		COPYP1	      537147	Global	Relocatable 	
	CPUTGT	         346	Global	Relocatable 		DDEBUG	        1135	Global	Relocatable 	
	DDTMAP	        1136	Global	Relocatable 		DEBUGS	        1134	Global	Relocatable 	
	DTAFLG	        1225	Global	Relocatable 		E$$CLF	      537317	Global	Relocatable 	
	E$$DNA	      535330	Global	Relocatable 		E$$DNS	      537500	Global	Relocatable 	
	E$$DRC	      536315	Global	Relocatable 		E$$ESP	      540035	Global	Relocatable 	
	E$$IMA	      537137	Global	Relocatable 		E$$ISR	      540032	Global	Relocatable 	
	E$$LFC	      537241	Global	Relocatable 		E$$LFI	      537236	Global	Relocatable 	
	E$$LSS	      535364	Global	Relocatable 		E$$MSN	      540010	Global	Relocatable 	
	E$$MTB	      535635	Global	Relocatable 		E$$MTS	      535642	Global	Relocatable 	
	E$$NHN	      540027	Global	Relocatable 		E$$OPL	      536131	Global	Relocatable 	
	E$$OSL	      536574	Global	Relocatable 		E$$RLC	      535113	Global	Relocatable 	
	E$$SRB	      536417	Global	Relocatable 		E$$SSN	      540013	Global	Relocatable 	
	E$$TDS	      536002	Global	Relocatable 		E$$UGS	      536623	Global	Relocatable 	
	E$$USI	      540021	Global	Relocatable 		E$$USS	      536205	Global	Relocatable 	
	E$$VAL	      537013	Global	Relocatable 		E$$ZSV	      540016	Global	Relocatable 	
	E01LFC	      537307	Global	Relocatable 		E01LFI	      537304	Global	Relocatable 	
	E01LSS	      535405	Global	Relocatable 		ENTLEN	         407	Global	Relocatable 	
	EXCL.0	      535533	Global	Relocatable 		EXECSW	        1133	Global	Relocatable 	
	EXTFLG	         414	Global	Relocatable 		F.ASZR	        1035	Global	Relocatable 	
	FEST	         725	Global	Relocatable Suppressed	FILNUM	         524	Global	Relocatable 	
	FX.AB	         572	Global	Relocatable 		G.BFR	        1070	Global	Relocatable 	
	G.DIR	        1054	Global	Relocatable 		G.NAM	        1047	Global	Relocatable 	
	G.NAMM	        1050	Global	Relocatable 		G.SNC	        1071	Global	Relocatable 	
	HASHSZ	         517	Global	Relocatable 		LIBPRC	         537	Global	Relocatable 	
	LNKWLD	      534272	Entry	Relocatable 		LSTBLK	        1227	Global	Relocatable 	
	MAPSRT	        1155	Global	Relocatable 		MAPSW	        1132	Global	Relocatable 	
	MARKWP	         344	Global	Relocatable 		MISNG1	      535653	Global	Relocatable 	
	O.DEV	        1072	Global	Relocatable 		O.DIR	        1100	Global	Relocatable 	
	O.EXT	        1075	Global	Relocatable 		O.NAM	        1073	Global	Relocatable 	
	O.NAMM	        1074	Global	Relocatable 		OTSEG	        1153	Global	Relocatable 	
	PPTYPE	        1260	Global	Relocatable 		PRGPDV	         420	Global	Relocatable 	
	PVPNAM	         421	Global	Relocatable 		RC.SET	         374	Global	Relocatable 	
	RESTP1	      537162	Global	Relocatable 		RUNAME	        1123	Global	Relocatable 	
	RUNCOR	        1121	Global	Relocatable 		SSEXT	        1125	Global	Relocatable 	
	SSGNAM	        1151	Global	Relocatable 		SSNAME	        1124	Global	Relocatable 	
	STANAM	        1404	Global	Relocatable 		STRLSW	      534705	Global	Relocatable 	
	SYMFRM	        1142	Global	Relocatable 		SYMLIM	        1152	Global	Relocatable 	
	SYSLB1	      536671	Global	Relocatable 		UNDNXT	      536643	Global	Relocatable 	
	%DDEBU	      535343	Global	Relocatable 		%MAXNO	      537127	Global	Relocatable 	
	%PLTTY	      536043	Global	Relocatable 		.ERCLF	      540440	Global	Relocatable 	
	.ERDNA	      540113	Global	Relocatable 		.ERDNS	      540464	Global	Relocatable 	
	.ERDRC	      540255	Global	Relocatable 		.ERESP	      540605	Global	Relocatable 	
	.ERIMA	      540414	Global	Relocatable 		.ERISR	      540576	Global	Relocatable 	
		LINK symbol map of	LINK	version 5A(2032)		page 5
LNKWLD
	.ERLFC	      540432	Global	Relocatable 		.ERLFI	      540424	Global	Relocatable 	
	.ERLSS	      540121	Global	Relocatable 		.ERMSN	      540523	Global	Relocatable 	
	.ERMTB	      540146	Global	Relocatable 		.ERMTS	      540155	Global	Relocatable 	
	.ERNHN	      540566	Global	Relocatable 		.EROPL	      540225	Global	Relocatable 	
	.EROSL	      540324	Global	Relocatable 		.ERRLC	      540053	Global	Relocatable 	
	.ERSRB	      540303	Global	Relocatable 		.ERSSN	      540533	Global	Relocatable 	
	.ERTDS	      540215	Global	Relocatable 		.ERUGS	      540340	Global	Relocatable 	
	.ERUSI	      540554	Global	Relocatable 		.ERUSS	      540243	Global	Relocatable 	
	.ERVAL	      540365	Global	Relocatable 		.ERZSV	      540545	Global	Relocatable 	
	.ETUGS	      536625	Global	Relocatable 		.LIM0	      536476	Global	Relocatable 	
	.MAXNO	      537127	Global	Relocatable 		.SET0	      536264	Global	Relocatable 	
	.SETEX	      536426	Global	Relocatable 	

		*************

LNKFIO	from DSK:LNKFIO.REL	created by MACRO on  1-Nov-83 at 17:08:24
	High segment starts at	540616 ends at	542101 length	  1264 (octal),   692. (decimal)

	CHAN.J	        1004	Global	Relocatable 		DVBUF.	      540756	Global	Relocatable 	
	DVCEM.	      541547	Global	Relocatable 		DVCHK.	      540623	Global	Relocatable 	
	DVCHN.	      540616	Global	Relocatable 		DVCLS.	      541363	Global	Relocatable 	
	DVDEL.	      541500	Global	Relocatable 		DVDLF.	      541512	Global	Relocatable 	
	DVDPB.	      541751	Global	Relocatable 		DVENT.	      541241	Global	Relocatable 	
	DVGFO.	      541757	Global	Relocatable 		DVINP.	      541011	Global	Relocatable 	
	DVLKP.	      541041	Global	Relocatable 		DVNAM.	      541402	Global	Relocatable 	
	DVOPN.	      540641	Global	Relocatable 		DVOUT.	      541117	Global	Relocatable 	
	DVRET.	      540701	Global	Relocatable 		DVRLS.	      541326	Global	Relocatable 	
	DVRNF.	      541555	Global	Relocatable 		DVSUP.	      541622	Global	Relocatable 	
	DVTXT.	      541712	Global	Relocatable 		DVTXT1	      541714	Global	Relocatable 	
	DVUPD.	      541413	Global	Relocatable 		DVVRG.	      540717	Global	Relocatable 	
	DVZAP.	      540673	Global	Relocatable 		E$$IDM	      540636	Global	Relocatable 	
	E$$INS	      540621	Global	Relocatable 		E01FEE	      542003	Global	Relocatable 	
	E01FLE	      542007	Global	Relocatable 		E01NED	      541772	Global	Relocatable 	
	E01OFD	      541767	Global	Relocatable 		FEXT	         720	Global	Relocatable Suppressed
	FNAM	         717	Global	Relocatable Suppressed	LNKFIO	      540616	Entry	Relocatable 	
	LODNAM	         526	Global	Relocatable 		MCBUF	         750	Global	Relocatable 	
	MDSCN	         712	Global	Relocatable Suppressed	O.PROT	        1076	Global	Relocatable 	
	RFLEN	        1226	Global	Relocatable 		SFDARG	         734	Global	Relocatable 	
	SFDDIR	         736	Global	Relocatable Suppressed	UFDPPN	         716	Global	Relocatable Suppressed
	%RCBUF	         753	Global	Relocatable 		.ERIDM	      542022	Global	Relocatable 	
	.ERINS	      542013	Global	Relocatable 	

		*************

LNKLOD	from DSK:LNKLOD.REL	created by MACRO on  1-Nov-83 at 17:08:27
	High segment starts at	542102 ends at	550025 length	  5724 (octal),  3028. (decimal)

	ADCHK.	      542225	Global	Relocatable 		ALGCHK	      546043	Global	Relocatable 	
	ASFILE	         376	Global	Relocatable 		COERPT	         427	Global	Relocatable 	
	COR.FX	      542627	Global	Relocatable 		CT.BIT	      545243	Global	Relocatable 	
	CT.NAM	      545215	Global	Relocatable 		CURTYP	        1233	Global	Relocatable 	
	D.CNT	      546767	Global	Relocatable 		D.ERR	      546737	Global	Relocatable 	
	D.IN1	      546727	Global	Relocatable 		D.IN2	      546725	Global	Relocatable 	
	D.INP	      546733	Global	Relocatable 		D.READ	      546760	Global	Relocatable 	
		LINK symbol map of	LINK	version 5A(2032)		page 6
LNKLOD
	D.RED1	      546754	Global	Relocatable 		D.RED2	      546751	Global	Relocatable 	
	DC.JF	        1005	Global	Relocatable 		E$$AMM	      545175	Global	Relocatable 	
	E$$AMP	      546633	Global	Relocatable 		E$$ANM	      543015	Global	Relocatable 	
	E$$CM6	      545345	Global	Relocatable 		E$$CM7	      545350	Global	Relocatable 	
	E$$CMC	      545342	Global	Relocatable 		E$$CMF	      545317	Global	Relocatable 	
	E$$CMX	      545374	Global	Relocatable 		E$$DUZ	      543216	Global	Relocatable 	
	E$$FCF	      542636	Global	Relocatable 		E$$FOV	      545305	Global	Relocatable 	
	E$$FSI	      546550	Global	Relocatable 		E$$FTH	      543765	Global	Relocatable 	
	E$$IRB	      542167	Global	Relocatable 		E$$ISP	      543277	Global	Relocatable 	
	E$$IVC	      544076	Global	Relocatable 		E$$LDS	      542106	Global	Relocatable 	
	E$$LMM	      545164	Global	Relocatable 		E$$MDS	      544154	Global	Relocatable 	
	E$$MSR	      545362	Global	Relocatable 		E$$NEB	      547074	Global	Relocatable 	
	E$$NSM	      542132	Global	Relocatable 		E$$NVR	      545156	Global	Relocatable 	
	E$$PMA	      545172	Global	Relocatable 		E$$POV	      545777	Global	Relocatable 	
	E$$SIF	      543171	Global	Relocatable 		E$$SMP	      546651	Global	Relocatable 	
	E$$SNS	      545404	Global	Relocatable 		E$$TMM	      545167	Global	Relocatable 	
	E$$URV	      545161	Global	Relocatable 		E$$USA	      545604	Global	Relocatable 	
	E$$UUA	      545624	Global	Relocatable 		E$$WNA	      545153	Global	Relocatable 	
	E01EIF	      546741	Global	Relocatable 		E01FSI	      546607	Global	Relocatable 	
	E01UGS	      545701	Global	Relocatable 		EOF	      547046	Global	Relocatable 	
	EOF1	      547051	Global	Relocatable 		FS.SS	         447	Global	Relocatable 	
	FX.S0	         444	Global	Relocatable Suppressed	FXC.S0	         450	Global	Relocatable Suppressed
	FXSPTR	         454	Global	Relocatable 		FXT.S0	         450	Global	Relocatable 	
	GO	      545551	Global	Relocatable 		GS.FX0	      544421	Global	Relocatable 	
	HP.S1	         443	Global	Relocatable 		HP.S2	         444	Global	Relocatable 	
	INSRT	      543145	Global	Relocatable 		LIBPTR	         533	Global	Relocatable 	
	LIBRAR	      546147	Global	Relocatable 		LL.S0	         440	Global	Relocatable Suppressed
	LNKLOD	      542102	Entry	Relocatable 		LOAD	      542140	Global	Relocatable 	
	LOD37	        1215	Global	Relocatable 		LODFIX	      546014	Global	Relocatable 	
	LODTST	      542115	Global	Relocatable 		LS.ADD	      543037	Global	Relocatable 	
	LS.ADE	      543075	Global	Relocatable 		LW.AS	         460	Global	Relocatable 	
	LW.FX	         463	Global	Relocatable 		LW.S0	         455	Global	Relocatable Suppressed
	LW.S2	         457	Global	Relocatable Suppressed	MSYM	        1376	Global	Relocatable 	
	NOCMX	         412	Global	Relocatable 		NONZER	         413	Global	Relocatable 	
	OWNLNG	        1216	Global	Relocatable 		PAG.AS	         471	Global	Relocatable Suppressed
	PAG.FX	         474	Global	Relocatable Suppressed	PAG.S0	         466	Global	Relocatable Suppressed
	PASDFL	        1146	Global	Relocatable 		PG.HSG	      542267	Global	Relocatable 	
	PG.LSG	      542254	Global	Relocatable 		PRGPTR	         532	Global	Relocatable 	
	PROCSN	         536	Global	Relocatable 		RDSKP	      547024	Global	Relocatable 	
	RP.CHF	      544005	Global	Relocatable 		SEGCHK	      544367	Global	Relocatable 	
	SY.AD0	      543323	Global	Relocatable 		SY.AS0	      544171	Global	Relocatable 	
	SY.AST	      544246	Global	Relocatable 		SY.CHF	      543772	Global	Relocatable 	
	SY.CHK	      544344	Global	Relocatable 		SY.CHL	      543732	Global	Relocatable 	
	SY.CHP	      544012	Global	Relocatable 		SY.CHR	      543677	Global	Relocatable 	
	SY.FX0	      544447	Global	Relocatable 		SY.GS0	      543137	Global	Relocatable 	
	SY.GX0	      544443	Global	Relocatable 		SY.MDS	      544144	Global	Relocatable 	
	SY.MOV	      544266	Global	Relocatable 		SY.RET	      544363	Global	Relocatable 	
	SY.RF	      543173	Global	Relocatable 		SY.RLS	      544456	Global	Relocatable 	
	SY.STF	      543422	Global	Relocatable 		SY.TYP	      544475	Global	Relocatable 	
	SYMFLG	        1232	Global	Relocatable 		SYMLEN	         510	Global	Relocatable 	
	T.LOAD	      542135	Global	Relocatable 		T11BP	        1222	Global	Relocatable 	
	T11FA	        1221	Global	Relocatable 		T3HOLD	      545407	Global	Relocatable 	
	T5FIN	      545535	Global	Relocatable 		TAB.AB	         564	Global	Relocatable 	
	TAB.UB	         575	Global	Relocatable 		TSTSCT	      544055	Global	Relocatable 	
		LINK symbol map of	LINK	version 5A(2032)		page 7
LNKLOD
	UW.AS	         471	Global	Relocatable 		UW.S0	         466	Global	Relocatable Suppressed
	UW.S2	         470	Global	Relocatable Suppressed	XBUF	         756	Global	Relocatable 	
	Z.INEX	      542177	Global	Relocatable 		ZXBUF	      547115	Global	Relocatable 	
	.ERAMM	      547462	Global	Relocatable 		.ERAMP	      547733	Global	Relocatable 	
	.ERANM	      547207	Global	Relocatable 		.ERCM6	      547545	Global	Relocatable 	
	.ERCM7	      547557	Global	Relocatable 		.ERCMC	      547532	Global	Relocatable 	
	.ERCMF	      547522	Global	Relocatable 		.ERCMX	      547605	Global	Relocatable 	
	.ERDUZ	      547233	Global	Relocatable 		.ERFCF	      547174	Global	Relocatable 	
	.ERFOV	      547512	Global	Relocatable 		.ERFSI	      547710	Global	Relocatable 	
	.ERFTH	      547311	Global	Relocatable 		.ERIRB	      547136	Global	Relocatable 	
	.ERISP	      547253	Global	Relocatable 		.ERIVC	      547326	Global	Relocatable 	
	.ERLDS	      547121	Global	Relocatable 		.ERLMM	      547440	Global	Relocatable 	
	.ERMDS	      547340	Global	Relocatable 		.ERMSR	      547571	Global	Relocatable 	
	.ERNEB	      550021	Global	Relocatable 		.ERNSM	      547125	Global	Relocatable 	
	.ERNVR	      547423	Global	Relocatable 		.ERPCD	      547764	Global	Relocatable 	
	.ERPMC	      547453	Global	Relocatable 		.ERPOV	      547666	Global	Relocatable 	
	.ERSIF	      547215	Global	Relocatable 		.ERSMP	      547746	Global	Relocatable 	
	.ERSNS	      547624	Global	Relocatable 		.ERTMM	      547446	Global	Relocatable 	
	.ERURV	      547432	Global	Relocatable 		.ERUSA	      547634	Global	Relocatable 	
	.ERUUA	      547642	Global	Relocatable 		.ERWNA	      547414	Global	Relocatable 	

		*************

LNKHSH	from DSK:LNKHSH.REL	created by MACRO on  1-Nov-83 at 17:08:25
	High segment starts at	550026 ends at	550257 length	   232 (octal),   154. (decimal)

	E$$ESN	      550072	Global	Relocatable 		E$$ISN	      550222	Global	Relocatable 	
	E$$RGS	      550136	Global	Relocatable 		E02ESN	      550077	Global	Relocatable 	
	E03ESN	      550167	Global	Relocatable 		TRYSYM	      550026	Entry	Relocatable 	
	.ERESN	      550226	Global	Relocatable 		.ERISN	      550252	Global	Relocatable 	
	.ERRGS	      550236	Global	Relocatable 	

		*************

LNKOLD	from DSK:LNKOLD.REL	created by MACRO on  1-Nov-83 at 17:08:30
	High segment starts at	550260 ends at	557101 length	  6622 (octal),  3474. (decimal)

	BADCOR	         415	Global	Relocatable 		BLCOMM	        1214	Global	Relocatable 	
	CHKSEG	      556235	Global	Relocatable 		COMPDT	         424	Global	Relocatable 	
	CTYPE	         535	Global	Relocatable 		DESTB	      554443	Global	Relocatable 	
	E$$AIC	      553470	Global	Relocatable 		E$$CCD	      553246	Global	Relocatable 	
	E$$CPU	      553252	Global	Relocatable 		E$$DSC	      551027	Global	Relocatable 	
	E$$DSL	      550705	Global	Relocatable 		E$$HCL	      552067	Global	Relocatable 	
	E$$HSL	      552463	Global	Relocatable 		E$$ICB	      555022	Global	Relocatable 	
	E$$IPO	      554400	Global	Relocatable 		E$$IPX	      554046	Global	Relocatable 	
	E$$ISM	      554051	Global	Relocatable 		E$$JPB	      554040	Global	Relocatable 	
	E$$LII	      555044	Global	Relocatable 		E$$LMN	      553206	Global	Relocatable 	
	E$$MPT	      555630	Global	Relocatable 		E$$NAP	      554054	Global	Relocatable 	
	E$$NSO	      554007	Global	Relocatable 		E$$PBI	      553146	Global	Relocatable 	
	E$$PEL	      550770	Global	Relocatable 		E$$PTL	      551002	Global	Relocatable 	
	E$$RBS	      556245	Global	Relocatable 		E$$SNC	      555344	Global	Relocatable 	
	E$$SRP	      556231	Global	Relocatable 		E$$T13	      555027	Global	Relocatable 	
	E$$UAR	      555671	Global	Relocatable 		E$$UNS	      556071	Global	Relocatable 	
	E$$URC	      551153	Global	Relocatable 		E01AIC	      555337	Global	Relocatable 	
		LINK symbol map of	LINK	version 5A(2032)		page 8
LNKOLD
	E01CNW	      551042	Global	Relocatable 		E01DSL	      550715	Global	Relocatable 	
	E01ESN	      551630	Global	Relocatable 		E01IPO	      554700	Global	Relocatable 	
	E01IPX	      555633	Global	Relocatable 		E01PBI	      553155	Global	Relocatable 	
	E01SFU	      552140	Global	Relocatable 		E02CNW	      552056	Global	Relocatable 	
	E02EIF	      556012	Global	Relocatable 		E02LMN	      556027	Global	Relocatable 	
	E02SFU	      553143	Global	Relocatable 		ENTPTR	         550	Global	Relocatable 	
	EXCCHK	      553375	Global	Relocatable 		FBHPTR	         545	Global	Relocatable 	
	FCRE	         721	Global	Relocatable Suppressed	HC.AB	         566	Global	Relocatable 	
	HC.S1	         432	Global	Relocatable 		HC.S2	         433	Global	Relocatable 	
	HC.UB	         577	Global	Relocatable 		INCCHK	      553343	Global	Relocatable 	
	LC.FR	         620	Global	Relocatable 		LNKOLD	      550340	Entry	Relocatable 	
	LSTLRV	         410	Global	Relocatable 		LSTRRV	         403	Global	Relocatable 	
	MODTYP	         417	Global	Relocatable 		OPTAB	      554466	Global	Relocatable 	
	PAG.S2	         470	Global	Relocatable Suppressed	POLLEN	         514	Global	Relocatable 	
	POLSTK	         513	Global	Relocatable 		R.CUR	      556204	Global	Relocatable 	
	R.ERR	      556230	Global	Relocatable 		R50T6	      551213	Global	Relocatable 	
	RB.1	      556105	Global	Relocatable 		RB.2	      556076	Global	Relocatable 	
	RC.CUR	         362	Global	Relocatable 		SET.ST	      553616	Global	Relocatable 	
	SETRC	      552317	Global	Relocatable 		SLOT2	         371	Global	Relocatable 	
	SO.S2	         440	Global	Relocatable 		SVSAT	        1223	Global	Relocatable 	
	SY.AS	      551566	Global	Relocatable 		SY.BH	      551360	Global	Relocatable 	
	SY.DGL	      551412	Global	Relocatable 		SY.DGR	      551417	Global	Relocatable 	
	SY.GS	      551323	Global	Relocatable 		SY.LS	      551353	Global	Relocatable 	
	SY.QS	      551714	Global	Relocatable 		SY.RA	      552017	Global	Relocatable 	
	SY.RQ	      551530	Global	Relocatable 		SY.RQ2	      551672	Global	Relocatable 	
	SY.RU1	      551774	Global	Relocatable 		SY.RU3	      551770	Global	Relocatable 	
	SY.RUH	      552056	Global	Relocatable 		T.11EV	      554277	Global	Relocatable 	
	T.14B	      555070	Global	Relocatable 		T.1AD	      550446	Global	Relocatable 	
	T.1DP	      550726	Global	Relocatable 		T.1OVE	      550702	Global	Relocatable 	
	T.1S6	      551012	Global	Relocatable 		T.2STB	      551162	Global	Relocatable 	
	T.2TAB	      551133	Global	Relocatable 		T.5ENT	      552764	Global	Relocatable 	
	T.5F40	      552606	Global	Relocatable 		T.774	      555700	Global	Relocatable Suppressed
	T.775	      555700	Global	Relocatable Suppressed	T.776	      555700	Global	Relocatable 	
	T.COMM	      555314	Global	Relocatable 		T.COMR	      555307	Global	Relocatable 	
	T.RQST	      555242	Global	Relocatable 		T11SYF	      554710	Global	Relocatable 	
	T11SYL	      554706	Global	Relocatable 		T11SYR	      554704	Global	Relocatable 	
	TOOBIG	      550760	Global	Relocatable 		TTLREL	      553500	Global	Relocatable 	
	TTLRLC	      553526	Global	Relocatable 		.ERAIC	      556532	Global	Relocatable 	
	.ERCCD	      556467	Global	Relocatable 		.ERCPU	      556473	Global	Relocatable 	
	.ERDSC	      556312	Global	Relocatable 		.ERDSL	      556257	Global	Relocatable 	
	.ERHCL	      556350	Global	Relocatable 		.ERHSL	      556371	Global	Relocatable 	
	.ERICB	      556703	Global	Relocatable 		.ERIPO	      556671	Global	Relocatable 	
	.ERIPX	      556614	Global	Relocatable 		.ERISM	      556621	Global	Relocatable 	
	.ERJPB	      556605	Global	Relocatable 		.ERLII	      556730	Global	Relocatable 	
	.ERLMN	      556455	Global	Relocatable 		.ERMPT	      556775	Global	Relocatable 	
	.ERNAP	      556637	Global	Relocatable 		.ERNSO	      556570	Global	Relocatable 	
	.ERPBI	      556445	Global	Relocatable 		.ERPEL	      556274	Global	Relocatable 	
	.ERPTL	      556304	Global	Relocatable 		.ERRBS	      557072	Global	Relocatable 	
	.ERSNC	      556746	Global	Relocatable 		.ERSRP	      557057	Global	Relocatable 	
	.ERT13	      556716	Global	Relocatable 		.ERUAR	      557012	Global	Relocatable 	
	.ERUNS	      557031	Global	Relocatable 		.ERURC	      556322	Global	Relocatable 	

		*************

		LINK symbol map of	LINK	version 5A(2032)		page 9


LNKNEW	from DSK:LNKNEW.REL	created by MACRO on  1-Nov-83 at 17:20:19
	High segment starts at	557102 ends at	563316 length	  4215 (octal),  2189. (decimal)

	AS.FR	         622	Global	Relocatable 		AS.PT	         611	Global	Relocatable 	
	ASCRET	      562273	Global	Relocatable 		ASYM	         377	Global	Relocatable 	
	D.GET1	      562420	Global	Relocatable 		D.REL1	      562375	Global	Relocatable 	
	D.REL2	      562372	Global	Relocatable 		D.TRIP	      562360	Global	Relocatable 	
	E$$IRC	      562415	Global	Relocatable 		E$$IRR	      560410	Global	Relocatable 	
	E$$PEF	      562427	Global	Relocatable 		E$$UCB	      560517	Global	Relocatable 	
	E01LMN	      557711	Global	Relocatable 		LNKASC	      562226	Global	Relocatable 	
	LNKNEW	      557162	Entry	Relocatable 		NORBYT	         430	Global	Relocatable 	
	REL.1	      562433	Global	Relocatable 		RELSIZ	         375	Global	Relocatable 	
	SAVCOD	        1230	Global	Relocatable 		STDATA	      562726	Global	Relocatable 	
	T.1010	      560144	Global	Relocatable 		T.1011	      560150	Global	Relocatable 	
	T.1012	      560154	Global	Relocatable 		T.1013	      560160	Global	Relocatable 	
	T.1014	      560164	Global	Relocatable 		T.1020	      560170	Global	Relocatable 	
	T.1021	      560174	Global	Relocatable 		T.1022	      560200	Global	Relocatable 	
	T.1023	      560204	Global	Relocatable 		T.1030	      560210	Global	Relocatable 	
	T.1031	      560214	Global	Relocatable 		T.1032	      560220	Global	Relocatable 	
	T.1033	      560224	Global	Relocatable 		T.1034	      560230	Global	Relocatable 	
	T.1045	      560445	Global	Relocatable 		T.1100	      562545	Global	Relocatable 	
	T.1101	      562554	Global	Relocatable 		T.1102	      562563	Global	Relocatable 	
	T.1103	      562572	Global	Relocatable 		T.1104	      562601	Global	Relocatable 	
	T.1120	      562613	Global	Relocatable 		T.1121	      562623	Global	Relocatable 	
	T.1122	      562633	Global	Relocatable 		T.1123	      562643	Global	Relocatable 	
	T.1124	      562653	Global	Relocatable 		T.1130	      562723	Global	Relocatable 	
	T.11XX	      562510	Global	Relocatable 		T1004U	      560131	Global	Relocatable 	
	TTLADR	         552	Global	Relocatable 		WRTPTR	      560524	Global	Relocatable 	
	.ERIRC	      563242	Global	Relocatable 		.ERIRR	      563034	Global	Relocatable 	
	.ERISO	      563212	Global	Relocatable 		.ERPEF	      563251	Global	Relocatable 	
	.ERPSF	      563227	Global	Relocatable 		.ERUCB	      563051	Global	Relocatable 	
	.ERUSB	      562771	Global	Relocatable 	

		*************

LNKCST	from DSK:LNKCST.REL	created by MACRO on  1-Nov-83 at 17:08:21
	High segment starts at	563317 ends at	563353 length	    35 (octal),    29. (decimal)

	LNKCST	      563322	Entry	Relocatable 	

		*************

LNKCOR	from DSK:LNKCOR.REL	created by MACRO on  1-Nov-83 at 17:08:20
	High segment starts at	563354 ends at	567444 length	  4071 (octal),  2105. (decimal)

	AS.AB	         567	Global	Relocatable 		AS.DMP	      566274	Global	Relocatable 	
	AS.GBC	      564572	Global	Relocatable 		AS.GET	      564235	Global	Relocatable 	
	AS.IN	      566064	Global	Relocatable 		AS.OUT	      565631	Global	Relocatable 	
	AS.REM	      565015	Global	Relocatable 		AS.RET	      564470	Global	Relocatable 	
	AS.TST	      564744	Global	Relocatable 		BG.GBC	      564606	Global	Relocatable 	
	BG.GET	      564253	Global	Relocatable 		BG.REM	      565031	Global	Relocatable 	
	BG.RET	      564504	Global	Relocatable 		BG.TST	      564760	Global	Relocatable 	
	COREFL	         543	Global	Relocatable 		CORFUL	         523	Global	Relocatable 	
		LINK symbol map of	LINK	version 5A(2032)		page 10
LNKCOR
	CRTFRK	      567072	Global	Relocatable 		CRTMP1	         404	Global	Relocatable 	
	CRTMP2	         405	Global	Relocatable 		CRTMP3	         406	Global	Relocatable 	
	DY.GBC	      564561	Global	Relocatable 		DY.GET	      564222	Global	Relocatable 	
	DY.REM	      565002	Global	Relocatable 		DY.RET	      564455	Global	Relocatable 	
	DY.TST	      564727	Global	Relocatable 		E$$AZW	      564262	Global	Relocatable 	
	E$$CRS	      566167	Global	Relocatable 		E$$EAS	      566234	Global	Relocatable 	
	E$$EHC	      566214	Global	Relocatable 		E$$ELC	      566204	Global	Relocatable 	
	E$$ELS	      566224	Global	Relocatable 		E$$IAS	      566067	Global	Relocatable 	
	E$$IHC	      566036	Global	Relocatable 		E$$ILC	      566024	Global	Relocatable 	
	E$$ILS	      566055	Global	Relocatable 		E$$MEF	      563443	Global	Relocatable 	
	E$$MOV	      563451	Global	Relocatable 		E$$MSS	      565315	Global	Relocatable 	
	E$$OAS	      565634	Global	Relocatable 		E$$OHC	      565603	Global	Relocatable 	
	E$$OLC	      565571	Global	Relocatable 		E$$OLS	      565622	Global	Relocatable 	
	E$$PAS	      566164	Global	Relocatable 		E$$PHC	      566156	Global	Relocatable 	
	E$$PLC	      566153	Global	Relocatable 		E$$PLS	      566161	Global	Relocatable 	
	E$$RUM	      564551	Global	Relocatable 		E$$SFU	      567066	Global	Relocatable 	
	EXPNG	      565514	Global	Relocatable 		FR.CNT	      564173	Global	Relocatable 	
	FX.GBC	      564603	Global	Relocatable 		FX.GET	      564246	Global	Relocatable 	
	FX.REM	      565026	Global	Relocatable 		FX.RET	      564501	Global	Relocatable 	
	FX.TST	      564755	Global	Relocatable 		GBCK.L	      565076	Global	Relocatable 	
	GS.GBC	      564611	Global	Relocatable 		GS.GET	      564256	Global	Relocatable 	
	GS.REM	      565034	Global	Relocatable 		GS.RET	      564507	Global	Relocatable 	
	GS.TST	      564763	Global	Relocatable 		HC.DMP	      566371	Global	Relocatable 	
	HC.GBC	      564567	Global	Relocatable 		HC.GET	      564232	Global	Relocatable 	
	HC.IN	      566033	Global	Relocatable 		HC.JF	        1012	Global	Relocatable 	
	HC.OUT	      565600	Global	Relocatable 		HC.REM	      565012	Global	Relocatable 	
	HC.RET	      564465	Global	Relocatable 		HC.TST	      564741	Global	Relocatable 	
	LA.DMP	      566320	Global	Relocatable 		LC.DMP	      566366	Global	Relocatable 	
	LC.GBC	      564564	Global	Relocatable 		LC.GET	      564227	Global	Relocatable 	
	LC.IN	      566021	Global	Relocatable 		LC.JF	        1011	Global	Relocatable 	
	LC.OUT	      565566	Global	Relocatable 		LC.REM	      565007	Global	Relocatable 	
	LC.RET	      564462	Global	Relocatable 		LC.TST	      564736	Global	Relocatable 	
	LNKCOR	      563354	Entry	Relocatable 		LS.DMP	      566244	Global	Relocatable 	
	LS.FXR	      566554	Global	Relocatable 		LS.GBC	      564600	Global	Relocatable 	
	LS.GET	      564243	Global	Relocatable 		LS.IN	      566045	Global	Relocatable 	
	LS.OUT	      565612	Global	Relocatable 		LS.PP	         670	Global	Relocatable 	
	LS.REM	      565023	Global	Relocatable 		LS.RET	      564476	Global	Relocatable 	
	LS.TST	      564752	Global	Relocatable 		POPOFS	         401	Global	Relocatable 	
	RT.GBC	      564575	Global	Relocatable 		RT.GET	      564240	Global	Relocatable 	
	RT.REM	      565020	Global	Relocatable 		RT.RET	      564473	Global	Relocatable 	
	RT.TST	      564747	Global	Relocatable 		TAB.FR	         617	Global	Relocatable 	
	TAB.HB	         477	Global	Relocatable 		TAB.LW	         455	Global	Relocatable 	
	TAB.NB	         630	Global	Relocatable 		TAB.PG	         466	Global	Relocatable Suppressed
	TAB.PT	         606	Global	Relocatable 		TAB.UW	         466	Global	Relocatable 	
	TAB.ZE	         674	Global	Relocatable 		TB.FSP	         652	Global	Relocatable 	
	TB.IN	      566076	Global	Relocatable 		TB.JFD	      563623	Global	Relocatable 	
	TB.LNK	         641	Global	Relocatable 		TB.OUT	      566107	Global	Relocatable 	
	XX.INI	      564363	Global	Relocatable 		XX.ZAP	      565040	Global	Relocatable 	
	.ERAZW	      567164	Global	Relocatable 		.ERCRS	      567357	Global	Relocatable 	
	.EREAS	      567417	Global	Relocatable 		.EREHC	      567375	Global	Relocatable 	
	.ERELC	      567364	Global	Relocatable 		.ERELS	      567406	Global	Relocatable 	
	.ERIAS	      567315	Global	Relocatable 		.ERIHC	      567301	Global	Relocatable 	
	.ERILC	      567270	Global	Relocatable 		.ERILS	      567307	Global	Relocatable 	
	.ERMEF	      567126	Global	Relocatable 		.ERMOV	      567135	Global	Relocatable 	
		LINK symbol map of	LINK	version 5A(2032)		page 11
LNKCOR
	.ERMSS	      567206	Global	Relocatable 		.EROAS	      567255	Global	Relocatable 	
	.EROHC	      567241	Global	Relocatable 		.EROLC	      567231	Global	Relocatable 	
	.EROLS	      567247	Global	Relocatable 		.ERPAS	      567350	Global	Relocatable 	
	.ERPHC	      567332	Global	Relocatable 		.ERPLC	      567323	Global	Relocatable 	
	.ERPLS	      567341	Global	Relocatable 		.ERRUM	      567173	Global	Relocatable 	
	.ERSFU	      567437	Global	Relocatable 		.GBCSP	      564614	Global	Relocatable 	
	.GETSP	      564261	Global	Relocatable 		.REMSP	      565037	Entry	Relocatable 	
	.RETSP	      564512	Global	Relocatable 		.TSTSP	      564766	Entry	Relocatable 	

		*************

LNKERR	from DSK:LNKERR.REL	created by MACRO on  1-Nov-83 at 17:08:24
	High segment starts at	567445 ends at	611771 length	 22325 (octal),  9429. (decimal)

	ERRCOD	        1162	Global	Relocatable 		LNKERR	      567445	Entry	Relocatable 	
	TABCHR	         416	Global	Relocatable 		.RPOPJ	      567557	Global	Relocatable 	

		*************

LNKLOG	from DSK:LNKLOG.REL	created by MACRO on  1-Nov-83 at 17:08:27
	High segment starts at	611772 ends at	613672 length	  1701 (octal),   961. (decimal)

	ER.FIN	      612036	Global	Relocatable 		ERCHAN	        1212	Global	Relocatable 	
	LNKLOG	      612016	Entry	Relocatable 		LOGOUT	      612735	Global	Relocatable 	
	PRTMSG	        1213	Global	Relocatable 		RTNPC	        1211	Global	Relocatable 	
	TTYCHK	      612714	Global	Relocatable 		TTYOUT	      612727	Global	Relocatable 	
	%%UUO	      612015	Global	Relocatable 		.ERCNW	      613070	Global	Relocatable 	
	.EREIF	      613062	Global	Relocatable 		.ERFEE	      613026	Global	Relocatable 	
	.ERFLE	      613032	Global	Relocatable 		.ERFRE	      613036	Global	Relocatable 	
	.ERGSE	      613042	Global	Relocatable 		.ERNED	      613046	Global	Relocatable 	
	.EROFD	      613054	Global	Relocatable 		.ETDON	      613201	Global	Relocatable 	
	.ETIMF	      613143	Global	Relocatable 		.ETLNN	      613163	Global	Relocatable 	
	.ETNMF	      613153	Global	Relocatable 		.ETSAV	      613172	Global	Relocatable 	
	.TEBLK	      612766	Global	Relocatable 	

		*************

LNKMAP	from DSK:LNKMAP.REL	created by MACRO on  1-Nov-83 at 17:08:29
	High segment starts at	613673 ends at	617274 length	  3402 (octal),  1794. (decimal)

	E$$EMS	      616542	Global	Relocatable 		E$$MPS	      613674	Global	Relocatable 	
	E$$OEM	      615624	Global	Relocatable 		E$$TTF	      615372	Global	Relocatable 	
	LL.S1	         441	Global	Relocatable 		LNKMAP	      613673	Entry	Relocatable 	
	LNKNO.	        1327	Global	Relocatable 		OV.S2	        1371	Global	Relocatable 	
	PV.S2	        1373	Global	Relocatable 		.EREMS	      617261	Global	Relocatable 	
	.ERMPS	      616614	Global	Relocatable 		.EROEM	      617104	Global	Relocatable 	
	.ERTTF	      617061	Global	Relocatable 	

		*************

LNKOV2	from DSK:LNKOV2.REL	created by MACRO on  1-Nov-83 at 17:08:31
	High segment starts at	617275 ends at	621437 length	  2143 (octal),  1123. (decimal)

	DI	        1261	Global	Relocatable 		E$$ABT	      620713	Global	Relocatable 	
		LINK symbol map of	LINK	version 5A(2032)		page 12
LNKOV2
	E$$ARL	      620141	Global	Relocatable 		E$$OS2	      617276	Global	Relocatable 	
	E$$SNP	      617765	Global	Relocatable 		E$$TMA	      620350	Global	Relocatable 	
	E$$USC	      617752	Global	Relocatable 		INPH	      621227	Global	Relocatable 	
	LNKOV2	      617275	Entry	Relocatable 		OVLOFF	        1337	Global	Relocatable 	
	RDCST	      621124	Global	Relocatable 		TMAMAX	        1343	Global	Relocatable 	
	.ERABT	      621417	Global	Relocatable 		.ERARL	      621365	Global	Relocatable 	
	.EROS2	      621303	Global	Relocatable 		.ERSNP	      621337	Global	Relocatable 	
	.ERTMA	      621403	Global	Relocatable 		.ERUSC	      621326	Global	Relocatable 	

		*************

LNKOVS	from DSK:LNKOVS.REL	created by MACRO on  1-Nov-83 at 17:08:32
	High segment starts at	621440 ends at	621642 length	   203 (octal),   131. (decimal)

	E$$IOV	      621601	Global	Relocatable 		E$$LNM	      621607	Global	Relocatable 	
	E$$OOV	      621604	Global	Relocatable 		PHIOWD	      621577	Global	Relocatable 	
	RT.INC	      621565	Global	Relocatable 		RT.P2	      621520	Global	Relocatable 	
	RT.P3	      621533	Global	Relocatable 		TR.WLK	      621440	Entry	Relocatable 	
	.ERIOV	      621616	Global	Relocatable 		.ERLNM	      621634	Global	Relocatable 	
	.EROOV	      621625	Global	Relocatable 	

		*************

LNKXIT	from DSK:LNKXIT.REL	created by MACRO on  1-Nov-83 at 17:21:44
	High segment starts at	621643 ends at	630050 length	  6206 (octal),  3206. (decimal)

	DVMOV.	      626305	Global	Relocatable 		E$$CSF	      624400	Global	Relocatable 	
	E$$DEB	      626300	Global	Relocatable 		E$$DLT	      626136	Global	Relocatable 	
	E$$ECE	      625030	Global	Relocatable 		E$$ELF	      626250	Global	Relocatable 	
	E$$EOE	      626005	Global	Relocatable 		E$$EOI	      626434	Global	Relocatable 	
	E$$EOO	      626431	Global	Relocatable 		E$$EXS	      621644	Global	Relocatable 	
	E$$FIN	      626242	Global	Relocatable 		E$$GFE	      626217	Global	Relocatable 	
	E$$ISS	      623352	Global	Relocatable 		E$$NPD	      622066	Global	Relocatable 	
	E$$NPP	      622136	Global	Relocatable 		E$$NPS	      622472	Global	Relocatable 	
	E$$NSA	      626131	Global	Relocatable 		E$$OES	      623516	Global	Relocatable 	
	E$$OEX	      624525	Global	Relocatable 		E$$PCL	      624371	Global	Relocatable 	
	E$$PCX	      624374	Global	Relocatable 		E$$RME	         214	Global	Relocatable 	
	E$$SST	      622312	Global	Relocatable 		E$$STC	      622362	Global	Relocatable 	
	E$$XCT	      626273	Global	Relocatable 		E01DEB	         155	Global	Relocatable 	
	E01DLT	      627010	Global	Relocatable 		E01FRE	      626060	Global	Relocatable 	
	E01NSA	      626672	Global	Relocatable 		E01OES	      623636	Global	Relocatable 	
	E01RME	         217	Global	Relocatable 		E01XCT	         155	Global	Relocatable 	
	E02FRE	      626264	Global	Relocatable 		E03CNW	      623224	Global	Relocatable 	
	E03FRE	      626321	Global	Relocatable 		ENDCMP	      626015	Global	Relocatable 	
	ENDSAV	      626063	Global	Relocatable 		EXEBLK	        1126	Global	Relocatable 	
	EXEDIR	        1127	Global	Relocatable 		LNKXIT	      621643	Entry	Relocatable 	
	LSLOOP	      623015	Global	Relocatable 		LSOVX	      622756	Global	Relocatable 	
	PDVADR	         425	Global	Relocatable 		PVPLIM	         423	Global	Relocatable 	
	PVPSEG	         422	Global	Relocatable 		THSTRT	        1402	Global	Relocatable 	
	.ERCFS	      627315	Global	Relocatable 		.ERCSF	      627546	Global	Relocatable 	
	.ERDEB	      627721	Global	Relocatable 		.ERDLT	      627666	Global	Relocatable 	
	.ERECE	      627605	Global	Relocatable 		.ERELF	      627711	Global	Relocatable 	
	.EREOE	      627631	Global	Relocatable 		.EREOI	      627735	Global	Relocatable 	
	.EREOO	      627730	Global	Relocatable 		.EREXS	      627311	Global	Relocatable 	
		LINK symbol map of	LINK	version 5A(2032)		page 13
LNKXIT
	.ERFIN	      627705	Global	Relocatable 		.ERGFE	      627676	Global	Relocatable 	
	.ERISS	      627433	Global	Relocatable 		.ERNPD	      627327	Global	Relocatable 	
	.ERNPP	      627342	Global	Relocatable 		.ERNPS	      627377	Global	Relocatable 	
	.ERNSA	      627661	Global	Relocatable 		.EROES	      627457	Global	Relocatable 	
	.EROEX	      627554	Global	Relocatable 		.ERPCL	      627516	Global	Relocatable 	
	.ERPCX	      627530	Global	Relocatable 		.ERSST	      627363	Global	Relocatable 	
	.ERSTC	      627371	Global	Relocatable 		.ERXCT	      627717	Global	Relocatable 	

		*************

LNKPLT	from DSK:LNKPLT.REL	created by MACRO on  1-Nov-83 at 17:08:33
	High segment starts at	630051 ends at	630331 length	   261 (octal),   177. (decimal)

	E$$POT	      630060	Global	Relocatable 		GETSON	      630225	Entry	Relocatable 	
	INCHES	        1255	Global	Relocatable 		LEAVES	        1256	Global	Relocatable 	
	LNKPLT	      630057	Entry	Relocatable 		STEPS	        1257	Global	Relocatable 	
	.ERPOT	      630315	Global	Relocatable 		.TEMP2	         225	Global	Relocatable 	

		*************

LNKPRM	from DSK:LNKSUB.REL	created by MACRO on  1-Nov-83 at 17:08:35
	High segment starts at	630332 ends at	630407 length	    56 (octal),    46. (decimal)

	E$$HTL	      630345	Global	Relocatable 		NPRIME	      630332	Entry	Relocatable 	
	.ERHTL	      630401	Global	Relocatable 	

		*************

.TSUBS	from DSK:LNKSUB.REL	created by MACRO on  1-Nov-83 at 17:08:35
	High segment starts at	630410 ends at	630477 length	    70 (octal),    56. (decimal)

	.T6OCT	      630425	Entry	Relocatable 		.T6ZOC	      630437	Entry	Relocatable 	
	.TDEP	      630452	Entry	Relocatable 		.TFOCT	      630410	Entry	Relocatable 	
	.TOEP	      630461	Entry	Relocatable 		.TSIXB	      630470	Entry	Relocatable 	

		*************

LNK400	from DSK:LNKSUB.REL	created by MACRO on  1-Nov-83 at 17:08:35
	High segment starts at	630500 ends at	630515 length	    16 (octal),    14. (decimal)

	E$$OFN	      630502	Global	Relocatable 		LNKF40	      630500	Entry	Relocatable 	
	T.400	      630500	Global	Relocatable 		T.401	      630500	Global	Relocatable 	
	.EROFN	      630505	Global	Relocatable 	

		*************

PLTO..	from DSK:PLTDCL.REL	created by MACRO on  1-Nov-83 at 17:08:37
	High segment starts at	630516 ends at	632006 length	  1271 (octal),   697. (decimal)

	PLTO.C	      631761	Global	Relocatable 		PLTO.F	      631662	Global	Relocatable 	
	PLTO.G	         140	Global	Relocatable 		PLTO.L	      631761	Global	Relocatable 	
	PLTO.O	         140	Global	Relocatable 		PLTO.P	      631761	Global	Relocatable 	

		*************
		LINK symbol map of	LINK	version 5A(2032)		page 14


PLTUTL	from DSK:PLTUTL.REL	created by MACRO on  1-Nov-83 at 17:08:41
	High segment starts at	632007 ends at	632625 length	   617 (octal),   399. (decimal)

	PLTINI	      632040	Entry	Relocatable 		PLTLIN	      632444	Entry	Relocatable 	
	PLTORI	      632007	Entry	Relocatable 		PLTPOL	      632054	Entry	Relocatable 	

		*************

PLTGLB	from DSK:PLTGLB.REL	created by MACRO on  1-Nov-83 at 17:08:38
	High segment starts at	632626 ends at	632643 length	    16 (octal),    14. (decimal)

	CEXIT.	      632626	Global	Relocatable 		FORER.	      632641	Global	Relocatable 	
	RAX$	      632634	Global	Relocatable 	

		*************

FORMSC	from DSK:PLTMTH.REL	created by MACRO on  1-Nov-83 at 17:08:39

	Zero length module

		*************

FLOAT	from DSK:PLTMTH.REL	created by MACRO on  1-Nov-83 at 17:08:39

	Zero length module

		*************

FLOAT.	from DSK:PLTMTH.REL	created by MACRO on  1-Nov-83 at 17:08:39
	High segment starts at	632644 ends at	632646 length	     3 (octal),     3. (decimal)

	FLOAT.	      632645	Entry	Relocatable 	

		*************

IFIX	from DSK:PLTMTH.REL	created by MACRO on  1-Nov-83 at 17:08:39

	Zero length module

		*************

INT	from DSK:PLTMTH.REL	created by MACRO on  1-Nov-83 at 17:08:39

	Zero length module

		*************

IFIX.	from DSK:PLTMTH.REL	created by MACRO on  1-Nov-83 at 17:08:39
	High segment starts at	632647 ends at	632653 length	     5 (octal),     5. (decimal)

	IFIX.	      632652	Entry	Relocatable 		INT.	      632650	Entry	Relocatable 	

		*************
		LINK symbol map of	LINK	version 5A(2032)		page 15


FLT.0	from DSK:PLTMTH.REL	created by MACRO on  1-Nov-83 at 17:08:39
	High segment starts at	632654 ends at	632664 length	    11 (octal),     9. (decimal)

	FLT.0	      632655	Entry	Relocatable 	

		*************

FLT.14	from DSK:PLTMTH.REL	created by MACRO on  1-Nov-83 at 17:08:39
	High segment starts at	632665 ends at	632675 length	    11 (octal),     9. (decimal)

	FLT.14	      632666	Entry	Relocatable 	

		*************

IFX.0	from DSK:PLTMTH.REL	created by MACRO on  1-Nov-83 at 17:08:39
	High segment starts at	632676 ends at	632707 length	    12 (octal),    10. (decimal)

	IFX.0	      632677	Entry	Relocatable 	

		*************

EXP2	from DSK:PLTMTH.REL	created by MACRO on  1-Nov-83 at 17:08:39
	High segment starts at	632710 ends at	633060 length	   151 (octal),   105. (decimal)

	EXP2.	      632711	Entry	Relocatable 		EXP2..	      632737	Entry	Relocatable 	
	EXP2.0	      632737	Entry	Relocatable 		EXP2.2	      632731	Entry	Relocatable 	
	EXP2.4	      632723	Entry	Relocatable 		EXP2.6	      632715	Entry	Relocatable 	

		*************

EXP	from DSK:PLTMTH.REL	created by MACRO on  1-Nov-83 at 17:08:39

	Zero length module

		*************

EXP.	from DSK:PLTMTH.REL	created by MACRO on  1-Nov-83 at 17:08:39
	High segment starts at	633061 ends at	633147 length	    67 (octal),    55. (decimal)

	EXP.	      633062	Entry	Relocatable 	

		*************

ALOG	from DSK:PLTMTH.REL	created by MACRO on  1-Nov-83 at 17:08:39

	Zero length module

		*************

ALOG10	from DSK:PLTMTH.REL	created by MACRO on  1-Nov-83 at 17:08:39

	Zero length module

		LINK symbol map of	LINK	version 5A(2032)		page 16

		*************

ALOG.	from DSK:PLTMTH.REL	created by MACRO on  1-Nov-83 at 17:08:39
	High segment starts at	633150 ends at	633262 length	   113 (octal),    75. (decimal)

	ALG10.	      633151	Entry	Relocatable 		ALOG.	      633165	Entry	Relocatable 	

		*************

SIND	from DSK:PLTMTH.REL	created by MACRO on  1-Nov-83 at 17:08:39

	Zero length module

		*************

COSD	from DSK:PLTMTH.REL	created by MACRO on  1-Nov-83 at 17:08:39

	Zero length module

		*************

SIN	from DSK:PLTMTH.REL	created by MACRO on  1-Nov-83 at 17:08:39

	Zero length module

		*************

COS	from DSK:PLTMTH.REL	created by MACRO on  1-Nov-83 at 17:08:39

	Zero length module

		*************

SIN.	from DSK:PLTMTH.REL	created by MACRO on  1-Nov-83 at 17:08:39
	High segment starts at	633263 ends at	633366 length	   104 (octal),    68. (decimal)

	COS.	      633277	Entry	Relocatable 		COSD.	      633264	Entry	Relocatable 	
	SIN.	      633303	Entry	Relocatable 		SIND.	      633272	Entry	Relocatable 	

		*************

LINE	from DSK:PLTIO.REL	created by MACRO on  1-Nov-83 at 17:08:39
	High segment starts at	633367 ends at	633455 length	    67 (octal),    55. (decimal)

	LINE	      633370	Entry	Relocatable 	

		*************

PLOT	from DSK:PLTIO.REL	created by MACRO on  1-Nov-83 at 17:08:39
	High segment starts at	633456 ends at	635571 length	  2114 (octal),  1100. (decimal)

	LPTOUT	      635353	Entry	Relocatable 		NUMBER	      635207	Entry	Relocatable 	
	PLOT	      633523	Entry	Relocatable 		PLOT.	      633571	Entry	Relocatable 	
	PLOTI	      635462	Entry	Relocatable 		PLOTS	      633457	Entry	Relocatable 	
		LINK symbol map of	LINK	version 5A(2032)		page 17
PLOT
	SYMBOL	      633713	Entry	Relocatable 		WHERE	      635201	Entry	Relocatable 	
	XY2CHR	      635507	Entry	Relocatable 	

		*************

LNKLOW	from DSK:LNKLOW.REL	created by MACRO on  1-Nov-83 at 17:08:28
	Low  segment starts at	   140 ends at	  1410 length	  1251 (octal),   681. (decimal)

	AC.JF	        1017	Global	Relocatable 		AS.FSP	         655	Global	Relocatable 	
	AS.LNK	         644	Global	Relocatable 		AS.NB	         633	Global	Relocatable 	
	AS.PP	         666	Global	Relocatable 		AS.UB	         600	Global	Relocatable 	
	AS.ZE	         677	Global	Relocatable 		BG.FSP	         661	Global	Relocatable 	
	BG.LNK	         650	Global	Relocatable 		BG.NB	         637	Global	Relocatable 	
	BG.PP	         672	Global	Relocatable 		BG.ZE	         703	Global	Relocatable 	
	BRNPTR	        1330	Global	Relocatable 		DY.FSP	         652	Global	Relocatable 	
	DY.LNK	         641	Global	Relocatable 		DY.NB	         630	Global	Relocatable 	
	DY.PP	         663	Global	Relocatable 		DY.ZE	         674	Global	Relocatable 	
	FALC	         726	Global	Relocatable Suppressed	FC.JF	        1015	Global	Relocatable 	
	FDEV	         733	Global	Relocatable Suppressed	FLEN	         722	Global	Relocatable Suppressed
	FVER	         723	Global	Relocatable Suppressed	FX.FR	         625	Global	Relocatable 	
	FX.FSP	         660	Global	Relocatable 		FX.LNK	         647	Global	Relocatable 	
	FX.NB	         636	Global	Relocatable 		FX.PP	         671	Global	Relocatable 	
	FX.PT	         614	Global	Relocatable 		FX.UB	         603	Global	Relocatable 	
	FX.ZE	         702	Global	Relocatable 		FXC.S1	         451	Global	Relocatable 	
	FXC.S2	         452	Global	Relocatable 		FXSPC	         512	Global	Relocatable 	
	G.DIRM	        1055	Global	Relocatable 		G.PROT	        1052	Global	Relocatable 	
	G.ZER	        1046	Global	Relocatable 		GC.JF	        1014	Global	Relocatable 	
	GLBBEG	         305	Global	Relocatable 		GLBEND	         315	Global	Relocatable 	
	GS.NB	         640	Global	Relocatable 		GS.PP	         673	Global	Relocatable 	
	GS.ZE	         704	Global	Relocatable 		H.EZER	         744	Global	Relocatable Suppressed
	H.ZER	         705	Global	Relocatable Suppressed	HB.AS	         502	Global	Relocatable 	
	HB.BG	         506	Global	Relocatable 		HB.DY	         477	Global	Relocatable 	
	HB.FX	         505	Global	Relocatable 		HB.GS	         507	Global	Relocatable 	
	HB.HC	         501	Global	Relocatable 		HB.LC	         500	Global	Relocatable 	
	HB.RT	         503	Global	Relocatable 		HB.S0	         477	Global	Relocatable Suppressed
	HB.S2	         501	Global	Relocatable Suppressed	HC.FR	         621	Global	Relocatable 	
	HC.FSP	         654	Global	Relocatable 		HC.LNK	         643	Global	Relocatable 	
	HC.NB	         632	Global	Relocatable 		HC.PP	         665	Global	Relocatable 	
	HC.PT	         610	Global	Relocatable 		HC.ZE	         676	Global	Relocatable 	
	HP.S0	         442	Global	Relocatable Suppressed	LBLOCK	         715	Global	Relocatable 	
	LC.FSP	         653	Global	Relocatable 		LC.LNK	         642	Global	Relocatable 	
	LC.NB	         631	Global	Relocatable 		LC.PP	         664	Global	Relocatable 	
	LC.PT	         607	Global	Relocatable 		LC.ZE	         675	Global	Relocatable 	
	LS.FSP	         657	Global	Relocatable 		LS.LNK	         646	Global	Relocatable 	
	LS.NB	         635	Global	Relocatable 		LS.ZE	         701	Global	Relocatable 	
	LW.BG	         464	Global	Relocatable 		LW.DY	         455	Global	Relocatable 	
	LW.GS	         465	Global	Relocatable 		LW.HC	         457	Global	Relocatable 	
	LW.RT	         461	Global	Relocatable 		MC.JF	        1006	Global	Relocatable 	
	MIXFOR	        1145	Global	Relocatable 		O.BFR	        1114	Global	Relocatable 	
	O.DIRM	        1101	Global	Relocatable 		O.SNC	        1115	Global	Relocatable 	
	O.ZER	        1072	Global	Relocatable 		OC.JF	        1010	Global	Relocatable 	
	OPNFF	         711	Global	Relocatable Suppressed	OPNSZ	         710	Global	Relocatable Suppressed
	OV.S0	        1367	Global	Relocatable Suppressed	PAG.BG	         475	Global	Relocatable Suppressed
	PAG.DY	         466	Global	Relocatable Suppressed	PAG.GS	         476	Global	Relocatable Suppressed
		LINK symbol map of	LINK	version 5A(2032)		page 18
LNKLOW
	PAG.HC	         470	Global	Relocatable Suppressed	PTHARG	         351	Global	Relocatable 	
	PTHEND	         361	Global	Relocatable 		PTHSCN	         352	Global	Relocatable 	
	PV.S0	        1371	Global	Relocatable Suppressed	RC.JF	        1007	Global	Relocatable 	
	RGNNAM	        1314	Global	Relocatable 		RGNNUM	        1313	Global	Relocatable 	
	RT.FSP	         656	Global	Relocatable 		RT.LNK	         645	Global	Relocatable 	
	RT.NB	         634	Global	Relocatable 		RT.PP	         667	Global	Relocatable 	
	RT.UB	         601	Global	Relocatable 		RT.ZE	         700	Global	Relocatable 	
	SAVP1	        1231	Global	Relocatable 		SC.JF	        1013	Global	Relocatable 	
	SFDEND	         744	Global	Relocatable Suppressed	SFDSCN	         735	Global	Relocatable Suppressed
	SO.S0	         436	Global	Relocatable Suppressed	SO.S1	         437	Global	Relocatable 	
	SUBLEN	         511	Global	Relocatable 		SVSAT1	        1224	Global	Relocatable 	
	SYMSRT	        1154	Global	Relocatable 		TAB.PP	         663	Global	Relocatable 	
	TC.JF	        1016	Global	Relocatable 		UW.BG	         475	Global	Relocatable 	
	UW.DY	         466	Global	Relocatable 		UW.FX	         474	Global	Relocatable 	
	UW.GS	         476	Global	Relocatable 		UW.HC	         470	Global	Relocatable 	
	UW.RT	         472	Global	Relocatable 		ZC.JF	        1004	Global	Relocatable 	

		*************

.SCAN	from SYS:SCAN.REL	created by MACRO on 11-Jul-83 at 21:58:28
	Low  segment starts at	  1411 ends at	  2207 length	   577 (octal),   383. (decimal)
	High segment starts at	635572 ends at	644315 length	  6524 (octal),  3412. (decimal)

	E.DSI	      640627	Global	Relocatable 		E.FMI	      636667	Global	Relocatable 	
	E.FMO	      636665	Global	Relocatable 		E.ILSC	      636672	Global	Relocatable 	
	E.INCL	      636671	Global	Relocatable 		E.SVNG	      640641	Global	Relocatable 	
	E.SVR	      640643	Global	Relocatable 		E.SVTL	      640637	Global	Relocatable 	
	E.UKK	      640617	Global	Relocatable 		F.NAM	        2025	Global	Relocatable 	
	N.CORE	        1477	Global	Relocatable 		N.EZER	        1476	Global	Relocatable Suppressed
	N.OFFS	        1500	Global	Relocatable 		N.ZER	        1455	Global	Relocatable Suppressed
	.ALDON	      636644	Global	Relocatable 		.ASCQC	      642032	Global	Relocatable 	
	.ASCQW	      642031	Global	Relocatable 		.BLOKC	      641661	Global	Relocatable 	
	.BLOKW	      641660	Global	Relocatable 		.CCLRB	      643135	Global	Relocatable 	
	.CKNEG	      642024	Global	Relocatable 		.CLRBF	      643137	Global	Relocatable 	
	.CLRFL	      637152	Global	Relocatable 		.CLSNS	      637454	Global	Relocatable 	
	.COREC	      641670	Global	Relocatable 		.COREW	      641667	Global	Relocatable 	
	.DATIC	      640735	Global	Relocatable 		.DATIF	      640713	Global	Relocatable 	
	.DATIG	      640714	Global	Relocatable 		.DATIM	      640734	Global	Relocatable 	
	.DATIP	      640724	Global	Relocatable 		.DATIQ	      640725	Global	Relocatable 	
	.DECNC	      641727	Global	Relocatable 		.DECNW	      641726	Global	Relocatable 	
	.FILIN	      637064	Global	Relocatable 		.FMSG	      643032	Global	Relocatable 	
	.FMSGD	      643044	Global	Relocatable 		.FMSGE	      643102	Global	Relocatable 	
	.FMSGF	      643064	Global	Relocatable 		.FMSGN	      643040	Global	Relocatable 	
	.FMSGO	      643050	Global	Relocatable 		.FMSGX	      643111	Global	Relocatable 	
	.GTIND	      636721	Global	Relocatable 		.GTSPC	      637321	Global	Relocatable 	
	.ISCAN	      635572	Entry	Relocatable 		.KEYWD	      637467	Global	Relocatable 	
	.KLIND	      642764	Global	Relocatable 		.LASWD	        2155	Global	Relocatable 	
	.LEFTX	      641647	Global	Relocatable 		.MKPJN	      635724	Global	Relocatable 	
	.MNRET	      643177	Global	Relocatable 		.MONRT	      643170	Global	Relocatable 	
	.MYPPN	        1411	Global	Relocatable 		.NAME	      641554	Global	Relocatable 	
	.NAMEC	      641442	Global	Relocatable 		.NAMEW	      641441	Global	Relocatable 	
	.NMUE	        2154	Global	Relocatable Suppressed	.NMUL	        2117	Global	Relocatable 	
	.NOCTC	      641430	Global	Relocatable 		.NOCTW	      641427	Global	Relocatable 	
	.NOQTE	        1453	Global	Relocatable 		.OCTNC	      641763	Global	Relocatable 	
		LINK symbol map of	LINK	version 5A(2032)		page 19
.SCAN
	.OCTNW	      641762	Global	Relocatable 		.OPTN	        2114	Global	Relocatable 	
	.OSCAN	      636341	Global	Relocatable 		.OSDFS	      637421	Global	Relocatable 	
	.PSCAN	      636531	Global	Relocatable 		.QSCAN	      636547	Global	Relocatable 	
	.QUOTE	        1454	Global	Relocatable 		.REEAT	      642352	Global	Relocatable 	
	.RUNCM	      636774	Global	Relocatable 		.SCANZ	        1411	Global	Relocatable Suppressed
	.SENEG	      642020	Global	Relocatable 		.SIXMC	      642072	Global	Relocatable 	
	.SIXMW	      642071	Global	Relocatable 		.SIXQC	      642066	Global	Relocatable 	
	.SIXQW	      642065	Global	Relocatable 		.SIXSC	      642052	Global	Relocatable 	
	.SIXSW	      642051	Global	Relocatable 		.STOPN	      643027	Global	Relocatable 	
	.SWASQ	      642031	Global	Relocatable Suppressed	.SWCOR	      637752	Global	Relocatable 	
	.SWDEC	      637746	Global	Relocatable 		.SWDON	      645561	Global	Relocatable Suppressed
	.SWDPB	      640167	Global	Relocatable 		.SWDTF	      640713	Global	Relocatable Suppressed
	.SWDTM	      640734	Global	Relocatable Suppressed	.SWDTP	      640724	Global	Relocatable Suppressed
	.SWFIL	      637754	Global	Relocatable 		.SWHLP	      640101	Global	Relocatable 	
	.SWMAX	      640154	Global	Relocatable 		.SWOCT	      637750	Global	Relocatable 	
	.SWSIX	      642051	Global	Relocatable Suppressed	.SWSXM	      642071	Global	Relocatable Suppressed
	.SWSXQ	      642065	Global	Relocatable Suppressed	.TERRP	      643207	Global	Relocatable 	
	.TIALT	      642144	Global	Relocatable 		.TIAUC	      642130	Global	Relocatable 	
	.TICAN	      642115	Global	Relocatable 		.TICHE	      642405	Global	Relocatable 	
	.TICHG	      642146	Global	Relocatable 		.TICHR	      642214	Global	Relocatable 	
	.TICHT	      642377	Global	Relocatable 		.TICQT	      642136	Global	Relocatable 	
	.TIGET	      642435	Global	Relocatable 		.TIMUC	      642131	Global	Relocatable 	
	.TISQT	      642141	Global	Relocatable 		.TSCAN	      636015	Global	Relocatable 	
	.TYPRE	      642466	Global	Relocatable 		.VERSC	      641557	Global	Relocatable 	
	.VERSW	      641556	Global	Relocatable 		.VSCAN	      636256	Global	Relocatable 	

		*************

.VERBO	from SYS:SCAN.REL	created by MACRO on 11-Jul-83 at 21:58:28
	Low  segment starts at	  2210 ends at	  2211 length	     2 (octal),     2. (decimal)
	High segment starts at	644316 ends at	644405 length	    70 (octal),    56. (decimal)

	.ERMSA	      644317	Entry	Relocatable 		.ERMSG	      644316	Entry	Relocatable 	
	.FLCBF	        2211	Global	Relocatable 		.FLVRB	        2210	Global	Relocatable 	
	.VERBO	      644365	Entry	Relocatable 		.VRBOZ	        2210	Global	Relocatable Suppressed

		*************

.TNEWL	from SYS:SCAN.REL	created by MACRO on 11-Jul-83 at 21:58:28

	Zero length module

		*************

.TOUTS	from SYS:SCAN.REL	created by MACRO on 11-Jul-83 at 21:58:28
	Low  segment starts at	  2212 ends at	  2212 length	     1 (octal),     1. (decimal)
	High segment starts at	644406 ends at	645133 length	   526 (octal),   342. (decimal)

	GUIDT.	      644676	Global	Relocatable 		.TASTR	      645051	Global	Relocatable 	
	.TBLOK	      644743	Global	Relocatable 		.TCHAR	      645062	Global	Relocatable 	
	.TCOLN	      645053	Global	Relocatable 		.TCOMA	      645055	Global	Relocatable 	
	.TCORW	      644747	Global	Relocatable 		.TCRLF	      644764	Global	Relocatable 	
	.TDATE	      644556	Global	Relocatable 		.TDATN	      644555	Global	Relocatable 	
	.TDEC2	      644611	Global	Relocatable 		.TDECW	      645021	Global	Relocatable 	
		LINK symbol map of	LINK	version 5A(2032)		page 20
.TOUTS
	.TDIRB	      644453	Global	Relocatable 		.TDTTM	      644541	Global	Relocatable 	
	.TFBLK	      644431	Global	Relocatable 		.TFCHR	      644620	Global	Relocatable 	
	.TMOHW	      644521	Global	Relocatable 		.TOCTW	      645020	Global	Relocatable 	
	.TOFEB	      644410	Global	Relocatable 		.TOLEB	      644412	Global	Relocatable 	
	.TOUTZ	        2212	Global	Relocatable Suppressed	.TPPNW	      644773	Global	Relocatable 	
	.TRBRK	      645001	Global	Relocatable 		.TRDXW	      645022	Global	Relocatable 	
	.TSIXN	      645003	Global	Relocatable 		.TSPAC	      645061	Global	Relocatable 	
	.TSTRG	      645041	Global	Relocatable 		.TTABC	      645057	Global	Relocatable 	
	.TTIME	      644574	Global	Relocatable 		.TTIMN	      644573	Global	Relocatable 	
	.TVERW	      644710	Global	Relocatable 		.TXWDW	      645012	Global	Relocatable 	
	.TXWWW	      644512	Global	Relocatable 		.TYOCH	      644406	Entry	Relocatable 	

		*************

.STOPB	from SYS:SCAN.REL	created by MACRO on 11-Jul-83 at 21:58:28
	High segment starts at	645134 ends at	645267 length	   134 (octal),    92. (decimal)

	.STOPB	      645134	Entry	Relocatable 	

		*************

.CNTDT	from SYS:SCAN.REL	created by MACRO on 11-Jul-83 at 21:58:28
	High segment starts at	645270 ends at	645431 length	   142 (octal),    98. (decimal)

	.CNTDT	      645270	Entry	Relocatable 		.CNVDT	      645347	Entry	Relocatable 	
	.GTNOW	      645341	Entry	Relocatable 	

		*************

.GTPUT	from SYS:SCAN.REL	created by MACRO on 11-Jul-83 at 21:58:28
	High segment starts at	645432 ends at	645523 length	    72 (octal),    58. (decimal)

	.GTWRD	      645470	Entry	Relocatable 		.ISLGI	      645510	Entry	Relocatable 	
	.LKNAM	      645432	Entry	Relocatable 		.MKMSK	      645501	Entry	Relocatable 	
	.PTWRD	      645475	Entry	Relocatable 	

		*************

.SAVE	from SYS:SCAN.REL	created by MACRO on 11-Jul-83 at 21:58:28
	High segment starts at	645524 ends at	645600 length	    55 (octal),    45. (decimal)

	.POP4T	      645573	Entry	Relocatable 		.POPJ	      645562	Entry	Relocatable 	
	.POPJ1	      645561	Entry	Relocatable 		.PSH4T	      645564	Entry	Relocatable 	
	.SAVE1	      645524	Entry	Relocatable 		.SAVE2	      645531	Entry	Relocatable 	
	.SAVE3	      645537	Entry	Relocatable 		.SAVE4	      645546	Entry	Relocatable 	
	.SAVX4	      645554	Global	Relocatable 	

		*************

.HELPR	from SYS:HELPER.REL	created by MACRO on 11-Jul-83 at 21:57:51
	High segment starts at	645601 ends at	645755 length	   155 (octal),   109. (decimal)

	HELPER	      645601	Entry	Relocatable 		.HELPR	      645602	Entry	Relocatable 	

		LINK symbol map of	LINK	version 5A(2032)		page 21

		*************

LNKHST	from DSK:LNKHST.REL	created by MACRO on  1-Nov-83 at 17:19:35

	Zero length module

		*************

JOBDAT	from SYS:JOBDAT.REL	created by MACRO on 11-Jul-83 at 21:57:53

	Zero length module

		*************


	Index to LINK symbol map of	LINK	version 5A(2032)		page 22

	Name	Page	Name	Page	Name	Page	Name	Page

	ALOG	15	IFX.0	15	LNKLOW	17	PLTUTL	14
	ALOG.	16	INT	14	LNKMAP	11	SIN	16
	ALOG10	15	JOBDAT	21	LNKNEW	 9	SIN.	16
	COS	16	LINE	16	LNKOLD	 7	SIND	16
	COSD	16	LINK	 1	LNKOV1	 2	.CNTDT	20
	EXP	15	LNK400	13	LNKOV2	11	.GTPUT	20
	EXP.	15	LNKCOR	 9	LNKOVS	12	.HELPR	20
	EXP2	15	LNKCST	 9	LNKPLT	13	.HIGH.	 1
	FLOAT	14	LNKERR	11	LNKPRM	13	.SAVE	20
	FLOAT.	14	LNKFIO	 5	LNKSCN	 2	.SCAN	18
	FLT.0	15	LNKHSH	 7	LNKWLD	 4	.STOPB	20
	FLT.14	15	LNKHST	 1	LNKXIT	12	.TNEWL	19
	FORMSC	14	LNKHST	21	PLOT	16	.TOUTS	19
	IFIX	14	LNKLOD	 5	PLTGLB	14	.TSUBS	13
	IFIX.	14	LNKLOG	11	PLTO..	13	.VERBO	19

	[End of LINK map of	LINK]
 