		LINK symbol map of	LINK	version 5A(2030)		page 1
	Produced by LINK version 5A(2030) on  2-Feb-83 at 15:54:30

	Low  segment starts at	     0 ends at	  2212 length	  2213 = 3P
	High segment starts at	525000 ends at	645765 length	120766 = 81P
	373 words free in Low segment, 10 words free in high segment
	1838 Global symbols loaded, therefore min. hash size is 2043
	Start address is 525030, located in program LINK

		*************

.HIGH.


		*************

LNKHST	from DSK:LNKHST.REL	created by MACRO on  2-Feb-83 at 15:48:57
	High segment starts at	525010 ends at	525027 length	    20 (octal),    16. (decimal)


		*************

LINK	from DSK:LNKINI.REL	created by MACRO on  2-Feb-83 at 15:49:08
	High segment starts at	525030 ends at	526467 length	  1440 (octal),   800. (decimal)

	ARSIZE	        1342	Global	Relocatable 		BATCH	         347	Global	Relocatable 	
	CPUHST	         345	Global	Relocatable 		DCBUF	         745	Global	Relocatable 	
	DY.AB	         564	Global	Relocatable 		DY.FR	         617	Global	Relocatable 	
	DY.LB	         553	Global	Relocatable 		DY.PT	         606	Global	Relocatable 	
	DY.UB	         575	Global	Relocatable 		E$$IMI	      525503	Global	Relocatable 	
	E$$IUU	      526304	Global	Relocatable 		E$$LFB	      525417	Global	Relocatable 	
	E$$LIN	      525422	Global	Relocatable 		E01OEL	      526356	Global	Relocatable 	
	EPDP	         315	Global	Relocatable 		ERRLVL	        1157	Global	Relocatable 	
	EZCOR	        1410	Global	Relocatable Suppressed	FLAGS	        1116	Global	Relocatable 	
	FORLIB	        1137	Global	Relocatable 		FRECOR	        1141	Global	Relocatable 	
	FSTR	         706	Global	Relocatable Suppressed	G.DEV	        1046	Global	Relocatable 	
	G.EXT	        1051	Global	Relocatable 		GS.AB	         574	Global	Relocatable 	
	GS.FR	         627	Global	Relocatable 		GS.LB	         563	Global	Relocatable 	
	GS.PT	         616	Global	Relocatable 		GS.UB	         605	Global	Relocatable 	
	GSYM	        1374	Global	Relocatable 		HC.S0	         431	Global	Relocatable 	
	HIORGN	         400	Global	Relocatable 		HL.S0	         434	Global	Relocatable 	
	HSFACT	         521	Global	Relocatable 		HSPACE	         520	Global	Relocatable 	
	HT.PRM	         516	Global	Relocatable 		HT.PTR	         515	Global	Relocatable 	
	IO.CHN	        1042	Global	Relocatable 		IO.EMG	        1003	Global	Relocatable 	
	IO.PTR	         761	Global	Relocatable 		JOBNUM	         527	Global	Relocatable 	
	LC.AB	         565	Global	Relocatable 		LC.LB	         554	Global	Relocatable 	
	LC.UB	         576	Global	Relocatable 		LINBUF	        1172	Global	Relocatable 	
	LINK	      525030	Entry	Relocatable 		LNKMAX	        1326	Global	Relocatable 	
	LOGLVL	        1156	Global	Relocatable 		LOGSUB	        1164	Global	Relocatable 	
	LOGTTY	        1163	Global	Relocatable 		LOWLOC	        1147	Global	Relocatable 	
	LOWSUB	        1166	Global	Relocatable 		LS.AB	         571	Global	Relocatable 	
	LS.FR	         624	Global	Relocatable 		LS.LB	         560	Global	Relocatable 	
	LS.PT	         613	Global	Relocatable 		LS.UB	         602	Global	Relocatable 	
	LSYM	        1377	Global	Relocatable 		LW.S1	         456	Global	Relocatable Suppressed
	MAPCON	        1131	Global	Relocatable 		MAXCOR	        1117	Global	Relocatable 	
	MYPPN	         350	Global	Relocatable 		OFFSET	         140	Global	Relocatable 	
		LINK symbol map of	LINK	version 5A(2030)		page 2
LINK
	OKCPUS	         542	Global	Relocatable 		OPENBL	         705	Global	Relocatable 	
	PDP	         343	Global	Relocatable 		PH	        1345	Global	Relocatable 	
	PRMPTR	         522	Global	Relocatable 		PTHDIR	         353	Global	Relocatable 	
	RC.FRE	         373	Global	Relocatable 		RC.MAP	         365	Global	Relocatable 	
	RC.NO	         372	Global	Relocatable 		RC.NTB	         364	Global	Relocatable 	
	RC.TB	         363	Global	Relocatable 		RCBUF	         753	Global	Relocatable 	
	SAVEAC	        1234	Global	Relocatable 		SEVLVL	        1160	Global	Relocatable 	
	SG.TB	         366	Global	Relocatable 		SPACE	        1410	Global	Relocatable 	
	START	      526376	Global	Relocatable 		TIMEON	         141	Global	Relocatable 	
	TTYBUF	        1167	Global	Relocatable 		TTYSUB	        1165	Global	Relocatable 	
	USEPTR	         534	Global	Relocatable 		UUOTRA	         142	Global	Relocatable 	
	UW.S1	         467	Global	Relocatable Suppressed	VERLVL	        1161	Global	Relocatable 	
	ZCOR	         142	Global	Relocatable Suppressed	%LOW	         140	Global	Relocatable Suppressed
	.ERLFB	      526423	Global	Relocatable 		.ERLIN	      526431	Global	Relocatable 	
	.TEMP	         145	Global	Relocatable 	

		*************

LNKSCN	from DSK:LNKSCN.REL	created by MACRO on  2-Feb-83 at 15:49:32
	High segment starts at	526470 ends at	530337 length	  1650 (octal),   936. (decimal)

	E$$IST	      527032	Global	Relocatable 		E$$ITB	      530075	Global	Relocatable 	
	E$$SNL	      526501	Global	Relocatable 		F.ASCC	        1033	Global	Relocatable 	
	F.ASCI	        1032	Global	Relocatable 		F.ASCK	        1034	Global	Relocatable 	
	F.EDIT	        1031	Global	Relocatable 		F.INZR	        1026	Global	Relocatable 	
	F.NXZR	        1027	Global	Relocatable 		F.WLZR	        1030	Global	Relocatable 	
	GOTO	        1140	Global	Relocatable 		LNKSCN	      526470	Entry	Relocatable 	
	OSCANF	        1044	Global	Relocatable 		OVERLW	        1312	Global	Relocatable 	
	SWFLAG	        1041	Global	Relocatable 		.DPKSC	      530203	Global	Relocatable 	
	.DPKSW	      530202	Entry	Relocatable 		.ERIST	      530265	Global	Relocatable 	
	.ERITB	      530275	Global	Relocatable 		.ERSNL	      530253	Global	Relocatable 	
	.SWDPK	      530230	Entry	Relocatable 		.SWSXD	      530200	Entry	Relocatable 	
	.SWSYM	      530124	Entry	Relocatable 		.SWSYO	      530137	Entry	Relocatable 	
	.SWVER	      530240	Entry	Relocatable 		.SXDSC	      530142	Global	Relocatable 	
	.SXDSW	      530141	Entry	Relocatable 		.SYMSC	      530112	Global	Relocatable 	
	.SYMSW	      530111	Entry	Relocatable 		.SYOSC	      530127	Global	Relocatable 	
	.SYOSW	      530126	Entry	Relocatable 	

		*************

LNKOV1	from DSK:LNKOV1.REL	created by MACRO on  2-Feb-83 at 15:53:22
	High segment starts at	530340 ends at	534271 length	  3732 (octal),  2010. (decimal)

	ADDOVU	        1331	Global	Relocatable 		BG.AB	         573	Global	Relocatable 	
	BG.FR	         626	Global	Relocatable 		BG.LB	         562	Global	Relocatable 	
	BG.PT	         615	Global	Relocatable 		BG.SCH	        1323	Global	Relocatable 	
	BG.UB	         604	Global	Relocatable 		BRNADD	        1336	Global	Relocatable 	
	BRNDSK	        1322	Global	Relocatable 		BRNLEN	        1320	Global	Relocatable 	
	BRNMAX	        1330	Global	Relocatable 		BRNTBL	        1321	Global	Relocatable 	
	BSYM	        1407	Global	Relocatable 		CS	        1270	Global	Relocatable 	
	CS.RHS	      533573	Global	Relocatable 		E$$ELN	      532332	Global	Relocatable 	
	E$$EOV	      532512	Global	Relocatable 		E$$FSN	      533750	Global	Relocatable 	
	E$$LNA	      530565	Global	Relocatable 		E$$LNL	      533131	Global	Relocatable 	
	E$$LNN	      533124	Global	Relocatable 		E$$LSM	      534205	Global	Relocatable 	
		LINK symbol map of	LINK	version 5A(2030)		page 3
LNKOV1
	E$$MRN	      530642	Global	Relocatable 		E$$NBR	      533140	Global	Relocatable 	
	E$$OFS	      530467	Global	Relocatable 		E$$OHN	      533746	Global	Relocatable 	
	E$$RER	      530656	Global	Relocatable 		E$$TML	      530573	Global	Relocatable 	
	E01OSL	      530362	Global	Relocatable 		E01RER	      530702	Global	Relocatable 	
	ET	        1306	Global	Relocatable 		EXCPTR	         546	Global	Relocatable 	
	EXTCNT	        1324	Global	Relocatable 		FSTPTR	        1332	Global	Relocatable 	
	FX.LB	         561	Global	Relocatable 		FX.S1	         445	Global	Relocatable 	
	FX.S2	         446	Global	Relocatable 		FXC.SS	         453	Global	Relocatable 	
	GS.FSP	         662	Global	Relocatable 		GS.LNK	         651	Global	Relocatable 	
	HB.LS	         504	Global	Relocatable 		HB.S1	         500	Global	Relocatable Suppressed
	HC.LB	         555	Global	Relocatable 		HL.S1	         435	Global	Relocatable 	
	HL.S2	         436	Global	Relocatable 		INCPTR	         547	Global	Relocatable 	
	INTCNT	        1325	Global	Relocatable 		IO.CHR	        1043	Global	Relocatable 	
	L.MAX	        1315	Global	Relocatable 		LINKGO	      530724	Global	Relocatable 	
	LINKSE	        1341	Global	Relocatable 		LINKTB	        1220	Global	Relocatable 	
	LINKTO	      530732	Global	Relocatable 		LL.S2	         442	Global	Relocatable 	
	LNKNAM	        1273	Global	Relocatable 		LNKOV1	      530340	Entry	Relocatable 	
	LNKTBL	        1316	Global	Relocatable 		LNMPTR	        1334	Global	Relocatable 	
	LSTPTR	        1333	Global	Relocatable 		LSTSYM	         531	Global	Relocatable 	
	LW.LC	         456	Global	Relocatable 		LW.LS	         462	Global	Relocatable 	
	MNSEEN	         541	Global	Relocatable 		MNTYPE	         540	Global	Relocatable 	
	NAMLOC	         563	Global	Relocatable 		NAMPTR	         544	Global	Relocatable 	
	NOLIBS	        1144	Global	Relocatable 		NOSYMS	        1143	Global	Relocatable 	
	NULSPC	        1045	Global	Relocatable 		NXTGLB	         551	Global	Relocatable 	
	OV.S1	        1370	Global	Relocatable 		OV1.Z0	        1374	Global	Relocatable Suppressed
	OV1.ZE	        1410	Global	Relocatable Suppressed	OVINEX	        1340	Global	Relocatable 	
	OVLBLK	        1317	Global	Relocatable 		PAG.LC	         467	Global	Relocatable Suppressed
	PAG.LS	         473	Global	Relocatable Suppressed	PAG.RT	         472	Global	Relocatable Suppressed
	PAG.S1	         467	Global	Relocatable Suppressed	PATLOC	         402	Global	Relocatable 	
	PATSPC	        1406	Global	Relocatable 		PLOTSW	        1254	Global	Relocatable 	
	PLTTAB	        1255	Global	Relocatable Suppressed	PRGNAM	         525	Global	Relocatable 	
	PRGNO	        1405	Global	Relocatable 		PV.S1	        1372	Global	Relocatable 	
	RBGPTR	        1335	Global	Relocatable 		ROOTAB	         411	Global	Relocatable 	
	RT.AB	         570	Global	Relocatable 		RT.FR	         623	Global	Relocatable 	
	RT.FX	      533602	Global	Relocatable 		RT.FXC	      533641	Global	Relocatable 	
	RT.LB	         557	Global	Relocatable 		RT.PT	         612	Global	Relocatable 	
	RT.T2F	      533730	Global	Relocatable 		RT.T2L	      533711	Global	Relocatable 	
	RT.T2R	      533654	Global	Relocatable 		S.DEBG	        1040	Global	Relocatable 	
	S.INZR	        1036	Global	Relocatable 		S.LHFL	        1037	Global	Relocatable 	
	STADDR	        1400	Global	Relocatable 		SYMSEG	        1150	Global	Relocatable 	
	TAB.LB	         553	Global	Relocatable 		TRY.BG	      533415	Global	Relocatable 	
	USYM	        1375	Global	Relocatable 		UW.LC	         467	Global	Relocatable 	
	UW.LS	         473	Global	Relocatable 		VERNUM	         530	Global	Relocatable 	
	WRTDAT	        1344	Global	Relocatable 		%ARSIZ	      530576	Global	Relocatable 	
	%LINK	      530510	Global	Relocatable 		%NODE	      532515	Global	Relocatable 	
	%NOENT	      530600	Global	Relocatable 		%NOREQ	      530614	Global	Relocatable 	
	%OVERL	      530345	Global	Relocatable 		%OWN	        1217	Global	Relocatable 	
	%PLOT	      530630	Global	Relocatable 		%REGIO	      530641	Global	Relocatable 	
	%REQUE	      530647	Global	Relocatable 		%RESET	      532515	Global	Relocatable 	
	%SPACE	      530645	Global	Relocatable 		.ERELN	      534147	Global	Relocatable 	
	.EREOV	      534155	Global	Relocatable 		.ERFSN	      534263	Global	Relocatable 	
	.ERLNA	      533772	Global	Relocatable 		.ERLNL	      534231	Global	Relocatable 	
	.ERLNN	      534222	Global	Relocatable 		.ERLSM	      534164	Global	Relocatable 	
	.ERMRN	      534014	Global	Relocatable 		.ERNBR	      534240	Global	Relocatable 	
		LINK symbol map of	LINK	version 5A(2030)		page 4
LNKOV1
	.EROFS	      533754	Global	Relocatable 		.EROHN	      534254	Global	Relocatable 	
	.ERRER	      534026	Global	Relocatable 		.ERTML	      534005	Global	Relocatable 	
	.NOENT	      530601	Global	Relocatable 		.NOREQ	      530615	Global	Relocatable 	
	.OVERL	      530342	Global	Relocatable 		.REQUE	      530650	Global	Relocatable 	

		*************

LNKWLD	from DSK:LNKWLD.REL	created by MACRO on  2-Feb-83 at 15:49:59
	High segment starts at	534272 ends at	540615 length	  4324 (octal),  2260. (decimal)

	AS.LB	         556	Global	Relocatable 		COPYP1	      537147	Global	Relocatable 	
	CPUTGT	         346	Global	Relocatable 		DDEBUG	        1135	Global	Relocatable 	
	DDTMAP	        1136	Global	Relocatable 		DEBUGS	        1134	Global	Relocatable 	
	DTAFLG	        1225	Global	Relocatable 		E$$CLF	      537317	Global	Relocatable 	
	E$$DNA	      535330	Global	Relocatable 		E$$DNS	      537500	Global	Relocatable 	
	E$$DRC	      536315	Global	Relocatable 		E$$ESP	      540035	Global	Relocatable 	
	E$$IMA	      537137	Global	Relocatable 		E$$ISR	      540032	Global	Relocatable 	
	E$$LFC	      537241	Global	Relocatable 		E$$LFI	      537236	Global	Relocatable 	
	E$$LSS	      535364	Global	Relocatable 		E$$MSN	      540010	Global	Relocatable 	
	E$$MTB	      535635	Global	Relocatable 		E$$MTS	      535642	Global	Relocatable 	
	E$$NHN	      540027	Global	Relocatable 		E$$OPL	      536131	Global	Relocatable 	
	E$$OSL	      536574	Global	Relocatable 		E$$RLC	      535113	Global	Relocatable 	
	E$$SRB	      536417	Global	Relocatable 		E$$SSN	      540013	Global	Relocatable 	
	E$$TDS	      536002	Global	Relocatable 		E$$UGS	      536623	Global	Relocatable 	
	E$$USI	      540021	Global	Relocatable 		E$$USS	      536205	Global	Relocatable 	
	E$$VAL	      537013	Global	Relocatable 		E$$ZSV	      540016	Global	Relocatable 	
	E01LFC	      537307	Global	Relocatable 		E01LFI	      537304	Global	Relocatable 	
	E01LSS	      535405	Global	Relocatable 		ENTLEN	         407	Global	Relocatable 	
	EXCL.0	      535533	Global	Relocatable 		EXECSW	        1133	Global	Relocatable 	
	EXTFLG	         414	Global	Relocatable 		F.ASZR	        1035	Global	Relocatable 	
	FEST	         725	Global	Relocatable Suppressed	FILNUM	         524	Global	Relocatable 	
	FX.AB	         572	Global	Relocatable 		G.BFR	        1070	Global	Relocatable 	
	G.DIR	        1054	Global	Relocatable 		G.NAM	        1047	Global	Relocatable 	
	G.NAMM	        1050	Global	Relocatable 		G.SNC	        1071	Global	Relocatable 	
	HASHSZ	         517	Global	Relocatable 		LIBPRC	         537	Global	Relocatable 	
	LNKWLD	      534272	Entry	Relocatable 		LSTBLK	        1227	Global	Relocatable 	
	MAPSRT	        1155	Global	Relocatable 		MAPSW	        1132	Global	Relocatable 	
	MARKWP	         344	Global	Relocatable 		MISNG1	      535653	Global	Relocatable 	
	O.DEV	        1072	Global	Relocatable 		O.DIR	        1100	Global	Relocatable 	
	O.EXT	        1075	Global	Relocatable 		O.NAM	        1073	Global	Relocatable 	
	O.NAMM	        1074	Global	Relocatable 		OTSEG	        1153	Global	Relocatable 	
	PPTYPE	        1260	Global	Relocatable 		PRGPDV	         420	Global	Relocatable 	
	PVPNAM	         421	Global	Relocatable 		RC.SET	         374	Global	Relocatable 	
	RESTP1	      537162	Global	Relocatable 		RUNAME	        1123	Global	Relocatable 	
	RUNCOR	        1121	Global	Relocatable 		SSEXT	        1125	Global	Relocatable 	
	SSGNAM	        1151	Global	Relocatable 		SSNAME	        1124	Global	Relocatable 	
	STANAM	        1404	Global	Relocatable 		STRLSW	      534705	Global	Relocatable 	
	SYMFRM	        1142	Global	Relocatable 		SYMLIM	        1152	Global	Relocatable 	
	SYSLB1	      536671	Global	Relocatable 		UNDNXT	      536643	Global	Relocatable 	
	%DDEBU	      535343	Global	Relocatable 		%MAXNO	      537127	Global	Relocatable 	
	%PLTTY	      536043	Global	Relocatable 		.ERCLF	      540440	Global	Relocatable 	
	.ERDNA	      540113	Global	Relocatable 		.ERDNS	      540464	Global	Relocatable 	
	.ERDRC	      540255	Global	Relocatable 		.ERESP	      540605	Global	Relocatable 	
	.ERIMA	      540414	Global	Relocatable 		.ERISR	      540576	Global	Relocatable 	
		LINK symbol map of	LINK	version 5A(2030)		page 5
LNKWLD
	.ERLFC	      540432	Global	Relocatable 		.ERLFI	      540424	Global	Relocatable 	
	.ERLSS	      540121	Global	Relocatable 		.ERMSN	      540523	Global	Relocatable 	
	.ERMTB	      540146	Global	Relocatable 		.ERMTS	      540155	Global	Relocatable 	
	.ERNHN	      540566	Global	Relocatable 		.EROPL	      540225	Global	Relocatable 	
	.EROSL	      540324	Global	Relocatable 		.ERRLC	      540053	Global	Relocatable 	
	.ERSRB	      540303	Global	Relocatable 		.ERSSN	      540533	Global	Relocatable 	
	.ERTDS	      540215	Global	Relocatable 		.ERUGS	      540340	Global	Relocatable 	
	.ERUSI	      540554	Global	Relocatable 		.ERUSS	      540243	Global	Relocatable 	
	.ERVAL	      540365	Global	Relocatable 		.ERZSV	      540545	Global	Relocatable 	
	.ETUGS	      536625	Global	Relocatable 		.LIM0	      536476	Global	Relocatable 	
	.MAXNO	      537127	Global	Relocatable 		.SET0	      536264	Global	Relocatable 	
	.SETEX	      536426	Global	Relocatable 	

		*************

LNKFIO	from DSK:LNKFIO.REL	created by MACRO on  2-Feb-83 at 15:51:52
	High segment starts at	540616 ends at	542101 length	  1264 (octal),   692. (decimal)

	CHAN.J	        1004	Global	Relocatable 		DVBUF.	      540756	Global	Relocatable 	
	DVCEM.	      541547	Global	Relocatable 		DVCHK.	      540623	Global	Relocatable 	
	DVCHN.	      540616	Global	Relocatable 		DVCLS.	      541363	Global	Relocatable 	
	DVDEL.	      541500	Global	Relocatable 		DVDLF.	      541512	Global	Relocatable 	
	DVDPB.	      541751	Global	Relocatable 		DVENT.	      541241	Global	Relocatable 	
	DVGFO.	      541757	Global	Relocatable 		DVINP.	      541011	Global	Relocatable 	
	DVLKP.	      541041	Global	Relocatable 		DVNAM.	      541402	Global	Relocatable 	
	DVOPN.	      540641	Global	Relocatable 		DVOUT.	      541117	Global	Relocatable 	
	DVRET.	      540701	Global	Relocatable 		DVRLS.	      541326	Global	Relocatable 	
	DVRNF.	      541555	Global	Relocatable 		DVSUP.	      541622	Global	Relocatable 	
	DVTXT.	      541712	Global	Relocatable 		DVTXT1	      541714	Global	Relocatable 	
	DVUPD.	      541413	Global	Relocatable 		DVVRG.	      540717	Global	Relocatable 	
	DVZAP.	      540673	Global	Relocatable 		E$$IDM	      540636	Global	Relocatable 	
	E$$INS	      540621	Global	Relocatable 		E01FEE	      542003	Global	Relocatable 	
	E01FLE	      542007	Global	Relocatable 		E01NED	      541772	Global	Relocatable 	
	E01OFD	      541767	Global	Relocatable 		FEXT	         720	Global	Relocatable Suppressed
	FNAM	         717	Global	Relocatable Suppressed	LNKFIO	      540616	Entry	Relocatable 	
	LODNAM	         526	Global	Relocatable 		MCBUF	         750	Global	Relocatable 	
	MDSCN	         712	Global	Relocatable Suppressed	O.PROT	        1076	Global	Relocatable 	
	RFLEN	        1226	Global	Relocatable 		SFDARG	         734	Global	Relocatable 	
	SFDDIR	         736	Global	Relocatable Suppressed	UFDPPN	         716	Global	Relocatable Suppressed
	%RCBUF	         753	Global	Relocatable 		.ERIDM	      542022	Global	Relocatable 	
	.ERINS	      542013	Global	Relocatable 	

		*************

LNKLOD	from DSK:LNKLOD.REL	created by MACRO on  2-Feb-83 at 15:50:33
	High segment starts at	542102 ends at	550025 length	  5724 (octal),  3028. (decimal)

	ADCHK.	      542225	Global	Relocatable 		ALGCHK	      546043	Global	Relocatable 	
	ASFILE	         376	Global	Relocatable 		COERPT	         427	Global	Relocatable 	
	COR.FX	      542627	Global	Relocatable 		CT.BIT	      545243	Global	Relocatable 	
	CT.NAM	      545215	Global	Relocatable 		CURTYP	        1233	Global	Relocatable 	
	D.CNT	      546767	Global	Relocatable 		D.ERR	      546737	Global	Relocatable 	
	D.IN1	      546727	Global	Relocatable 		D.IN2	      546725	Global	Relocatable 	
	D.INP	      546733	Global	Relocatable 		D.READ	      546760	Global	Relocatable 	
		LINK symbol map of	LINK	version 5A(2030)		page 6
LNKLOD
	D.RED1	      546754	Global	Relocatable 		D.RED2	      546751	Global	Relocatable 	
	DC.JF	        1005	Global	Relocatable 		E$$AMM	      545175	Global	Relocatable 	
	E$$AMP	      546633	Global	Relocatable 		E$$ANM	      543015	Global	Relocatable 	
	E$$CM6	      545345	Global	Relocatable 		E$$CM7	      545350	Global	Relocatable 	
	E$$CMC	      545342	Global	Relocatable 		E$$CMF	      545317	Global	Relocatable 	
	E$$CMX	      545374	Global	Relocatable 		E$$DUZ	      543216	Global	Relocatable 	
	E$$FCF	      542636	Global	Relocatable 		E$$FOV	      545305	Global	Relocatable 	
	E$$FSI	      546550	Global	Relocatable 		E$$FTH	      543765	Global	Relocatable 	
	E$$IRB	      542167	Global	Relocatable 		E$$ISP	      543277	Global	Relocatable 	
	E$$IVC	      544076	Global	Relocatable 		E$$LDS	      542106	Global	Relocatable 	
	E$$LMM	      545164	Global	Relocatable 		E$$MDS	      544154	Global	Relocatable 	
	E$$MSR	      545362	Global	Relocatable 		E$$NEB	      547074	Global	Relocatable 	
	E$$NSM	      542132	Global	Relocatable 		E$$NVR	      545156	Global	Relocatable 	
	E$$PMA	      545172	Global	Relocatable 		E$$POV	      545777	Global	Relocatable 	
	E$$SIF	      543171	Global	Relocatable 		E$$SMP	      546651	Global	Relocatable 	
	E$$SNS	      545404	Global	Relocatable 		E$$TMM	      545167	Global	Relocatable 	
	E$$URV	      545161	Global	Relocatable 		E$$USA	      545604	Global	Relocatable 	
	E$$UUA	      545624	Global	Relocatable 		E$$WNA	      545153	Global	Relocatable 	
	E01EIF	      546741	Global	Relocatable 		E01FSI	      546607	Global	Relocatable 	
	E01UGS	      545701	Global	Relocatable 		EOF	      547046	Global	Relocatable 	
	EOF1	      547051	Global	Relocatable 		FS.SS	         447	Global	Relocatable 	
	FX.S0	         444	Global	Relocatable Suppressed	FXC.S0	         450	Global	Relocatable Suppressed
	FXSPTR	         454	Global	Relocatable 		FXT.S0	         450	Global	Relocatable 	
	GO	      545551	Global	Relocatable 		GS.FX0	      544421	Global	Relocatable 	
	HP.S1	         443	Global	Relocatable 		HP.S2	         444	Global	Relocatable 	
	INSRT	      543145	Global	Relocatable 		LIBPTR	         533	Global	Relocatable 	
	LIBRAR	      546147	Global	Relocatable 		LL.S0	         440	Global	Relocatable Suppressed
	LNKLOD	      542102	Entry	Relocatable 		LOAD	      542140	Global	Relocatable 	
	LOD37	        1215	Global	Relocatable 		LODFIX	      546014	Global	Relocatable 	
	LODTST	      542115	Global	Relocatable 		LS.ADD	      543037	Global	Relocatable 	
	LS.ADE	      543075	Global	Relocatable 		LW.AS	         460	Global	Relocatable 	
	LW.FX	         463	Global	Relocatable 		LW.S0	         455	Global	Relocatable Suppressed
	LW.S2	         457	Global	Relocatable Suppressed	MSYM	        1376	Global	Relocatable 	
	NOCMX	         412	Global	Relocatable 		NONZER	         413	Global	Relocatable 	
	OWNLNG	        1216	Global	Relocatable 		PAG.AS	         471	Global	Relocatable Suppressed
	PAG.FX	         474	Global	Relocatable Suppressed	PAG.S0	         466	Global	Relocatable Suppressed
	PASDFL	        1146	Global	Relocatable 		PG.HSG	      542267	Global	Relocatable 	
	PG.LSG	      542254	Global	Relocatable 		PRGPTR	         532	Global	Relocatable 	
	PROCSN	         536	Global	Relocatable 		RDSKP	      547024	Global	Relocatable 	
	RP.CHF	      544005	Global	Relocatable 		SEGCHK	      544367	Global	Relocatable 	
	SY.AD0	      543323	Global	Relocatable 		SY.AS0	      544171	Global	Relocatable 	
	SY.AST	      544246	Global	Relocatable 		SY.CHF	      543772	Global	Relocatable 	
	SY.CHK	      544344	Global	Relocatable 		SY.CHL	      543732	Global	Relocatable 	
	SY.CHP	      544012	Global	Relocatable 		SY.CHR	      543677	Global	Relocatable 	
	SY.FX0	      544447	Global	Relocatable 		SY.GS0	      543137	Global	Relocatable 	
	SY.GX0	      544443	Global	Relocatable 		SY.MDS	      544144	Global	Relocatable 	
	SY.MOV	      544266	Global	Relocatable 		SY.RET	      544363	Global	Relocatable 	
	SY.RF	      543173	Global	Relocatable 		SY.RLS	      544456	Global	Relocatable 	
	SY.STF	      543422	Global	Relocatable 		SY.TYP	      544475	Global	Relocatable 	
	SYMFLG	        1232	Global	Relocatable 		SYMLEN	         510	Global	Relocatable 	
	T.LOAD	      542135	Global	Relocatable 		T11BP	        1222	Global	Relocatable 	
	T11FA	        1221	Global	Relocatable 		T3HOLD	      545407	Global	Relocatable 	
	T5FIN	      545535	Global	Relocatable 		TAB.AB	         564	Global	Relocatable 	
	TAB.UB	         575	Global	Relocatable 		TSTSCT	      544055	Global	Relocatable 	
		LINK symbol map of	LINK	version 5A(2030)		page 7
LNKLOD
	UW.AS	         471	Global	Relocatable 		UW.S0	         466	Global	Relocatable Suppressed
	UW.S2	         470	Global	Relocatable Suppressed	XBUF	         756	Global	Relocatable 	
	Z.INEX	      542177	Global	Relocatable 		ZXBUF	      547115	Global	Relocatable 	
	.ERAMM	      547462	Global	Relocatable 		.ERAMP	      547733	Global	Relocatable 	
	.ERANM	      547207	Global	Relocatable 		.ERCM6	      547545	Global	Relocatable 	
	.ERCM7	      547557	Global	Relocatable 		.ERCMC	      547532	Global	Relocatable 	
	.ERCMF	      547522	Global	Relocatable 		.ERCMX	      547605	Global	Relocatable 	
	.ERDUZ	      547233	Global	Relocatable 		.ERFCF	      547174	Global	Relocatable 	
	.ERFOV	      547512	Global	Relocatable 		.ERFSI	      547710	Global	Relocatable 	
	.ERFTH	      547311	Global	Relocatable 		.ERIRB	      547136	Global	Relocatable 	
	.ERISP	      547253	Global	Relocatable 		.ERIVC	      547326	Global	Relocatable 	
	.ERLDS	      547121	Global	Relocatable 		.ERLMM	      547440	Global	Relocatable 	
	.ERMDS	      547340	Global	Relocatable 		.ERMSR	      547571	Global	Relocatable 	
	.ERNEB	      550021	Global	Relocatable 		.ERNSM	      547125	Global	Relocatable 	
	.ERNVR	      547423	Global	Relocatable 		.ERPCD	      547764	Global	Relocatable 	
	.ERPMC	      547453	Global	Relocatable 		.ERPOV	      547666	Global	Relocatable 	
	.ERSIF	      547215	Global	Relocatable 		.ERSMP	      547746	Global	Relocatable 	
	.ERSNS	      547624	Global	Relocatable 		.ERTMM	      547446	Global	Relocatable 	
	.ERURV	      547432	Global	Relocatable 		.ERUSA	      547634	Global	Relocatable 	
	.ERUUA	      547642	Global	Relocatable 		.ERWNA	      547414	Global	Relocatable 	

		*************

LNKHSH	from DSK:LNKHSH.REL	created by MACRO on  2-Feb-83 at 15:50:36
	High segment starts at	550026 ends at	550257 length	   232 (octal),   154. (decimal)

	E$$ESN	      550072	Global	Relocatable 		E$$ISN	      550222	Global	Relocatable 	
	E$$RGS	      550136	Global	Relocatable 		E02ESN	      550077	Global	Relocatable 	
	E03ESN	      550167	Global	Relocatable 		TRYSYM	      550026	Entry	Relocatable 	
	.ERESN	      550226	Global	Relocatable 		.ERISN	      550252	Global	Relocatable 	
	.ERRGS	      550236	Global	Relocatable 	

		*************

LNKOLD	from DSK:LNKOLD.REL	created by MACRO on  2-Feb-83 at 15:51:09
	High segment starts at	550260 ends at	557101 length	  6622 (octal),  3474. (decimal)

	BADCOR	         415	Global	Relocatable 		BLCOMM	        1214	Global	Relocatable 	
	CHKSEG	      556235	Global	Relocatable 		COMPDT	         424	Global	Relocatable 	
	CTYPE	         535	Global	Relocatable 		DESTB	      554443	Global	Relocatable 	
	E$$AIC	      553470	Global	Relocatable 		E$$CCD	      553246	Global	Relocatable 	
	E$$CPU	      553252	Global	Relocatable 		E$$DSC	      551027	Global	Relocatable 	
	E$$DSL	      550705	Global	Relocatable 		E$$HCL	      552067	Global	Relocatable 	
	E$$HSL	      552463	Global	Relocatable 		E$$ICB	      555022	Global	Relocatable 	
	E$$IPO	      554400	Global	Relocatable 		E$$IPX	      554046	Global	Relocatable 	
	E$$ISM	      554051	Global	Relocatable 		E$$JPB	      554040	Global	Relocatable 	
	E$$LII	      555044	Global	Relocatable 		E$$LMN	      553206	Global	Relocatable 	
	E$$MPT	      555630	Global	Relocatable 		E$$NAP	      554054	Global	Relocatable 	
	E$$NSO	      554007	Global	Relocatable 		E$$PBI	      553146	Global	Relocatable 	
	E$$PEL	      550770	Global	Relocatable 		E$$PTL	      551002	Global	Relocatable 	
	E$$RBS	      556245	Global	Relocatable 		E$$SNC	      555344	Global	Relocatable 	
	E$$SRP	      556231	Global	Relocatable 		E$$T13	      555027	Global	Relocatable 	
	E$$UAR	      555671	Global	Relocatable 		E$$UNS	      556071	Global	Relocatable 	
	E$$URC	      551153	Global	Relocatable 		E01AIC	      555337	Global	Relocatable 	
		LINK symbol map of	LINK	version 5A(2030)		page 8
LNKOLD
	E01CNW	      551042	Global	Relocatable 		E01DSL	      550715	Global	Relocatable 	
	E01ESN	      551630	Global	Relocatable 		E01IPO	      554700	Global	Relocatable 	
	E01IPX	      555633	Global	Relocatable 		E01PBI	      553155	Global	Relocatable 	
	E01SFU	      552140	Global	Relocatable 		E02CNW	      552056	Global	Relocatable 	
	E02EIF	      556012	Global	Relocatable 		E02LMN	      556027	Global	Relocatable 	
	E02SFU	      553143	Global	Relocatable 		ENTPTR	         550	Global	Relocatable 	
	EXCCHK	      553375	Global	Relocatable 		FBHPTR	         545	Global	Relocatable 	
	FCRE	         721	Global	Relocatable Suppressed	HC.AB	         566	Global	Relocatable 	
	HC.S1	         432	Global	Relocatable 		HC.S2	         433	Global	Relocatable 	
	HC.UB	         577	Global	Relocatable 		INCCHK	      553343	Global	Relocatable 	
	LC.FR	         620	Global	Relocatable 		LNKOLD	      550340	Entry	Relocatable 	
	LSTLRV	         410	Global	Relocatable 		LSTRRV	         403	Global	Relocatable 	
	MODTYP	         417	Global	Relocatable 		OPTAB	      554466	Global	Relocatable 	
	PAG.S2	         470	Global	Relocatable Suppressed	POLLEN	         514	Global	Relocatable 	
	POLSTK	         513	Global	Relocatable 		R.CUR	      556204	Global	Relocatable 	
	R.ERR	      556230	Global	Relocatable 		R50T6	      551213	Global	Relocatable 	
	RB.1	      556105	Global	Relocatable 		RB.2	      556076	Global	Relocatable 	
	RC.CUR	         362	Global	Relocatable 		SET.ST	      553616	Global	Relocatable 	
	SETRC	      552317	Global	Relocatable 		SLOT2	         371	Global	Relocatable 	
	SO.S2	         440	Global	Relocatable 		SVSAT	        1223	Global	Relocatable 	
	SY.AS	      551566	Global	Relocatable 		SY.BH	      551360	Global	Relocatable 	
	SY.DGL	      551412	Global	Relocatable 		SY.DGR	      551417	Global	Relocatable 	
	SY.GS	      551323	Global	Relocatable 		SY.LS	      551353	Global	Relocatable 	
	SY.QS	      551714	Global	Relocatable 		SY.RA	      552017	Global	Relocatable 	
	SY.RQ	      551530	Global	Relocatable 		SY.RQ2	      551672	Global	Relocatable 	
	SY.RU1	      551774	Global	Relocatable 		SY.RU3	      551770	Global	Relocatable 	
	SY.RUH	      552056	Global	Relocatable 		T.11EV	      554277	Global	Relocatable 	
	T.14B	      555070	Global	Relocatable 		T.1AD	      550446	Global	Relocatable 	
	T.1DP	      550726	Global	Relocatable 		T.1OVE	      550702	Global	Relocatable 	
	T.1S6	      551012	Global	Relocatable 		T.2STB	      551162	Global	Relocatable 	
	T.2TAB	      551133	Global	Relocatable 		T.5ENT	      552764	Global	Relocatable 	
	T.5F40	      552606	Global	Relocatable 		T.774	      555700	Global	Relocatable Suppressed
	T.775	      555700	Global	Relocatable Suppressed	T.776	      555700	Global	Relocatable 	
	T.COMM	      555314	Global	Relocatable 		T.COMR	      555307	Global	Relocatable 	
	T.RQST	      555242	Global	Relocatable 		T11SYF	      554710	Global	Relocatable 	
	T11SYL	      554706	Global	Relocatable 		T11SYR	      554704	Global	Relocatable 	
	TOOBIG	      550760	Global	Relocatable 		TTLREL	      553500	Global	Relocatable 	
	TTLRLC	      553526	Global	Relocatable 		.ERAIC	      556532	Global	Relocatable 	
	.ERCCD	      556467	Global	Relocatable 		.ERCPU	      556473	Global	Relocatable 	
	.ERDSC	      556312	Global	Relocatable 		.ERDSL	      556257	Global	Relocatable 	
	.ERHCL	      556350	Global	Relocatable 		.ERHSL	      556371	Global	Relocatable 	
	.ERICB	      556703	Global	Relocatable 		.ERIPO	      556671	Global	Relocatable 	
	.ERIPX	      556614	Global	Relocatable 		.ERISM	      556621	Global	Relocatable 	
	.ERJPB	      556605	Global	Relocatable 		.ERLII	      556730	Global	Relocatable 	
	.ERLMN	      556455	Global	Relocatable 		.ERMPT	      556775	Global	Relocatable 	
	.ERNAP	      556637	Global	Relocatable 		.ERNSO	      556570	Global	Relocatable 	
	.ERPBI	      556445	Global	Relocatable 		.ERPEL	      556274	Global	Relocatable 	
	.ERPTL	      556304	Global	Relocatable 		.ERRBS	      557072	Global	Relocatable 	
	.ERSNC	      556746	Global	Relocatable 		.ERSRP	      557057	Global	Relocatable 	
	.ERT13	      556716	Global	Relocatable 		.ERUAR	      557012	Global	Relocatable 	
	.ERUNS	      557031	Global	Relocatable 		.ERURC	      556322	Global	Relocatable 	

		*************

		LINK symbol map of	LINK	version 5A(2030)		page 9


LNKNEW	from DSK:LNKNEW.REL	created by MACRO on  2-Feb-83 at 15:51:28
	High segment starts at	557102 ends at	563315 length	  4214 (octal),  2188. (decimal)

	AS.FR	         622	Global	Relocatable 		AS.PT	         611	Global	Relocatable 	
	ASCRET	      562272	Global	Relocatable 		ASYM	         377	Global	Relocatable 	
	D.GET1	      562417	Global	Relocatable 		D.REL1	      562374	Global	Relocatable 	
	D.REL2	      562371	Global	Relocatable 		D.TRIP	      562357	Global	Relocatable 	
	E$$IRC	      562414	Global	Relocatable 		E$$IRR	      560410	Global	Relocatable 	
	E$$PEF	      562426	Global	Relocatable 		E$$UCB	      560516	Global	Relocatable 	
	E01LMN	      557711	Global	Relocatable 		LNKASC	      562225	Global	Relocatable 	
	LNKNEW	      557162	Entry	Relocatable 		NORBYT	         430	Global	Relocatable 	
	REL.1	      562432	Global	Relocatable 		RELSIZ	         375	Global	Relocatable 	
	SAVCOD	        1230	Global	Relocatable 		STDATA	      562725	Global	Relocatable 	
	T.1010	      560144	Global	Relocatable 		T.1011	      560150	Global	Relocatable 	
	T.1012	      560154	Global	Relocatable 		T.1013	      560160	Global	Relocatable 	
	T.1014	      560164	Global	Relocatable 		T.1020	      560170	Global	Relocatable 	
	T.1021	      560174	Global	Relocatable 		T.1022	      560200	Global	Relocatable 	
	T.1023	      560204	Global	Relocatable 		T.1030	      560210	Global	Relocatable 	
	T.1031	      560214	Global	Relocatable 		T.1032	      560220	Global	Relocatable 	
	T.1033	      560224	Global	Relocatable 		T.1034	      560230	Global	Relocatable 	
	T.1045	      560445	Global	Relocatable 		T.1100	      562544	Global	Relocatable 	
	T.1101	      562553	Global	Relocatable 		T.1102	      562562	Global	Relocatable 	
	T.1103	      562571	Global	Relocatable 		T.1104	      562600	Global	Relocatable 	
	T.1120	      562612	Global	Relocatable 		T.1121	      562622	Global	Relocatable 	
	T.1122	      562632	Global	Relocatable 		T.1123	      562642	Global	Relocatable 	
	T.1124	      562652	Global	Relocatable 		T.1130	      562722	Global	Relocatable 	
	T.11XX	      562507	Global	Relocatable 		T1004U	      560131	Global	Relocatable 	
	TTLADR	         552	Global	Relocatable 		WRTPTR	      560523	Global	Relocatable 	
	.ERIRC	      563241	Global	Relocatable 		.ERIRR	      563033	Global	Relocatable 	
	.ERISO	      563211	Global	Relocatable 		.ERPEF	      563250	Global	Relocatable 	
	.ERPSF	      563226	Global	Relocatable 		.ERUCB	      563050	Global	Relocatable 	
	.ERUSB	      562770	Global	Relocatable 	

		*************

LNKCST	from DSK:LNKCST.REL	created by MACRO on  2-Feb-83 at 15:51:29
	High segment starts at	563316 ends at	563352 length	    35 (octal),    29. (decimal)

	LNKCST	      563321	Entry	Relocatable 	

		*************

LNKCOR	from DSK:LNKCOR.REL	created by MACRO on  2-Feb-83 at 15:51:46
	High segment starts at	563353 ends at	567443 length	  4071 (octal),  2105. (decimal)

	AS.AB	         567	Global	Relocatable 		AS.DMP	      566273	Global	Relocatable 	
	AS.GBC	      564571	Global	Relocatable 		AS.GET	      564234	Global	Relocatable 	
	AS.IN	      566063	Global	Relocatable 		AS.OUT	      565630	Global	Relocatable 	
	AS.REM	      565014	Global	Relocatable 		AS.RET	      564467	Global	Relocatable 	
	AS.TST	      564743	Global	Relocatable 		BG.GBC	      564605	Global	Relocatable 	
	BG.GET	      564252	Global	Relocatable 		BG.REM	      565030	Global	Relocatable 	
	BG.RET	      564503	Global	Relocatable 		BG.TST	      564757	Global	Relocatable 	
	COREFL	         543	Global	Relocatable 		CORFUL	         523	Global	Relocatable 	
		LINK symbol map of	LINK	version 5A(2030)		page 10
LNKCOR
	CRTFRK	      567071	Global	Relocatable 		CRTMP1	         404	Global	Relocatable 	
	CRTMP2	         405	Global	Relocatable 		CRTMP3	         406	Global	Relocatable 	
	DY.GBC	      564560	Global	Relocatable 		DY.GET	      564221	Global	Relocatable 	
	DY.REM	      565001	Global	Relocatable 		DY.RET	      564454	Global	Relocatable 	
	DY.TST	      564726	Global	Relocatable 		E$$AZW	      564261	Global	Relocatable 	
	E$$CRS	      566166	Global	Relocatable 		E$$EAS	      566233	Global	Relocatable 	
	E$$EHC	      566213	Global	Relocatable 		E$$ELC	      566203	Global	Relocatable 	
	E$$ELS	      566223	Global	Relocatable 		E$$IAS	      566066	Global	Relocatable 	
	E$$IHC	      566035	Global	Relocatable 		E$$ILC	      566023	Global	Relocatable 	
	E$$ILS	      566054	Global	Relocatable 		E$$MEF	      563442	Global	Relocatable 	
	E$$MOV	      563450	Global	Relocatable 		E$$MSS	      565314	Global	Relocatable 	
	E$$OAS	      565633	Global	Relocatable 		E$$OHC	      565602	Global	Relocatable 	
	E$$OLC	      565570	Global	Relocatable 		E$$OLS	      565621	Global	Relocatable 	
	E$$PAS	      566163	Global	Relocatable 		E$$PHC	      566155	Global	Relocatable 	
	E$$PLC	      566152	Global	Relocatable 		E$$PLS	      566160	Global	Relocatable 	
	E$$RUM	      564550	Global	Relocatable 		E$$SFU	      567065	Global	Relocatable 	
	EXPNG	      565513	Global	Relocatable 		FR.CNT	      564172	Global	Relocatable 	
	FX.GBC	      564602	Global	Relocatable 		FX.GET	      564245	Global	Relocatable 	
	FX.REM	      565025	Global	Relocatable 		FX.RET	      564500	Global	Relocatable 	
	FX.TST	      564754	Global	Relocatable 		GBCK.L	      565075	Global	Relocatable 	
	GS.GBC	      564610	Global	Relocatable 		GS.GET	      564255	Global	Relocatable 	
	GS.REM	      565033	Global	Relocatable 		GS.RET	      564506	Global	Relocatable 	
	GS.TST	      564762	Global	Relocatable 		HC.DMP	      566370	Global	Relocatable 	
	HC.GBC	      564566	Global	Relocatable 		HC.GET	      564231	Global	Relocatable 	
	HC.IN	      566032	Global	Relocatable 		HC.JF	        1012	Global	Relocatable 	
	HC.OUT	      565577	Global	Relocatable 		HC.REM	      565011	Global	Relocatable 	
	HC.RET	      564464	Global	Relocatable 		HC.TST	      564740	Global	Relocatable 	
	LA.DMP	      566317	Global	Relocatable 		LC.DMP	      566365	Global	Relocatable 	
	LC.GBC	      564563	Global	Relocatable 		LC.GET	      564226	Global	Relocatable 	
	LC.IN	      566020	Global	Relocatable 		LC.JF	        1011	Global	Relocatable 	
	LC.OUT	      565565	Global	Relocatable 		LC.REM	      565006	Global	Relocatable 	
	LC.RET	      564461	Global	Relocatable 		LC.TST	      564735	Global	Relocatable 	
	LNKCOR	      563353	Entry	Relocatable 		LS.DMP	      566243	Global	Relocatable 	
	LS.FXR	      566553	Global	Relocatable 		LS.GBC	      564577	Global	Relocatable 	
	LS.GET	      564242	Global	Relocatable 		LS.IN	      566044	Global	Relocatable 	
	LS.OUT	      565611	Global	Relocatable 		LS.PP	         670	Global	Relocatable 	
	LS.REM	      565022	Global	Relocatable 		LS.RET	      564475	Global	Relocatable 	
	LS.TST	      564751	Global	Relocatable 		POPOFS	         401	Global	Relocatable 	
	RT.GBC	      564574	Global	Relocatable 		RT.GET	      564237	Global	Relocatable 	
	RT.REM	      565017	Global	Relocatable 		RT.RET	      564472	Global	Relocatable 	
	RT.TST	      564746	Global	Relocatable 		TAB.FR	         617	Global	Relocatable 	
	TAB.HB	         477	Global	Relocatable 		TAB.LW	         455	Global	Relocatable 	
	TAB.NB	         630	Global	Relocatable 		TAB.PG	         466	Global	Relocatable Suppressed
	TAB.PT	         606	Global	Relocatable 		TAB.UW	         466	Global	Relocatable 	
	TAB.ZE	         674	Global	Relocatable 		TB.FSP	         652	Global	Relocatable 	
	TB.IN	      566075	Global	Relocatable 		TB.JFD	      563622	Global	Relocatable 	
	TB.LNK	         641	Global	Relocatable 		TB.OUT	      566106	Global	Relocatable 	
	XX.INI	      564362	Global	Relocatable 		XX.ZAP	      565037	Global	Relocatable 	
	.ERAZW	      567163	Global	Relocatable 		.ERCRS	      567356	Global	Relocatable 	
	.EREAS	      567416	Global	Relocatable 		.EREHC	      567374	Global	Relocatable 	
	.ERELC	      567363	Global	Relocatable 		.ERELS	      567405	Global	Relocatable 	
	.ERIAS	      567314	Global	Relocatable 		.ERIHC	      567300	Global	Relocatable 	
	.ERILC	      567267	Global	Relocatable 		.ERILS	      567306	Global	Relocatable 	
	.ERMEF	      567125	Global	Relocatable 		.ERMOV	      567134	Global	Relocatable 	
		LINK symbol map of	LINK	version 5A(2030)		page 11
LNKCOR
	.ERMSS	      567205	Global	Relocatable 		.EROAS	      567254	Global	Relocatable 	
	.EROHC	      567240	Global	Relocatable 		.EROLC	      567230	Global	Relocatable 	
	.EROLS	      567246	Global	Relocatable 		.ERPAS	      567347	Global	Relocatable 	
	.ERPHC	      567331	Global	Relocatable 		.ERPLC	      567322	Global	Relocatable 	
	.ERPLS	      567340	Global	Relocatable 		.ERRUM	      567172	Global	Relocatable 	
	.ERSFU	      567436	Global	Relocatable 		.GBCSP	      564613	Global	Relocatable 	
	.GETSP	      564260	Global	Relocatable 		.REMSP	      565036	Entry	Relocatable 	
	.RETSP	      564511	Global	Relocatable 		.TSTSP	      564765	Entry	Relocatable 	

		*************

LNKERR	from DSK:LNKERR.REL	created by MACRO on  2-Feb-83 at 15:52:23
	High segment starts at	567444 ends at	611770 length	 22325 (octal),  9429. (decimal)

	ERRCOD	        1162	Global	Relocatable 		LNKERR	      567444	Entry	Relocatable 	
	TABCHR	         416	Global	Relocatable 		.RPOPJ	      567556	Global	Relocatable 	

		*************

LNKLOG	from DSK:LNKLOG.REL	created by MACRO on  2-Feb-83 at 15:52:00
	High segment starts at	611771 ends at	613671 length	  1701 (octal),   961. (decimal)

	ER.FIN	      612035	Global	Relocatable 		ERCHAN	        1212	Global	Relocatable 	
	LNKLOG	      612015	Entry	Relocatable 		LOGOUT	      612734	Global	Relocatable 	
	PRTMSG	        1213	Global	Relocatable 		RTNPC	        1211	Global	Relocatable 	
	TTYCHK	      612713	Global	Relocatable 		TTYOUT	      612726	Global	Relocatable 	
	%%UUO	      612014	Global	Relocatable 		.ERCNW	      613067	Global	Relocatable 	
	.EREIF	      613061	Global	Relocatable 		.ERFEE	      613025	Global	Relocatable 	
	.ERFLE	      613031	Global	Relocatable 		.ERFRE	      613035	Global	Relocatable 	
	.ERGSE	      613041	Global	Relocatable 		.ERNED	      613045	Global	Relocatable 	
	.EROFD	      613053	Global	Relocatable 		.ETDON	      613200	Global	Relocatable 	
	.ETIMF	      613142	Global	Relocatable 		.ETLNN	      613162	Global	Relocatable 	
	.ETNMF	      613152	Global	Relocatable 		.ETSAV	      613171	Global	Relocatable 	
	.TEBLK	      612765	Global	Relocatable 	

		*************

LNKMAP	from DSK:LNKMAP.REL	created by MACRO on  2-Feb-83 at 15:52:37
	High segment starts at	613672 ends at	617273 length	  3402 (octal),  1794. (decimal)

	E$$EMS	      616541	Global	Relocatable 		E$$MPS	      613673	Global	Relocatable 	
	E$$OEM	      615623	Global	Relocatable 		E$$TTF	      615371	Global	Relocatable 	
	LL.S1	         441	Global	Relocatable 		LNKMAP	      613672	Entry	Relocatable 	
	LNKNO.	        1327	Global	Relocatable 		OV.S2	        1371	Global	Relocatable 	
	PV.S2	        1373	Global	Relocatable 		.EREMS	      617260	Global	Relocatable 	
	.ERMPS	      616613	Global	Relocatable 		.EROEM	      617103	Global	Relocatable 	
	.ERTTF	      617060	Global	Relocatable 	

		*************

LNKOV2	from DSK:LNKOV2.REL	created by MACRO on  2-Feb-83 at 15:53:30
	High segment starts at	617274 ends at	621436 length	  2143 (octal),  1123. (decimal)

	DI	        1261	Global	Relocatable 		E$$ABT	      620712	Global	Relocatable 	
		LINK symbol map of	LINK	version 5A(2030)		page 12
LNKOV2
	E$$ARL	      620140	Global	Relocatable 		E$$OS2	      617275	Global	Relocatable 	
	E$$SNP	      617764	Global	Relocatable 		E$$TMA	      620347	Global	Relocatable 	
	E$$USC	      617751	Global	Relocatable 		INPH	      621226	Global	Relocatable 	
	LNKOV2	      617274	Entry	Relocatable 		OVLOFF	        1337	Global	Relocatable 	
	RDCST	      621123	Global	Relocatable 		TMAMAX	        1343	Global	Relocatable 	
	.ERABT	      621416	Global	Relocatable 		.ERARL	      621364	Global	Relocatable 	
	.EROS2	      621302	Global	Relocatable 		.ERSNP	      621336	Global	Relocatable 	
	.ERTMA	      621402	Global	Relocatable 		.ERUSC	      621325	Global	Relocatable 	

		*************

LNKOVS	from DSK:LNKOVS.REL	created by MACRO on  2-Feb-83 at 15:53:35
	High segment starts at	621437 ends at	621641 length	   203 (octal),   131. (decimal)

	E$$IOV	      621600	Global	Relocatable 		E$$LNM	      621606	Global	Relocatable 	
	E$$OOV	      621603	Global	Relocatable 		PHIOWD	      621576	Global	Relocatable 	
	RT.INC	      621564	Global	Relocatable 		RT.P2	      621517	Global	Relocatable 	
	RT.P3	      621532	Global	Relocatable 		TR.WLK	      621437	Entry	Relocatable 	
	.ERIOV	      621615	Global	Relocatable 		.ERLNM	      621633	Global	Relocatable 	
	.EROOV	      621624	Global	Relocatable 	

		*************

LNKXIT	from DSK:LNKXIT.REL	created by MACRO on  2-Feb-83 at 15:53:07
	High segment starts at	621642 ends at	630060 length	  6217 (octal),  3215. (decimal)

	DVMOV.	      626315	Global	Relocatable 		E$$CSF	      624410	Global	Relocatable 	
	E$$DEB	      626310	Global	Relocatable 		E$$DLT	      626146	Global	Relocatable 	
	E$$ECE	      625040	Global	Relocatable 		E$$ELF	      626260	Global	Relocatable 	
	E$$EOE	      626015	Global	Relocatable 		E$$EOI	      626444	Global	Relocatable 	
	E$$EOO	      626441	Global	Relocatable 		E$$EXS	      621643	Global	Relocatable 	
	E$$FIN	      626252	Global	Relocatable 		E$$GFE	      626227	Global	Relocatable 	
	E$$ISS	      623362	Global	Relocatable 		E$$NPD	      622076	Global	Relocatable 	
	E$$NPP	      622146	Global	Relocatable 		E$$NPS	      622502	Global	Relocatable 	
	E$$NSA	      626141	Global	Relocatable 		E$$OES	      623526	Global	Relocatable 	
	E$$OEX	      624535	Global	Relocatable 		E$$PCL	      624401	Global	Relocatable 	
	E$$PCX	      624404	Global	Relocatable 		E$$RME	         214	Global	Relocatable 	
	E$$SST	      622322	Global	Relocatable 		E$$STC	      622372	Global	Relocatable 	
	E$$XCT	      626303	Global	Relocatable 		E01DEB	         155	Global	Relocatable 	
	E01DLT	      627020	Global	Relocatable 		E01FRE	      626070	Global	Relocatable 	
	E01NSA	      626702	Global	Relocatable 		E01OES	      623646	Global	Relocatable 	
	E01RME	         217	Global	Relocatable 		E01XCT	         155	Global	Relocatable 	
	E02FRE	      626274	Global	Relocatable 		E03CNW	      623234	Global	Relocatable 	
	E03FRE	      626331	Global	Relocatable 		ENDCMP	      626025	Global	Relocatable 	
	ENDSAV	      626073	Global	Relocatable 		EXEBLK	        1126	Global	Relocatable 	
	EXEDIR	        1127	Global	Relocatable 		LNKXIT	      621642	Entry	Relocatable 	
	LSLOOP	      623025	Global	Relocatable 		LSOVX	      622766	Global	Relocatable 	
	PDVADR	         425	Global	Relocatable 		PVPLIM	         423	Global	Relocatable 	
	PVPSEG	         422	Global	Relocatable 		THSTRT	        1402	Global	Relocatable 	
	.ERCFS	      627325	Global	Relocatable 		.ERCSF	      627556	Global	Relocatable 	
	.ERDEB	      627731	Global	Relocatable 		.ERDLT	      627676	Global	Relocatable 	
	.ERECE	      627615	Global	Relocatable 		.ERELF	      627721	Global	Relocatable 	
	.EREOE	      627641	Global	Relocatable 		.EREOI	      627745	Global	Relocatable 	
	.EREOO	      627740	Global	Relocatable 		.EREXS	      627321	Global	Relocatable 	
		LINK symbol map of	LINK	version 5A(2030)		page 13
LNKXIT
	.ERFIN	      627715	Global	Relocatable 		.ERGFE	      627706	Global	Relocatable 	
	.ERISS	      627443	Global	Relocatable 		.ERNPD	      627337	Global	Relocatable 	
	.ERNPP	      627352	Global	Relocatable 		.ERNPS	      627407	Global	Relocatable 	
	.ERNSA	      627671	Global	Relocatable 		.EROES	      627467	Global	Relocatable 	
	.EROEX	      627564	Global	Relocatable 		.ERPCL	      627526	Global	Relocatable 	
	.ERPCX	      627540	Global	Relocatable 		.ERSST	      627373	Global	Relocatable 	
	.ERSTC	      627401	Global	Relocatable 		.ERXCT	      627727	Global	Relocatable 	

		*************

LNKPLT	from DSK:LNKPLT.REL	created by MACRO on  2-Feb-83 at 15:53:32
	High segment starts at	630061 ends at	630341 length	   261 (octal),   177. (decimal)

	E$$POT	      630070	Global	Relocatable 		GETSON	      630235	Entry	Relocatable 	
	INCHES	        1255	Global	Relocatable 		LEAVES	        1256	Global	Relocatable 	
	LNKPLT	      630067	Entry	Relocatable 		STEPS	        1257	Global	Relocatable 	
	.ERPOT	      630325	Global	Relocatable 		.TEMP2	         225	Global	Relocatable 	

		*************

LNKPRM	from DSK:LNKSUB.REL	created by MACRO on  2-Feb-83 at 15:53:38
	High segment starts at	630342 ends at	630417 length	    56 (octal),    46. (decimal)

	E$$HTL	      630355	Global	Relocatable 		NPRIME	      630342	Entry	Relocatable 	
	.ERHTL	      630411	Global	Relocatable 	

		*************

.TSUBS	from DSK:LNKSUB.REL	created by MACRO on  2-Feb-83 at 15:53:38
	High segment starts at	630420 ends at	630507 length	    70 (octal),    56. (decimal)

	.T6OCT	      630435	Entry	Relocatable 		.T6ZOC	      630447	Entry	Relocatable 	
	.TDEP	      630462	Entry	Relocatable 		.TFOCT	      630420	Entry	Relocatable 	
	.TOEP	      630471	Entry	Relocatable 		.TSIXB	      630500	Entry	Relocatable 	

		*************

LNK400	from DSK:LNKSUB.REL	created by MACRO on  2-Feb-83 at 15:53:38
	High segment starts at	630510 ends at	630525 length	    16 (octal),    14. (decimal)

	E$$OFN	      630512	Global	Relocatable 		LNKF40	      630510	Entry	Relocatable 	
	T.400	      630510	Global	Relocatable 		T.401	      630510	Global	Relocatable 	
	.EROFN	      630515	Global	Relocatable 	

		*************

PLTO..	from DSK:PLTDCL.REL	created by MACRO on  2-Feb-83 at 15:53:42
	High segment starts at	630526 ends at	632016 length	  1271 (octal),   697. (decimal)

	PLTO.C	      631771	Global	Relocatable 		PLTO.F	      631672	Global	Relocatable 	
	PLTO.G	         140	Global	Relocatable 		PLTO.L	      631771	Global	Relocatable 	
	PLTO.O	         140	Global	Relocatable 		PLTO.P	      631771	Global	Relocatable 	

		*************
		LINK symbol map of	LINK	version 5A(2030)		page 14


PLTUTL	from DSK:PLTUTL.REL	created by MACRO on  2-Feb-83 at 15:53:59
	High segment starts at	632017 ends at	632635 length	   617 (octal),   399. (decimal)

	PLTINI	      632050	Entry	Relocatable 		PLTLIN	      632454	Entry	Relocatable 	
	PLTORI	      632017	Entry	Relocatable 		PLTPOL	      632064	Entry	Relocatable 	

		*************

PLTGLB	from DSK:PLTGLB.REL	created by MACRO on  2-Feb-83 at 15:53:56
	High segment starts at	632636 ends at	632653 length	    16 (octal),    14. (decimal)

	CEXIT.	      632636	Global	Relocatable 		FORER.	      632651	Global	Relocatable 	
	RAX$	      632644	Global	Relocatable 	

		*************

FORMSC	from DSK:PLTMTH.REL	created by MACRO on  2-Feb-83 at 15:53:55

	Zero length module

		*************

FLOAT	from DSK:PLTMTH.REL	created by MACRO on  2-Feb-83 at 15:53:55

	Zero length module

		*************

FLOAT.	from DSK:PLTMTH.REL	created by MACRO on  2-Feb-83 at 15:53:55
	High segment starts at	632654 ends at	632656 length	     3 (octal),     3. (decimal)

	FLOAT.	      632655	Entry	Relocatable 	

		*************

IFIX	from DSK:PLTMTH.REL	created by MACRO on  2-Feb-83 at 15:53:55

	Zero length module

		*************

INT	from DSK:PLTMTH.REL	created by MACRO on  2-Feb-83 at 15:53:55

	Zero length module

		*************

IFIX.	from DSK:PLTMTH.REL	created by MACRO on  2-Feb-83 at 15:53:55
	High segment starts at	632657 ends at	632663 length	     5 (octal),     5. (decimal)

	IFIX.	      632662	Entry	Relocatable 		INT.	      632660	Entry	Relocatable 	

		*************
		LINK symbol map of	LINK	version 5A(2030)		page 15


FLT.0	from DSK:PLTMTH.REL	created by MACRO on  2-Feb-83 at 15:53:55
	High segment starts at	632664 ends at	632674 length	    11 (octal),     9. (decimal)

	FLT.0	      632665	Entry	Relocatable 	

		*************

FLT.14	from DSK:PLTMTH.REL	created by MACRO on  2-Feb-83 at 15:53:55
	High segment starts at	632675 ends at	632705 length	    11 (octal),     9. (decimal)

	FLT.14	      632676	Entry	Relocatable 	

		*************

IFX.0	from DSK:PLTMTH.REL	created by MACRO on  2-Feb-83 at 15:53:55
	High segment starts at	632706 ends at	632717 length	    12 (octal),    10. (decimal)

	IFX.0	      632707	Entry	Relocatable 	

		*************

EXP2	from DSK:PLTMTH.REL	created by MACRO on  2-Feb-83 at 15:53:55
	High segment starts at	632720 ends at	633070 length	   151 (octal),   105. (decimal)

	EXP2.	      632721	Entry	Relocatable 		EXP2..	      632747	Entry	Relocatable 	
	EXP2.0	      632747	Entry	Relocatable 		EXP2.2	      632741	Entry	Relocatable 	
	EXP2.4	      632733	Entry	Relocatable 		EXP2.6	      632725	Entry	Relocatable 	

		*************

EXP	from DSK:PLTMTH.REL	created by MACRO on  2-Feb-83 at 15:53:55

	Zero length module

		*************

EXP.	from DSK:PLTMTH.REL	created by MACRO on  2-Feb-83 at 15:53:55
	High segment starts at	633071 ends at	633157 length	    67 (octal),    55. (decimal)

	EXP.	      633072	Entry	Relocatable 	

		*************

ALOG	from DSK:PLTMTH.REL	created by MACRO on  2-Feb-83 at 15:53:55

	Zero length module

		*************

ALOG10	from DSK:PLTMTH.REL	created by MACRO on  2-Feb-83 at 15:53:55

	Zero length module

		LINK symbol map of	LINK	version 5A(2030)		page 16

		*************

ALOG.	from DSK:PLTMTH.REL	created by MACRO on  2-Feb-83 at 15:53:55
	High segment starts at	633160 ends at	633272 length	   113 (octal),    75. (decimal)

	ALG10.	      633161	Entry	Relocatable 		ALOG.	      633175	Entry	Relocatable 	

		*************

SIND	from DSK:PLTMTH.REL	created by MACRO on  2-Feb-83 at 15:53:55

	Zero length module

		*************

COSD	from DSK:PLTMTH.REL	created by MACRO on  2-Feb-83 at 15:53:55

	Zero length module

		*************

SIN	from DSK:PLTMTH.REL	created by MACRO on  2-Feb-83 at 15:53:55

	Zero length module

		*************

COS	from DSK:PLTMTH.REL	created by MACRO on  2-Feb-83 at 15:53:55

	Zero length module

		*************

SIN.	from DSK:PLTMTH.REL	created by MACRO on  2-Feb-83 at 15:53:55
	High segment starts at	633273 ends at	633376 length	   104 (octal),    68. (decimal)

	COS.	      633307	Entry	Relocatable 		COSD.	      633274	Entry	Relocatable 	
	SIN.	      633313	Entry	Relocatable 		SIND.	      633302	Entry	Relocatable 	

		*************

LINE	from DSK:PLTIO.REL	created by MACRO on  2-Feb-83 at 15:53:50
	High segment starts at	633377 ends at	633465 length	    67 (octal),    55. (decimal)

	LINE	      633400	Entry	Relocatable 	

		*************

PLOT	from DSK:PLTIO.REL	created by MACRO on  2-Feb-83 at 15:53:50
	High segment starts at	633466 ends at	635601 length	  2114 (octal),  1100. (decimal)

	LPTOUT	      635363	Entry	Relocatable 		NUMBER	      635217	Entry	Relocatable 	
	PLOT	      633533	Entry	Relocatable 		PLOT.	      633601	Entry	Relocatable 	
	PLOTI	      635472	Entry	Relocatable 		PLOTS	      633467	Entry	Relocatable 	
		LINK symbol map of	LINK	version 5A(2030)		page 17
PLOT
	SYMBOL	      633723	Entry	Relocatable 		WHERE	      635211	Entry	Relocatable 	
	XY2CHR	      635517	Entry	Relocatable 	

		*************

LNKLOW	from DSK:LNKLOW.REL	created by MACRO on  2-Feb-83 at 15:48:48
	Low  segment starts at	   140 ends at	  1410 length	  1251 (octal),   681. (decimal)

	AC.JF	        1017	Global	Relocatable 		AS.FSP	         655	Global	Relocatable 	
	AS.LNK	         644	Global	Relocatable 		AS.NB	         633	Global	Relocatable 	
	AS.PP	         666	Global	Relocatable 		AS.UB	         600	Global	Relocatable 	
	AS.ZE	         677	Global	Relocatable 		BG.FSP	         661	Global	Relocatable 	
	BG.LNK	         650	Global	Relocatable 		BG.NB	         637	Global	Relocatable 	
	BG.PP	         672	Global	Relocatable 		BG.ZE	         703	Global	Relocatable 	
	BRNPTR	        1330	Global	Relocatable 		DY.FSP	         652	Global	Relocatable 	
	DY.LNK	         641	Global	Relocatable 		DY.NB	         630	Global	Relocatable 	
	DY.PP	         663	Global	Relocatable 		DY.ZE	         674	Global	Relocatable 	
	FALC	         726	Global	Relocatable Suppressed	FC.JF	        1015	Global	Relocatable 	
	FDEV	         733	Global	Relocatable Suppressed	FLEN	         722	Global	Relocatable Suppressed
	FVER	         723	Global	Relocatable Suppressed	FX.FR	         625	Global	Relocatable 	
	FX.FSP	         660	Global	Relocatable 		FX.LNK	         647	Global	Relocatable 	
	FX.NB	         636	Global	Relocatable 		FX.PP	         671	Global	Relocatable 	
	FX.PT	         614	Global	Relocatable 		FX.UB	         603	Global	Relocatable 	
	FX.ZE	         702	Global	Relocatable 		FXC.S1	         451	Global	Relocatable 	
	FXC.S2	         452	Global	Relocatable 		FXSPC	         512	Global	Relocatable 	
	G.DIRM	        1055	Global	Relocatable 		G.PROT	        1052	Global	Relocatable 	
	G.ZER	        1046	Global	Relocatable 		GC.JF	        1014	Global	Relocatable 	
	GLBBEG	         305	Global	Relocatable 		GLBEND	         315	Global	Relocatable 	
	GS.NB	         640	Global	Relocatable 		GS.PP	         673	Global	Relocatable 	
	GS.ZE	         704	Global	Relocatable 		H.EZER	         744	Global	Relocatable Suppressed
	H.ZER	         705	Global	Relocatable Suppressed	HB.AS	         502	Global	Relocatable 	
	HB.BG	         506	Global	Relocatable 		HB.DY	         477	Global	Relocatable 	
	HB.FX	         505	Global	Relocatable 		HB.GS	         507	Global	Relocatable 	
	HB.HC	         501	Global	Relocatable 		HB.LC	         500	Global	Relocatable 	
	HB.RT	         503	Global	Relocatable 		HB.S0	         477	Global	Relocatable Suppressed
	HB.S2	         501	Global	Relocatable Suppressed	HC.FR	         621	Global	Relocatable 	
	HC.FSP	         654	Global	Relocatable 		HC.LNK	         643	Global	Relocatable 	
	HC.NB	         632	Global	Relocatable 		HC.PP	         665	Global	Relocatable 	
	HC.PT	         610	Global	Relocatable 		HC.ZE	         676	Global	Relocatable 	
	HP.S0	         442	Global	Relocatable Suppressed	LBLOCK	         715	Global	Relocatable 	
	LC.FSP	         653	Global	Relocatable 		LC.LNK	         642	Global	Relocatable 	
	LC.NB	         631	Global	Relocatable 		LC.PP	         664	Global	Relocatable 	
	LC.PT	         607	Global	Relocatable 		LC.ZE	         675	Global	Relocatable 	
	LS.FSP	         657	Global	Relocatable 		LS.LNK	         646	Global	Relocatable 	
	LS.NB	         635	Global	Relocatable 		LS.ZE	         701	Global	Relocatable 	
	LW.BG	         464	Global	Relocatable 		LW.DY	         455	Global	Relocatable 	
	LW.GS	         465	Global	Relocatable 		LW.HC	         457	Global	Relocatable 	
	LW.RT	         461	Global	Relocatable 		MC.JF	        1006	Global	Relocatable 	
	MIXFOR	        1145	Global	Relocatable 		O.BFR	        1114	Global	Relocatable 	
	O.DIRM	        1101	Global	Relocatable 		O.SNC	        1115	Global	Relocatable 	
	O.ZER	        1072	Global	Relocatable 		OC.JF	        1010	Global	Relocatable 	
	OPNFF	         711	Global	Relocatable Suppressed	OPNSZ	         710	Global	Relocatable Suppressed
	OV.S0	        1367	Global	Relocatable Suppressed	PAG.BG	         475	Global	Relocatable Suppressed
	PAG.DY	         466	Global	Relocatable Suppressed	PAG.GS	         476	Global	Relocatable Suppressed
		LINK symbol map of	LINK	version 5A(2030)		page 18
LNKLOW
	PAG.HC	         470	Global	Relocatable Suppressed	PTHARG	         351	Global	Relocatable 	
	PTHEND	         361	Global	Relocatable 		PTHSCN	         352	Global	Relocatable 	
	PV.S0	        1371	Global	Relocatable Suppressed	RC.JF	        1007	Global	Relocatable 	
	RGNNAM	        1314	Global	Relocatable 		RGNNUM	        1313	Global	Relocatable 	
	RT.FSP	         656	Global	Relocatable 		RT.LNK	         645	Global	Relocatable 	
	RT.NB	         634	Global	Relocatable 		RT.PP	         667	Global	Relocatable 	
	RT.UB	         601	Global	Relocatable 		RT.ZE	         700	Global	Relocatable 	
	SAVP1	        1231	Global	Relocatable 		SC.JF	        1013	Global	Relocatable 	
	SFDEND	         744	Global	Relocatable Suppressed	SFDSCN	         735	Global	Relocatable Suppressed
	SO.S0	         436	Global	Relocatable Suppressed	SO.S1	         437	Global	Relocatable 	
	SUBLEN	         511	Global	Relocatable 		SVSAT1	        1224	Global	Relocatable 	
	SYMSRT	        1154	Global	Relocatable 		TAB.PP	         663	Global	Relocatable 	
	TC.JF	        1016	Global	Relocatable 		UW.BG	         475	Global	Relocatable 	
	UW.DY	         466	Global	Relocatable 		UW.FX	         474	Global	Relocatable 	
	UW.GS	         476	Global	Relocatable 		UW.HC	         470	Global	Relocatable 	
	UW.RT	         472	Global	Relocatable 		ZC.JF	        1004	Global	Relocatable 	

		*************

.SCAN	from SYS:SCAN.REL	created by MACRO on 14-Jul-82 at 14:20:06
	Low  segment starts at	  1411 ends at	  2207 length	   577 (octal),   383. (decimal)
	High segment starts at	635602 ends at	644325 length	  6524 (octal),  3412. (decimal)

	E.DSI	      640637	Global	Relocatable 		E.FMI	      636677	Global	Relocatable 	
	E.FMO	      636675	Global	Relocatable 		E.ILSC	      636702	Global	Relocatable 	
	E.INCL	      636701	Global	Relocatable 		E.SVNG	      640651	Global	Relocatable 	
	E.SVR	      640653	Global	Relocatable 		E.SVTL	      640647	Global	Relocatable 	
	E.UKK	      640627	Global	Relocatable 		F.NAM	        2025	Global	Relocatable 	
	N.CORE	        1477	Global	Relocatable 		N.EZER	        1476	Global	Relocatable Suppressed
	N.OFFS	        1500	Global	Relocatable 		N.ZER	        1455	Global	Relocatable Suppressed
	.ALDON	      636654	Global	Relocatable 		.ASCQC	      642042	Global	Relocatable 	
	.ASCQW	      642041	Global	Relocatable 		.BLOKC	      641671	Global	Relocatable 	
	.BLOKW	      641670	Global	Relocatable 		.CCLRB	      643145	Global	Relocatable 	
	.CKNEG	      642034	Global	Relocatable 		.CLRBF	      643147	Global	Relocatable 	
	.CLRFL	      637162	Global	Relocatable 		.CLSNS	      637464	Global	Relocatable 	
	.COREC	      641700	Global	Relocatable 		.COREW	      641677	Global	Relocatable 	
	.DATIC	      640745	Global	Relocatable 		.DATIF	      640723	Global	Relocatable 	
	.DATIG	      640724	Global	Relocatable 		.DATIM	      640744	Global	Relocatable 	
	.DATIP	      640734	Global	Relocatable 		.DATIQ	      640735	Global	Relocatable 	
	.DECNC	      641737	Global	Relocatable 		.DECNW	      641736	Global	Relocatable 	
	.FILIN	      637074	Global	Relocatable 		.FMSG	      643042	Global	Relocatable 	
	.FMSGD	      643054	Global	Relocatable 		.FMSGE	      643112	Global	Relocatable 	
	.FMSGF	      643074	Global	Relocatable 		.FMSGN	      643050	Global	Relocatable 	
	.FMSGO	      643060	Global	Relocatable 		.FMSGX	      643121	Global	Relocatable 	
	.GTIND	      636731	Global	Relocatable 		.GTSPC	      637331	Global	Relocatable 	
	.ISCAN	      635602	Entry	Relocatable 		.KEYWD	      637477	Global	Relocatable 	
	.KLIND	      642774	Global	Relocatable 		.LASWD	        2155	Global	Relocatable 	
	.LEFTX	      641657	Global	Relocatable 		.MKPJN	      635734	Global	Relocatable 	
	.MNRET	      643207	Global	Relocatable 		.MONRT	      643200	Global	Relocatable 	
	.MYPPN	        1411	Global	Relocatable 		.NAME	      641564	Global	Relocatable 	
	.NAMEC	      641452	Global	Relocatable 		.NAMEW	      641451	Global	Relocatable 	
	.NMUE	        2154	Global	Relocatable Suppressed	.NMUL	        2117	Global	Relocatable 	
	.NOCTC	      641440	Global	Relocatable 		.NOCTW	      641437	Global	Relocatable 	
	.NOQTE	        1453	Global	Relocatable 		.OCTNC	      641773	Global	Relocatable 	
		LINK symbol map of	LINK	version 5A(2030)		page 19
.SCAN
	.OCTNW	      641772	Global	Relocatable 		.OPTN	        2114	Global	Relocatable 	
	.OSCAN	      636351	Global	Relocatable 		.OSDFS	      637431	Global	Relocatable 	
	.PSCAN	      636541	Global	Relocatable 		.QSCAN	      636557	Global	Relocatable 	
	.QUOTE	        1454	Global	Relocatable 		.REEAT	      642362	Global	Relocatable 	
	.RUNCM	      637004	Global	Relocatable 		.SCANZ	        1411	Global	Relocatable Suppressed
	.SENEG	      642030	Global	Relocatable 		.SIXMC	      642102	Global	Relocatable 	
	.SIXMW	      642101	Global	Relocatable 		.SIXQC	      642076	Global	Relocatable 	
	.SIXQW	      642075	Global	Relocatable 		.SIXSC	      642062	Global	Relocatable 	
	.SIXSW	      642061	Global	Relocatable 		.STOPN	      643037	Global	Relocatable 	
	.SWASQ	      642041	Global	Relocatable Suppressed	.SWCOR	      637762	Global	Relocatable 	
	.SWDEC	      637756	Global	Relocatable 		.SWDON	      645571	Global	Relocatable Suppressed
	.SWDPB	      640177	Global	Relocatable 		.SWDTF	      640723	Global	Relocatable Suppressed
	.SWDTM	      640744	Global	Relocatable Suppressed	.SWDTP	      640734	Global	Relocatable Suppressed
	.SWFIL	      637764	Global	Relocatable 		.SWHLP	      640111	Global	Relocatable 	
	.SWMAX	      640164	Global	Relocatable 		.SWOCT	      637760	Global	Relocatable 	
	.SWSIX	      642061	Global	Relocatable Suppressed	.SWSXM	      642101	Global	Relocatable Suppressed
	.SWSXQ	      642075	Global	Relocatable Suppressed	.TERRP	      643217	Global	Relocatable 	
	.TIALT	      642154	Global	Relocatable 		.TIAUC	      642140	Global	Relocatable 	
	.TICAN	      642125	Global	Relocatable 		.TICHE	      642415	Global	Relocatable 	
	.TICHG	      642156	Global	Relocatable 		.TICHR	      642224	Global	Relocatable 	
	.TICHT	      642407	Global	Relocatable 		.TICQT	      642146	Global	Relocatable 	
	.TIGET	      642445	Global	Relocatable 		.TIMUC	      642141	Global	Relocatable 	
	.TISQT	      642151	Global	Relocatable 		.TSCAN	      636025	Global	Relocatable 	
	.TYPRE	      642476	Global	Relocatable 		.VERSC	      641567	Global	Relocatable 	
	.VERSW	      641566	Global	Relocatable 		.VSCAN	      636266	Global	Relocatable 	

		*************

.VERBO	from SYS:SCAN.REL	created by MACRO on 14-Jul-82 at 14:20:06
	Low  segment starts at	  2210 ends at	  2211 length	     2 (octal),     2. (decimal)
	High segment starts at	644326 ends at	644415 length	    70 (octal),    56. (decimal)

	.ERMSA	      644327	Entry	Relocatable 		.ERMSG	      644326	Entry	Relocatable 	
	.FLCBF	        2211	Global	Relocatable 		.FLVRB	        2210	Global	Relocatable 	
	.VERBO	      644375	Entry	Relocatable 		.VRBOZ	        2210	Global	Relocatable Suppressed

		*************

.TNEWL	from SYS:SCAN.REL	created by MACRO on 14-Jul-82 at 14:20:06

	Zero length module

		*************

.TOUTS	from SYS:SCAN.REL	created by MACRO on 14-Jul-82 at 14:20:06
	Low  segment starts at	  2212 ends at	  2212 length	     1 (octal),     1. (decimal)
	High segment starts at	644416 ends at	645143 length	   526 (octal),   342. (decimal)

	GUIDT.	      644706	Global	Relocatable 		.TASTR	      645061	Global	Relocatable 	
	.TBLOK	      644753	Global	Relocatable 		.TCHAR	      645072	Global	Relocatable 	
	.TCOLN	      645063	Global	Relocatable 		.TCOMA	      645065	Global	Relocatable 	
	.TCORW	      644757	Global	Relocatable 		.TCRLF	      644774	Global	Relocatable 	
	.TDATE	      644566	Global	Relocatable 		.TDATN	      644565	Global	Relocatable 	
	.TDEC2	      644621	Global	Relocatable 		.TDECW	      645031	Global	Relocatable 	
		LINK symbol map of	LINK	version 5A(2030)		page 20
.TOUTS
	.TDIRB	      644463	Global	Relocatable 		.TDTTM	      644551	Global	Relocatable 	
	.TFBLK	      644441	Global	Relocatable 		.TFCHR	      644630	Global	Relocatable 	
	.TMOHW	      644531	Global	Relocatable 		.TOCTW	      645030	Global	Relocatable 	
	.TOFEB	      644420	Global	Relocatable 		.TOLEB	      644422	Global	Relocatable 	
	.TOUTZ	        2212	Global	Relocatable Suppressed	.TPPNW	      645003	Global	Relocatable 	
	.TRBRK	      645011	Global	Relocatable 		.TRDXW	      645032	Global	Relocatable 	
	.TSIXN	      645013	Global	Relocatable 		.TSPAC	      645071	Global	Relocatable 	
	.TSTRG	      645051	Global	Relocatable 		.TTABC	      645067	Global	Relocatable 	
	.TTIME	      644604	Global	Relocatable 		.TTIMN	      644603	Global	Relocatable 	
	.TVERW	      644720	Global	Relocatable 		.TXWDW	      645022	Global	Relocatable 	
	.TXWWW	      644522	Global	Relocatable 		.TYOCH	      644416	Entry	Relocatable 	

		*************

.STOPB	from SYS:SCAN.REL	created by MACRO on 14-Jul-82 at 14:20:06
	High segment starts at	645144 ends at	645277 length	   134 (octal),    92. (decimal)

	.STOPB	      645144	Entry	Relocatable 	

		*************

.CNTDT	from SYS:SCAN.REL	created by MACRO on 14-Jul-82 at 14:20:06
	High segment starts at	645300 ends at	645441 length	   142 (octal),    98. (decimal)

	.CNTDT	      645300	Entry	Relocatable 		.CNVDT	      645357	Entry	Relocatable 	
	.GTNOW	      645351	Entry	Relocatable 	

		*************

.GTPUT	from SYS:SCAN.REL	created by MACRO on 14-Jul-82 at 14:20:06
	High segment starts at	645442 ends at	645533 length	    72 (octal),    58. (decimal)

	.GTWRD	      645500	Entry	Relocatable 		.ISLGI	      645520	Entry	Relocatable 	
	.LKNAM	      645442	Entry	Relocatable 		.MKMSK	      645511	Entry	Relocatable 	
	.PTWRD	      645505	Entry	Relocatable 	

		*************

.SAVE	from SYS:SCAN.REL	created by MACRO on 14-Jul-82 at 14:20:06
	High segment starts at	645534 ends at	645610 length	    55 (octal),    45. (decimal)

	.POP4T	      645603	Entry	Relocatable 		.POPJ	      645572	Entry	Relocatable 	
	.POPJ1	      645571	Entry	Relocatable 		.PSH4T	      645574	Entry	Relocatable 	
	.SAVE1	      645534	Entry	Relocatable 		.SAVE2	      645541	Entry	Relocatable 	
	.SAVE3	      645547	Entry	Relocatable 		.SAVE4	      645556	Entry	Relocatable 	
	.SAVX4	      645564	Global	Relocatable 	

		*************

.HELPR	from SYS:HELPER.REL	created by MACRO on 14-Jul-82 at 14:05:02
	High segment starts at	645611 ends at	645765 length	   155 (octal),   109. (decimal)

	HELPER	      645611	Entry	Relocatable 		.HELPR	      645612	Entry	Relocatable 	

		LINK symbol map of	LINK	version 5A(2030)		page 21

		*************

LNKHST	from DSK:LNKHST.REL	created by MACRO on  2-Feb-83 at 15:48:57

	Zero length module

		*************

JOBDAT	from SYS:JOBDAT.REL	created by MACRO on 14-Jul-82 at 14:05:56

	Zero length module

		*************


	Index to LINK symbol map of	LINK	version 5A(2030)		page 22

	Name	Page	Name	Page	Name	Page	Name	Page

	ALOG	15	IFX.0	15	LNKLOW	17	PLTUTL	14
	ALOG.	16	INT	14	LNKMAP	11	SIN	16
	ALOG10	15	JOBDAT	21	LNKNEW	 9	SIN.	16
	COS	16	LINE	16	LNKOLD	 7	SIND	16
	COSD	16	LINK	 1	LNKOV1	 2	.CNTDT	20
	EXP	15	LNK400	13	LNKOV2	11	.GTPUT	20
	EXP.	15	LNKCOR	 9	LNKOVS	12	.HELPR	20
	EXP2	15	LNKCST	 9	LNKPLT	13	.HIGH.	 1
	FLOAT	14	LNKERR	11	LNKPRM	13	.SAVE	20
	FLOAT.	14	LNKFIO	 5	LNKSCN	 2	.SCAN	18
	FLT.0	15	LNKHSH	 7	LNKWLD	 4	.STOPB	20
	FLT.14	15	LNKHST	 1	LNKXIT	12	.TNEWL	19
	FORMSC	14	LNKHST	21	PLOT	16	.TOUTS	19
	IFIX	14	LNKLOD	 5	PLTGLB	14	.TSUBS	13
	IFIX.	14	LNKLOG	11	PLTO..	13	.VERBO	19

	[End of LINK map of	LINK]
 