FILE RSXT20.SYS;1 MEMORY ALLOCATION MAP
THIS ALLOCATION WAS DONE ON 22-FEB-88
AT 11:05 BY TASK BUILDER VERSION       



*** ROOT SEGMENT: EXELIB


R/W MEM  LIMITS: 000000 071063 071064
DISK BLK LIMITS: 000002 000073 000072
IDENTIFICATION : B15050
PRG XFR ADDRESS: 011454
TASK ATTRIBUTES: NC,NH        


PROGRAM SECTION ALLOCATION SYNOPSIS:

<. BLK.>: 000000 070563 070564
<TEXT  >: 070564 071060 000275
<. ABS.>: 000000 000000 000000


*** FILE: EXELIB.OLB;1  TITLE: LC      IDENT: B15050

<. ABS.>: 000000 000055 000056

    .CLKSZ 000007    M.PARQ 000002    D.CDH1 000003    D.CDMB 000204  
    .DQPSZ 000010    D.CDLS 000004    D.CDL1 000002    ERRDEX 000003  
    H.KCAC 000020    L.DT0  000003    D.CDTE 000202    H.KMOS 000002  
    ERRPTO 000005    CDBA   177164    LPRMZ  000042    H.KCHN 000010  
    TTCNT  000205    .BGBST 076000    ERRFME 000006    ERRDPE 000010  
    L.DX0  000005    L.DX1  000006    L.RP4  000002    ERRTRR 000012  
    ERRTSP 000011    EHSG   000006    D.CLPT 000005    D.CLOG 000205  
    CDCC   177162    CRBFLN 000240    EHSM   000010    LPEXPA 175400  
    LPEXPZ 000020    L.TTY  000001    H.KEXT 000004    D.CCDR 000006  
    KLNLGL 000016    CRSIZE 000010    LPSIZE 000010    D.CCLK 000007  
    DMYN   000004    DHCNT  000200    ERRCES 000001    D.CCPU 000200  
    LPMCB  000020    KLNPLN 000026    DLECNT 000004    D.CCTY 000001  
    MF2NUM 000004    ERRCPE 000007    D.CKLE 000201    D.CKLN 000210  
    CRSTLN 000016    LPCSA  000002    ERRCST 000004    ERREPE 000002  
    LPSTLN 000030    EMYN   000002    LPTHD  000004    LPRTY  000024  
    CDST   177160    CDDB   177166    H.KPWR 000040    LPRMA  000040  
    LPITH  000006    H.KUDF 000001    LPSTS  000000    LPRMC  000044  
    D.FEPD 000010    LPCSM  000022    DLCNT  000005    .BGLEN 002000  
    D.CRJP 000203  

<. BLK.>: 000000 012471 012472

    .DQDLS 010142-R  TO11SP 001310-R  DNBLK  005636-R  OKPAL0 001412-R
    RPBUF  005532-R  .KLITK 001126-R  .NOHLT 001123-R  .FREPL 001426-R
    .CLKSW 001136-R  .KLMON 001177-R  .DQDL1 010102-R  DXUNIT 005522-R
    LPCEVF 006240-R  .RPADR 005720-R  CRCEVF 005732-R  DNFCN  005640-R
    STSTT  001326-R  .CPDV  001262-R  .CKASS 001050-R  .MSIZE 001114-R
    STSWD  005610-R  .KLIWD 001132-R  $BTMSK 002650-R  CRTBL  006224-R
    .PRSTA 001364-R  DMTMP  002652-R  .STDTZ 006370-R  .CRSB  001272-R
    .KACFL 001420-R  NULTSK 007542-R  PRVTSK 007502-R  FETBL  005572-R
    .INHDM 002604-R  STDDTE 006436-R  .VERNO 001036-R  .ERRPC 011346-R
    BYCNT  002734-R  .COMEF 001010-R  .STDTA 006364-R  .STDTC 006366-R
    EMGSTK 011562-R  .RP1PE 010402-R  .RPSIZ 005724-R  SPSAV  001020-R
    .STDTB 006372-R  .KLCPU 001176-R  DXPKT  005524-R  STDDX  006536-R
    .EXEND 001002-R  STDQPR 007076-R  CTYSTS 002672-R  .PFIOW 001030-R
    BLKTT  005654-R  PRMEMN 001240-R  .PRADR 001362-R  .RPELC 005546-R
    .RPELQ 005544-R  .CPUSN 011342-R  CNT    002732-R  RPTPD  010002-R
    BYTESA 005606-R  DEXST  001352-R  .DTBLK 001402-R  TO10AS 001324-R
    DTETPD 007622-R  TTTBL  003004-R  DXTSK  007442-R  EMTSTK 001116-R
    CR$RES 012026-R  DTETSK 007142-R  .CRSND 002634-R  .KLRLD 001172-R
    CR$TBT 012034-R  TTYEND 005054-R  COMBSE 001236-R  .KLERW 001166-R
    .CTYPT 002642-R  .BGBUF 001422-R  .SEWFL 001016-R  .PFAIL 001026-R
    .KLERQ 001130-R  .KLFCF 001173-R  CMNABO 011664-R  .RPUNT 005714-R
    DLTBL  003004-R  FETSK  007402-R  LPTSK  007302-R  .BTSCH 001162-R
    STDINS 006676-R  TOXQIP 001401-R  .BRKCH 002636-R  DEPOF  001242-R
    RPUNIT 005540-R  .TKTN  001124-R  .KPAC  001416-R  CRHUNG 005734-R
    .DXRTY 001372-R  .YEAR  001142-R  PROTBL 001244-R  .PAT1. 000040-R
    .RP2PE 010452-R  .KLFLG 001174-R  NODADR 005602-R  $UNIT  002646-R
    .PAT3. 000234-R  .RP4PE 010572-R  .CRQZ  001256-R  KPAL0  001404-R
    .KLNBC 001206-R  KPAL1  001414-R  DNSTS  005646-R  .DQCDR 010202-R
    LPHUNG 006242-R  STDCDR 006776-R  .PAT4. 000520-R  STATI  001344-R
    .PAT2. 000120-R  .PFASS 001052-R  DX0PEN 011032-R  DHTMP  002654-R
    .PRDCT 001370-R  STSW2  005066-R  .POLLH 001432-R  TO10PK 005614-R
    TO10QC 001332-R  TO10Q  001334-R  .CRSZ  001264-R  .IODBG 011372-R
    .RP6PE 010712-R  TRPASV 001120-R  .KLNFD 001212-R  TO10SZ 001322-R
    .SSM   001150-R  RPCW2  005542-R  .LCEND 011374-R  DXRTC  005500-R
    .ABFLG 002610-R  .POLND 002336-R  .KLNFT 001210-R  .KLNLB 001206-R
    .IBFLO 005062-R  TTPEN  010262-R  CDTSK  007342-R  DX1PEN 011102-R
    RPTSK  007242-R  CREVFG 005730-R  CR$DTD 012020-R  .PRPSE 001400-R
    .TTP11 002640-R  .KLNMD 001224-R  CR$FTA 011722-R  CROBAR 001034-R
    .CRPB  001266-R  .RHSN  005552-R  .POLST 001436-R  DMTBE  003004-R
    LPEVFG 006236-R  .S2IDC 005056-R  .IBFOK 005064-R  .KLNPT 002644-R
    CTYPTR 002642-R  .EBPEQ 001374-R  SY0PUD 011272-R  LPSTBH 006246-R
    PWRXSP 001032-R  RPPEN  010332-R  CRSTBH 005740-R  CRSTBK 005742-R
    .CRPFL 005736-R  .EBPEC 001376-R  LOWCOD 000000-R  .DATE  001140-R
    LPSTBK 006250-R  .KLNPE 001226-R  DTEMSK 001274-R  .DATE3 001140-R
    DXTPD  007762-R  .KLNPW 001226-R  .KLNPB 001204-R  DXVCB  005506-R
    CR$T04 011776-R  FETPD  007642-R  CRADR  002736-R  STDFED 006476-R
    .PRDTE 001366-R  .HRDWR 011344-R  .TKPS  001154-R  .MON   001145-R
    .KLNSW 001234-R  LPTPD  007702-R  .KLNTD 001220-R  .KLNTT 001216-R
    GENTPD 010042-R  .PUDBA 010262-R  .FESTB 001000-R  LP0PUD 011152-R
    DHSTSV 002660-R  STDRPT 006636-R  CREXP  006226-R  .FEACT 005716-R
    TTPKT  002740-R  .ACKAL 001164-R  .SERFG 001014-R  INSTPD 007602-R
    .PUDEA 011342-R  QPRTPD 007742-R  DXCNT  005502-R  ADRSAV 005604-R
    .CPFN  001260-R  DMTBL  002742-R  TMOCNT 002670-R  DEXTM1 001360-R
    DEXTM2 001356-R  DEXTM3 001354-R  DXBUF  005504-R  QPRTSK 007502-R
    .DST   001146-R  ABCHAR 011364-R  FE0PUD 011222-R  IGNO   012364-R
    .PFDBG 011370-R  KLNPTR 002644-R  .MISC  011362-R  .S2ITP 005060-R
    LPUNIT 006234-R  .FEMOD 001170-R  TTYTPD 007662-R  LPUTBL 006360-R
    CRBUFF 005762-R  INITLM 011454-R  RPRTC  005526-R  .SNDBF 002614-R
    TO11AS 001316-R  .ATLLH 007136-R  .CRHD  001270-R  CPYRGT 011374-R
    .SNDCN 002624-R  TO11BS 001320-R  DLTMP  002656-R  CRBUFH 005760-R
    LPTBL  006300-R  TO11DV 001306-R  STDTTY 007036-R  CRTHD  006224-R
    LPTBL3 006340-R  LPTBL2 006320-R  CRSTS  006230-R  TTYTSK 007202-R
    TO11FN 001304-R  .CLKEA 002602-R  .CLKBA 002376-R  .TTS2F 005054-R
    .DAY   001144-R  .DQPBA 010062-R  .RHPB  005550-R  TO11FW 001312-R
    .CRTSK 001006-R  .RHPD  011366-R  .DQPEA 010262-R  .RP3PE 010522-R
    .NOERR 001122-R  TO11GW 001314-R  .LPPFL 006244-R  TO11HD 001302-R
    DTEADR 001276-R  .EBRTY 001373-R  STDLPT 006736-R  .RP5PE 010642-R
    EQSZ   001340-R  .TTELC 002664-R  .TTELQ 002662-R  .SNDLP 002612-R
    DTTSK  007402-R  .TTELB 002666-R  .ABCNT 002606-R  .DOW   001147-R
    .KLMF2 001200-R  PARSAV 001022-R  .TICKS 001134-R  .SYUIC 001156-R
    .BTPRM 001160-R  .RP7PE 010762-R  .DQLPT 010162-R  CDRTPD 007722-R
    .TPDBA 007602-R  TO11NP 001300-R  RPRNA  005530-R  .TPDEA 010062-R
    TO11Q  001342-R  TO11QC 001333-R  .ERRCD 011354-R  DHTBL  003054-R
    DLETBL 003014-R  RPCNT  005536-R  .DQDH0 010122-R  F11TPD 010022-R
    STDF11 006576-R  CR$MPE 012064-R


*** FILE: EXELIB.OLB;1  TITLE: SCH     IDENT: B15050

<. ABS.>: 000000 000000 000000

    T.RAP4 000000    T.RAPF 000016    T.RAPR 000010    T.RAPT 000014  
    E.RQM  000010    TN.TRP 000014    D.SZ   000006    DV.EOF 000040  
    KBB0   177562    $DSW   000046    A.TS   000014    UF.RH  000200  
    T.RAPI 000006    T.RAPM 000002    S.PC   000020    A.FM   000024  
    EF.CLK 000002    E.WFM  000011    S.RB   000026    S.LZ   000014  
    .INTEN 000100    UC.DIR 000010    U.VA   000026    PRS1   175614  
    UC.F11 040000    R.AT   000006    KL.SPF 000040    KL.KAC 001000  
    U.PR   000042    T.RF   000014    E.FSND 000040    UC.PSE 010000  
    K.LCKL 177777    CH.LAB 000001    EF.PFR 004000    Q.SZ   000020  
    TS.WF0 000014    DE.01  000377    KS.CPE 001000    U.CH   000032  
    TS.WF1 000016    TS.WF4 000024    E.IOD  000005    PRB0   177566  
    KBS0   177560    TS.WF2 000020    T.HP   000012    UC.SDI 000020  
    LKS    177546    E.FCTC 000077    H.ISP  000100    DE.04  000374  
    KS.EPE 000004    .PARRG 172100    UF.TL  000100    TN.LRF 000040  
    K.LRBA 000007    DE.03  000375    E.RSS  000014    U.UI   000030  
    H.LUT  000130    DE.02  000376    EF.CRI 002000    E.CLK  000002  
    KS.CST 000020    SF.FX  000002    E.FCRI 000073    K.LRAC 000001  
    E.TMO  000007    CH.NAT 000020    U.SZ   000050    CH.FOR 000100  
    Q.DZ   000016    H.HSZ  000002    U.GC   000031    U.RP   000016  
    S.DI   000011    KL.ABO 010000    DE.06  000372    CH.NDC 000010  
    U.LBH  000044    EF.CTC 040000    DE.08  000370    DE.05  000373  
    DE.07  000371    SF.ST  100000    EV.PF  000200    EF.FCP 001000  
    S.BA   000012    K.LCON 000004    A.PD   000006    DE.09  000367  
    C.FM   000010    R.DP   000011    Q.SP   000006    DV.LIN 002000  
    EF.RKH 002000    EF.RKP 010000    TS.SUS 000012    EF.RKR 001000  
    U.HA   000020    UT.PR  000001    EV.AS  000002    .FSRPT 000050  
    PB     000200    DV.HNG 001000    A.SZ   000036    A.PF   000034  
    U.RB   000024    N.PR   000010    STXAS  000000    KL.CFM 000002  
    EF.RQM 000200    EF.PR1 100000    EF.PR2 020000    SF.IR  040000  
    A.RP   000010    U.LBN  000046    EF.TMO 000100    KL.CFL 000400  
    K.LRMN 000003    R.PR   000010    S.FW   000006    K.LROP 000001  
    S.SS   000030    K.LRNG 000002    E.DTE  000001    UF.RD  000040  
    U.DN   000000    U.RF   000022    Q.ST   000004    DV.LOG 000100  
    A.HA   000012    A.EF   000020    T.RB   000016    K.LRPR 000002  
    R.FC   000014    EF.RSS 004000    UC.SQD 000040    A.SP   000004  
    PRI7   000340    N.BP   000002    K.LRRJ 177777    EF.TTY 000004  
    R.UI   000022    C.RS   000006    EM.DRO 000020    H.IPC  000076  
    PR7    000340    E.FPFR 000074    .BM873 173000    UC.INB 000400  
    CH.OFF 000200    UC.SWL 001000    U.UN   000002    KL.REQ 004000  
    DV.F11 000400    DE.90  000246    KL.VBD 000020    U.C1   000004  
    N.OVPT 000054    EF.NIR 000010    T.BA   000004    KS.PFT 000100  
    Q.AK   000012    U.TF   000042    DE.91  000245    DV.SCN 000010  
    Q.D1   000006    DE.93  000243    KL.VBN 000010    UC.CCL 000002  
    C.AT   000000    SF.TA  000001    DV.NXD 000001    UC.MNT 100000  
    E.FFCP 000072    DE.92  000244    UC.ISP 002000    U.C3   000010  
    D.FM   000002    AF.PP  000200    U.VP   000032    DE.94  000242  
    K.LDCM 000001    STXDX  000000    R.LU   000012    RF.XR  000002  
    DE.95  000241    KS.DEX 000010    KS.FCF 004000    S.DP   000010  
    E.FRKP 000075    PRS0   177564    DE.96  000240    A.TD   000016  
    DE.98  000236    E.FPR2 000076    DE.99  000235    E.FPR1 000100  
    KBB1   175612    T.FW   000010    R.AS   000020    U.FB   000003  
    DE.97  000237    E.TTY  000003    R.PB   000024    TS.TKN 000004  
    EF.BOV 000040    SF.EX  000004    K.LLTO 000006    H.IPS  000074  
    KL.LCA 000100    KS.PTO 000200    U.PC   000030    DE.10  000366  
    UC.REC 000001    T.PZ   000006    .CYLTM 000074    H.CSP  000000  
    KS.FME 000400    DE.11  000365    A.FB   000015    K.LBPW 000005  
    PS     177776    PRB1   175616    TS.EXT 000026    KS.DPE 002000  
    KBS1   175610    UC.COM 020000    S.SZ   000036    R.TD   000004  
    C.FA   000012    CH.UNL 000040    KS.TRR 000040    KS.TSP 000001  
    DV.URE 000200    N.FP   000000    TS.RUN 000010    .KALSC 000005  
    K.LSCK 000001    U.FO   000043    EF.DTE 000001    R.FN   000013  
    UT.SL  000002    K.LDRP 177777    UC.ETB 000100    T.PN   000000  
    K.LDSC 000003    UC.0SP 004000    D.AT   000000    S.TZ   000016  
    TF.OU  000002    TBIT   000020    K.LSKL 000001    S.DL   000032  
    E.BOV  000006    KL.DEF 002000    UF.OFL 000040    EV.SE  000001  
    EF.WFM 000400    C.SZ   000014    EF.SND 100000    S.SP   000022  
    DV.OFL 000002    DV.IOP 000020    S.TN   000000    TN.EMT 000012  
    E.RKH  000013    KL.LRM 000001    S.RF   000024    H.FOR  000052  
    H.OVL  000054    H.DSW  000046    DV.OIR 000004    U.AR   000034  
    R.SB   000016    KL.LVB 000004    CH     063400    K.LUND 000000  
    DV.CFG 004000    TS.LRF 000006    TS.LRQ 000002    DR.00  000000  
    Q.DA   000000    DR.01  000001    Q.TS   000002    H.FCP  000050  
    U.AF   000014    T.SZ   000020    UC.TTY 000004    DR.02  000002  
    EF.IOD 000020    U.ACP  000040    DR.03  000003    K.LUSR 177777  
    SF.PT  000001    U.C2   000006    S.TD   000004    Q.SI   000004  
    U.DACP 000036    STXCS  000000    D.FA   000004    E.NIR  000004  
    C.AS   000002    DE.80  000260    DE.81  000257    UT.LG  000004  
    T.RAPB 000004    E.RKR  000012    C.SD   000004    H.TKVA 000106  
    KS.CES 000002    U.C4   000012    T.RAPE 000012    TS.WF3 000022  

<. BLK.>: 012472 016261 003570

    NTKXSP 012752-R  .VCLUN 016104-R  CR$LRF 014256-R  .REQS  015276-R
    NULHD  012472-R  .DRSRN 013602-R  .FEPPU 016000-R  .RQESD 015770-R
    SNDMSG 013264-R  ..INTX 015062-R  ASXE1  014040-R  EMTTRP 013266-R
    CR$IAS 015272-R  .SSTCO 013556-R  .SSTET 013550-R  .STAST 016160-R
    .DR.NS 013710-R


*** FILE: EXELIB.OLB;1  TITLE: BOOT    IDENT: 015000

<. BLK.>: 016262 020163 001702

    .BTSTK 016542-R  BTPHD  016262-R


*** FILE: EXELIB.OLB;1  TITLE: PF      IDENT: 014050

<. BLK.>: 020164 020745 000562

    PWR.UP 020314-R  .PFRST 020522-R  CR$CBR 020344-R  .PWRDN 020164-R


*** FILE: EXELIB.OLB;1  TITLE: DMDTE   IDENT: B16000

<. BLK.>: 020746 022211 001244

    .D.DTE 020746-R  $RWDRG 022136-R  $PRVEX 022102-R  $DPMYG 021536-R
    $DPMYN 021606-R  $PRVDP 022066-R  $KLDFC 022010-R  $KLDFR 021630-R
    $KLDFW 021770-R  $KLDFX 021746-R  $DORBL 021104-R  $EXHSG 021614-R
    $EXHSM 021622-R  $DTEOF 021106-R  $DTEON 021114-R  $EXMYG 021570-R
    $EXMYN 021600-R


*** FILE: EXELIB.OLB;1  TITLE: DMASS   IDENT: 001000

<. BLK.>: 022212 022315 000104

    .D.ASS 022212-R


*** FILE: EXELIB.OLB;1  TITLE: DMGLI   IDENT: 001000

<. BLK.>: 022316 022345 000030

    .D.GLI 022316-R


*** FILE: EXELIB.OLB;1  TITLE: DMGTP   IDENT: 001000

<. BLK.>: 022346 022461 000114

    .D.GTP 022346-R


*** FILE: EXELIB.OLB;1  TITLE: DMSED   IDENT: 001000

<. BLK.>: 022462 022775 000314

    .D.SEF 022500-R  .D.DSE 022516-R  .D.WFO 022602-R  .D.WFS 022600-R
    .D.WFL 022656-R  .D.WSE 022764-R  .D.CEF 022462-R  .D.RAF 022554-R
    .D.REF 022540-R


*** FILE: EXELIB.OLB;1  TITLE: DMMKT   IDENT: 001000

<. BLK.>: 022776 023077 000102

    .D.MKT 022776-R


*** FILE: EXELIB.OLB;1  TITLE: DMCMT   IDENT: 001000

<. BLK.>: 023100 023145 000046

    .D.CMT 023100-R


*** FILE: EXELIB.OLB;1  TITLE: DMEXT   IDENT: 001000

<. BLK.>: 023146 023167 000022

    .D.EXT 023146-R


*** FILE: EXELIB.OLB;1  TITLE: DMQIO   IDENT: 001000

<. BLK.>: 023170 023637 000450

    .D.QIO 023170-R


*** FILE: EXELIB.OLB;1  TITLE: DMSAR   IDENT: 002000

<. BLK.>: 023640 024253 000414

    .D.SEN 023640-R  .D.REC 024106-R  .D.ROS 024106-R  .D.ROE 024106-R
    .SEND  024006-R  .D.SAR 023654-R


*** FILE: EXELIB.OLB;1  TITLE: DMSDV   IDENT: 001000

<. BLK.>: 024254 024265 000012

    .D.STV 024254-R


*** FILE: EXELIB.OLB;1  TITLE: DMAST   IDENT: 001000

<. BLK.>: 024266 024307 000022

    .D.PUT 024266-R


*** FILE: EXELIB.OLB;1  TITLE: DMREQ   IDENT: 001000

<. BLK.>: 024310 024535 000226

    RQSPT  024516-R  .D.REQ 024310-R


*** FILE: EXELIB.OLB;1  TITLE: DMGPP   IDENT: 001000

<. BLK.>: 024536 024657 000122

    .D.GPP 024536-R


*** FILE: EXELIB.OLB;1  TITLE: DMGMP   IDENT: 001000

<. BLK.>: 024660 025011 000132

    .D.GMP 024660-R


*** FILE: EXELIB.OLB;1  TITLE: RUN     IDENT: 016000

<. BLK.>: 025012 025217 000206

    .TICK  025012-R


*** FILE: EXELIB.OLB;1  TITLE: QPRDRV  IDENT: B15140

<. ABS.>: 000000 000000 000000

    BC.TDU 000015    BC.THU 000016    BC.HAD 000002    BC.HDS 000007  
    BC.XEN 000034    BC.RQD 000001    BC.FNM 000041    BC.FOD 000013  
    EF.TED 000100    BC.LDR 000030    BC.LDV 000031    BC.RTD 000011  
    BC.NDM 000037    BC.XOF 000020    BC.XON 000021    E.FN   000004  
    E.DV   000006    BC.HSN 000040    BC.HTD 000012    BC.LNC 000004  
    E.FP   000000    BC.DEB 000036    BC.DES 000010    E.OPSZ 000060  
    E.LS   000002    BC.NSA 000032    BC.SAK 000017    BC.SDS 000006  
    BC.BTP 000024    BC.BTW 000035    BC.SKP 000033    BC.SLA 000023  
    BC.SNA 000014    E.FW   000010    BC.SPT 000026    BC.STR 000003  
    BC.STS 000022    BC.EDR 000027    BC.AKA 000025    BC.RDS 000005  

<. BLK.>: 025220 030441 003222

    CR$ILF 026036-R  NOSNDA 026060-R  QPRDTC 025604-R  QPRDTE 025610-R
    LINCHR 027302-R  SETLIN 026356-R  DTEHD  025304-R  RCVKLP 027540-R
    UNRGFN 026034-R  HANGUP 026176-R  SETDEB 027600-R  COPBUF 030130-R
    SPDTBL 025244-R  XON    026744-R  ENBXOF 026052-R  .RQSPD 025226-R
    RTNTOD 027212-R  FLDVOT 027502-R  XOFF   026730-R  DIALUP 026130-R
    HICTS  026766-R  SETSPD 026376-R  HIDVST 027236-R  RTDVST 027236-R
    BTWCHR 026702-R  DFTBL  025734-R  RETTOD 027444-R  HISN   027120-R
    ACKNOW 026344-R  DTESP  025564-R  .SNDAL 027624-R  LDLPR  027236-R
    STRDAT 027236-R  SNDALL 027616-R  STDVST 027236-R  LDLPV  027236-R
    STPLIN 026604-R  CLRDEB 027610-R  EDRMT  026042-R


*** FILE: EXELIB.OLB;1  TITLE: DTEDRV  IDENT: 014310

<. ABS.>: 000000 000000 000000

    .OBFLO 001200  

<. BLK.>: 030442 032553 002112

    CR$ILQ 031600-R  CR$ETE 030522-R  .ELEDN 031052-R  .STTNF 032206-R
    .STTNQ 032200-R  CR$TET 030504-R  .KPALV 032144-R  CR$PT4 031650-R
    CR$PT3 031544-R  CR$PT1 031216-R  CR$PT2 031234-R  CR$DTF 030610-R
    CR$DTB 031124-R  .STELD 031700-R  .STELI 031766-R  .DTINT 030442-R
    .TENDN 030564-R  CR$UIE 031456-R  .DRBEL 031356-R


*** FILE: EXELIB.OLB;1  TITLE: TTYDRR  IDENT: B15060

<. ABS.>: 000000 000000 000000

    C.HVTB 000013    TT.RSI 020000    DL.RNG 040000    T.HCAD 000004  
    C.HXOF 000023    T.HCBC 000006    C.HXON 000021    C.HTAB 000011  
    DL.RTS 000004    DL.DSC 100000    DL.DTR 000002    THRED  000000  
    S2.LCL 004000    C.HFFD 000014    T.HRED 000000    TT.ABW 000010  
    T.HFCN 000007    DL.SRD 002000    DL.STD 000010    TT.ABL 000040  
    DL.UNA 001420    C.HLFD 000012    T.HHDS 000010    S0.SPD 037700  
    DH.FER 020000    S2.DDN 100000    S0.ABR 100000    S2.DIP 040000  
    S2.DIS 020000    TTYEXP 000002    DL.CAR 010000    TT.SIP 001000  
    STSW0  000004    STSW1  000006    TT.OUT 000001    S0.ISP 001700  
    TT.SND 140000    TT.SNI 040000    TT.CRW 000004    T.HBCT 000002  
    TT.IGN 010000    TT.CTY 000002    S0.MSK 140000    S0.OSP 036000  
    TT.XEN 000020    S0.CON 040000    DL.CTS 020000    S2.SSZ 001000  
    DL.XEN 000100    C.HSPC 000040    TT.XOF 000200    C.HEOF 000032  
    C.HCRT 000015    C.HESC 000033    DL.RAC 004000    S2.CHR 000377  
    TT.RIP 002000    TT.LSP 020000    DL.RDE 000001    DL.RDN 000200  
    TT.FEC 014000    TT.FEI 004000    DL.REN 000100    DL.DEN 000040  
    S2.CNT 001400    TT.NSA 000400    TT.RMT 000100    DL.FER 020000  
    S2.RES 002000    S2.ENB 010000    C.HALT 000033    C.HPAR 000200  
    TT.BRK 004000  

<. BLK.>: 032554 044257 011504

    .TFXOF 044242-R  .TFXON 044232-R  .STDHL 040476-R  $DMINT 040766-R
    .DHXOF 043040-R  .DHXON 043162-R  SPDPAR 033234-R  .TTRST 043242-R
    FERCHK 036740-R  SNDBEL 037144-R  .TTXOF 042762-R  .TTXON 043104-R
    .DLSTO 035210-R  TTINI  033254-R  TTYSP  033034-R  .STTYH 041226-R
    .STTYD 041212-R  .DLINT 037544-R  .DHTMO 042030-R  .DLTMO 041520-R
    .TTFDI 042566-R  HSPSPD 033220-R  .TTDIS 043520-R  .DMTMO 042336-R
    CR$BO5 044206-R  .DLXOF 043046-R  .DLXON 043226-R  LSPSPD 033207-R
    $TTINP 037220-R  .TTBTW 044042-R  $DHOUT 034422-R  .TTICK 043356-R
    $TTOUT 035074-R  $DHINP 036400-R  .TTSTP 043056-R  HSPTAB 033173-R
    .TTSW2 044212-R  LSPTAB 033162-R  TTYHD  032554-R  .TTACK 035240-R
    .TTQDS 043412-R  .TTQEN 043422-R  .DHSPD 040714-R  .DHSPR 040602-R
    .DHSPZ 040540-R  .DLHUP 041376-R  .DHSPF 040654-R  .TTIXC 043462-R
    BELADR 037216-R  .TTCHK 043332-R  .DHSPA 040562-R  .DMUHU 041326-R
    .STPDM 041356-R  .DHSTO 035034-R  .DMHUP 041276-R  .KW11S 036236-R
    .TTENB 043676-R  .TTERL 042634-R


*** FILE: EXELIB.OLB;1  TITLE: SCOMM   IDENT: B14320

<. BLK.>: 044260 050763 004504

    BITTBL 044260-R  DIV216 045274-R  ..STPT 046400-R  ..STQ  047304-R
    .CEFN  044320-R  .CEFN3 044324-R  ..ERLG 044450-R  ..STTY 046164-R
    ..DTSP 050226-R  ..DTP2 050244-R  ..DTP1 050274-R  ..PICK 045476-R
    ..NADD 045434-R  ..VXFR 050312-R  ..VTOL 050406-R  ..VVLL 050570-R
    X8X97  044404-R  .CKDEL 044406-R  ..SWED 050126-R  ..DECN 046004-R
    ..DEC2 046000-R  ..DSEV 045264-R  ..IPRI 045360-R  ..DECB 046010-R
    INIAN  047366-R  ..ALCB 045654-R  ..ALC2 045670-R  CR$B03 047402-R
    ..WFED 047454-R  ..DQRN 044670-R  ..SACK 046630-R  ..ALOW 046144-R
    ..IODN 044550-R  ..SEFN 045212-R  ..NDEL 045320-R  ..FSTD 045574-R
    ..STCH 046564-R  ..ENB0 045540-R  ..BLXI 050320-R  ..STFC 046714-R
    ..BLXO 050332-R  ..STIN 047104-R


*** FILE: EXELIB.OLB;1  TITLE: ARITH   IDENT: 001000

<. BLK.>: 050764 051053 000070

    $MUL   050764-R  $DIV   051016-R


*** FILE: EXELIB.OLB;1  TITLE: DBDRV   IDENT: 014440

<. BLK.>: 051054 053041 001766

    MKDNR  051370-R  RPHD   051054-R  .DBINT 052222-R  WFDNR  051402-R
    RPSTK  051334-R


*** FILE: EXELIB.OLB;1  TITLE: DXDRV   IDENT: 007000

<. BLK.>: 053042 054473 001432

    $DXINT 054044-R  DXSTK  053322-R  DXHD   053042-R


*** FILE: EXELIB.OLB;1  TITLE: FEDRV   IDENT: 014220

<. BLK.>: 054474 056237 001544

    FEHD   054502-R  .FEST  055526-R  .FEACK 055422-R  FESTK  054762-R


*** FILE: EXELIB.OLB;1  TITLE: LPDRV   IDENT: 001000

<. ABS.>: 000000 000000 000000

    LPCCTR 000015    LPRAMD 000012    LPPCTR 000010    LPCKSM 000017  
    LPBCTR 000006    LPBSAD 000004    LPTDAT 000016    LPCBUF 000014  
    LPCSRA 000000    LPCSRB 000002  

<. BLK.>: 056240 063155 004716

    ..STLP 062170-R  $LPINT 061634-R  ..AKLP 062552-R  ..SPLP 062400-R
    ..DOLP 062774-R  ..DOL1 062760-R  LPHD   056240-R  LPSTK  056520-R
    INITLP 061534-R  ..PTLP 062632-R


*** FILE: EXELIB.OLB;1  TITLE: CRDRV   IDENT: 001000

<. BLK.>: 063156 065117 001742

    ..AKCR 065070-R  ..SPCR 065046-R  INITCR 064722-R  CRSTK  063436-R
    ..STCR 065024-R  $CDINT 064746-R  CRHD   063156-R


*** FILE: EXELIB.OLB;1  TITLE: INSTAL  IDENT: 014440

<. BLK.>: 065120 070563 003444

    INSTAL 066050-R  INSHD  065120-R  INSTK  065400-R  EXSP   065520-R

<TEXT  >: 070564 071060 000275



*** FILE: SYSLIB.OLB;6  TITLE: QIOSYM  IDENT: 0300  

<. ABS.>: 000000 000000 000000

    IE.ABO 177761    IE.ACT 177771    IE.ADP 177636    IE.ALN 177736  
    IE.AST 177660    IE.BAD 177777    IE.BBE 177710    IE.BDI 177714  
    IE.BDR 177716    IE.BDV 177711    IE.BHD 177700    IE.BLK 177754  
    IE.BNM 177712    IE.BTF 177675    IE.BTP 177725    IE.BVR 177701  
    IE.BYT 177755    IE.CKP 177766    IE.CKS 177742    IE.CLO 177732  
    IE.CON 177752    IE.DAA 177770    IE.DAO 177763    IE.DFU 177750  
    IE.DNA 177771    IE.DNR 177775    IE.DUN 177767    IE.DUP 177707  
    IE.EBX 177776    IE.EOF 177766    IE.EOT 177702    IE.EOV 177765  
    IE.EXP 177676    IE.FEX 177717    IE.FHE 177705    IE.FOP 177713  
    IE.HFU 177744    IE.HWR 177772    IE.IDU 177644    IE.IEF 177637  
    IE.IFC 177776    IE.IFU 177747    IE.ILL 177726    IE.ILU 177640  
    IE.INS 177776    IE.IPR 177641    IE.ISQ 177703    IE.ITI 177643  
    IE.ITS 177770    IE.LCK 177745    IE.LNL 177646    IE.MBK 177721  
    IE.MOD 177753    IE.NBF 177731    IE.NBK 177727    IE.NFI 177704  
    IE.NLN 177733    IE.NNC 177674    IE.NOD 177751    IE.NSF 177746  
    IE.OFL 177677    IE.ONP 177773    IE.OVR 177756    IE.PRI 177760  
    IE.RAC 177724    IE.RAT 177723    IE.RBG 177730    IE.RCN 177722  
    IE.RER 177740    IE.RNM 177715    IE.RSU 177757    IE.SDP 177635  
    IE.SNC 177735    IE.SPC 177772    IE.SQC 177734    IE.SRE 177762  
    IE.STK 177706    IE.ULN 177773    IE.UPN 177777    IE.VER 177774  
    IE.WAC 177743    IE.WAT 177741    IE.WER 177737    IE.WLK 177764  
    IE.2DV 177720    IO.ACE 007400    IO.ACR 006400    IO.ACW 007000  
    IO.ADS 014000    IO.APC 014000    IO.APV 014010    IO.ATT 001400  
    IO.CCI 014000    IO.CCT 002460    IO.CLN 003400    IO.CON 015400  
    IO.CRC 001020    IO.CRE 012000    IO.CTI 015400    IO.CTL 016400  
    IO.DAC 010000    IO.DCI 014400    IO.DCT 002470    IO.DEL 012400  
    IO.DET 002000    IO.DIS 016000    IO.DTI 016000    IO.ENA 006000  
    IO.EOF 003000    IO.ESA 002500    IO.EXT 011400    IO.FDX 003020  
    IO.FNA 004400    IO.HDX 003010    IO.HIS 015000    IO.INL 002400  
    IO.ITI 017000    IO.KIL 000012    IO.LED 012000    IO.LOV 001010  
    IO.LTK 000050    IO.MCS 013400    IO.MDA 016000    IO.MDI 014400  
    IO.MDO 015400    IO.MLO 006000    IO.MOD 003000    IO.MSO 005000  
    IO.RAL 001010    IO.RAT 013000    IO.RBC 003000    IO.RCI 015000  
    IO.RCV 015000    IO.RDB 001200    IO.RDN 000022    IO.REL 013400  
    IO.RHD 001010    IO.RLB 001000    IO.RLV 001100    IO.RNA 005400  
    IO.RNC 001004    IO.RNE 001020    IO.RTC 003400    IO.RTI 016400  
    IO.RTK 000060    IO.RVB 010400    IO.RWD 002400    IO.RWU 002540  
    IO.R1C 002400    IO.SAO 004000    IO.SCS 013000    IO.SDI 013000  
    IO.SDO 012400    IO.SEC 002520    IO.SEM 002440    IO.SHT 002410  
    IO.SLO 005400    IO.SMO 002560    IO.SNM 002450    IO.SPB 002420  
    IO.SPF 002440    IO.SSO 004400    IO.SST 002430    IO.STC 002500  
    IO.STP 016400    IO.SYN 003040    IO.TRM 002410    IO.UNL 000042  
    IO.WAT 013400    IO.WLB 000400    IO.WLS 000410    IO.WLV 000500  
    IO.WVB 011000    IO.XMT 014400    IO.XNA 014410    IQ.Q   000002  
    IQ.X   000001    IS.BV  000005    IS.CLR 000000    IS.CR  006401  
    IS.ESC 015401    IS.PND 000000    IS.RDD 000002    IS.SET 000002  
    IS.SUC 000001    QI.VER 000300  
RSXT20     CREATED BY  TKB    ON 22-FEB-88 AT 11:05	PAGE 1

GLOBAL CROSS REFERENCE                                  CREF   04.00 

SYMBOL	VALUE	   REFERENCES...

ABCHAR	011364-R  # LC        TTYDRR
ACKNOW	026344-R  # QPRDRV
ADRSAV	005604-R    FEDRV   # LC    
AF.PP 	000200    # SCH   
ASXE1 	014040-R    LC      # SCH   
A.EF  	000020      BOOT      CRDRV     DBDRV     DMQIO     DMSED     DTEDRV    FEDRV     LC        LPDRV     QPRDRV  # SCH   
                    SCOMM     TTYDRR
A.FB  	000015    # SCH   
A.FM  	000024      DMEXT     DMSED     LC      # SCH       SCOMM 
A.HA  	000012      DMGPP     FEDRV     INSTAL  # SCH       SCOMM 
A.PD  	000006      DMGMP     DMGPP     LC      # SCH   
A.PF  	000034      DMAST   # SCH   
A.RP  	000010      DMGPP     DMQIO   # SCH   
A.SP  	000004    # SCH   
A.SZ  	000036    # SCH   
A.TD  	000016      DMGPP     DMQIO     DMSAR     DMSDV     LC      # SCH   
A.TS  	000014      DMEXT     DMSAR     DMSED     LC      # SCH   
BC.AKA	000025    # QPRDRV    TTYDRR
BC.BTP	000024    # QPRDRV
BC.BTW	000035    # QPRDRV
BC.DEB	000036    # QPRDRV
BC.DES	000010    # QPRDRV
BC.EDR	000027    # QPRDRV
BC.FNM	000041      DTEDRV  # QPRDRV
BC.FOD	000013    # QPRDRV
BC.HAD	000002    # QPRDRV
BC.HDS	000007      CRDRV     LPDRV   # QPRDRV    SCOMM 
BC.HSN	000040    # QPRDRV
BC.HTD	000012    # QPRDRV
BC.LDR	000030      LPDRV   # QPRDRV
BC.LDV	000031      LPDRV   # QPRDRV
BC.LNC	000004    # QPRDRV    SCOMM 
BC.NDM	000037    # QPRDRV
BC.NSA	000032    # QPRDRV
BC.RDS	000005      LPDRV   # QPRDRV
BC.RQD	000001    # QPRDRV
BC.RTD	000011    # QPRDRV
BC.SAK	000017    # QPRDRV    SCOMM 
BC.SDS	000006      LPDRV   # QPRDRV
BC.SKP	000033    # QPRDRV
BC.SLA	000023    # QPRDRV    TTYDRR
BC.SNA	000014    # QPRDRV
BC.SPT	000026    # QPRDRV
BC.STR	000003      CRDRV     FEDRV     LPDRV   # QPRDRV
BC.STS	000022    # QPRDRV
BC.TDU	000015    # QPRDRV    TTYDRR
BC.THU	000016    # QPRDRV    TTYDRR
BC.XEN	000034    # QPRDRV
BC.XOF	000020    # QPRDRV
BC.XON	000021    # QPRDRV
BELADR	037216-R  # TTYDRR
BITTBL	044260-R  # SCOMM     TTYDRR
RSXT20     CREATED BY  TKB    ON 22-FEB-88 AT 11:05	PAGE 2

GLOBAL CROSS REFERENCE                                  CREF   04.00 

SYMBOL	VALUE	   REFERENCES...

BLKTT 	005654-R    FEDRV   # LC    
BTPHD 	016262-R  # BOOT      LC    
BTWCHR	026702-R  # QPRDRV
BYCNT 	002734-R  # LC        TTYDRR
BYTESA	005606-R    FEDRV   # LC    
CDBA  	177164      CRDRV   # LC    
CDCC  	177162      CRDRV   # LC    
CDDB  	177166      CRDRV   # LC    
CDRTPD	007722-R  # LC    
CDST  	177160      CRDRV   # LC    
CDTSK 	007342-R  # LC    
CH    	063400    # SCH   
CH.FOR	000100    # SCH   
CH.LAB	000001    # SCH   
CH.NAT	000020    # SCH   
CH.NDC	000010    # SCH   
CH.OFF	000200    # SCH   
CH.UNL	000040    # SCH   
CLRDEB	027610-R  # QPRDRV
CMNABO	011664-R  # LC        SCH   
CNT   	002732-R  # LC        TTYDRR
COMBSE	001236-R    DMDTE   # LC    
COPBUF	030130-R  # QPRDRV    SCH       SCOMM 
CPYRGT	011374-R  # LC    
CRADR 	002736-R  # LC        TTYDRR
CRBFLN	000240      CRDRV   # LC    
CRBUFF	005762-R    CRDRV   # LC    
CRBUFH	005760-R  # LC    
CRCEVF	005732-R    CRDRV   # LC    
CREVFG	005730-R    CRDRV   # LC    
CREXP 	006226-R    CRDRV   # LC    
CRHD  	063156-R  # CRDRV     LC    
CRHUNG	005734-R    CRDRV   # LC    
CROBAR	001034-R  # LC        PF    
CRSIZE	000010    # LC    
CRSTBH	005740-R  # LC    
CRSTBK	005742-R    CRDRV   # LC    
CRSTK 	063436-R  # CRDRV     LC    
CRSTLN	000016      CRDRV   # LC    
CRSTS 	006230-R    CRDRV   # LC    
CRTBL 	006224-R    CRDRV   # LC    
CRTHD 	006224-R  # LC    
CR$BO5	044206-R  # TTYDRR
CR$B03	047402-R  # SCOMM 
CR$CBR	020344-R  # PF    
CR$DTB	031124-R  # DTEDRV
CR$DTD	012020-R  # LC    
CR$DTF	030610-R  # DTEDRV
CR$ETE	030522-R  # DTEDRV
CR$FTA	011722-R  # LC    
CR$IAS	015272-R  # SCH   
CR$ILF	026036-R  # QPRDRV
RSXT20     CREATED BY  TKB    ON 22-FEB-88 AT 11:05	PAGE 3

GLOBAL CROSS REFERENCE                                  CREF   04.00 

SYMBOL	VALUE	   REFERENCES...

CR$ILQ	031600-R  # DTEDRV
CR$LRF	014256-R  # SCH   
CR$MPE	012064-R  # LC    
CR$PT1	031216-R  # DTEDRV
CR$PT2	031234-R  # DTEDRV
CR$PT3	031544-R  # DTEDRV
CR$PT4	031650-R  # DTEDRV
CR$RES	012026-R  # LC    
CR$TBT	012034-R  # LC    
CR$TET	030504-R  # DTEDRV
CR$T04	011776-R  # LC    
CR$UIE	031456-R  # DTEDRV
CTYPTR	002642-R  # LC        QPRDRV    TTYDRR
CTYSTS	002672-R  # LC        TTYDRR
C.AS  	000002    # SCH   
C.AT  	000000      DMCMT   # SCH   
C.FA  	000012    # SCH   
C.FM  	000010    # SCH   
C.HALT	000033    # TTYDRR
C.HCRT	000015    # TTYDRR
C.HEOF	000032    # TTYDRR
C.HESC	000033    # TTYDRR
C.HFFD	000014    # TTYDRR
C.HLFD	000012    # TTYDRR
C.HPAR	000200    # TTYDRR
C.HSPC	000040    # TTYDRR
C.HTAB	000011    # TTYDRR
C.HVTB	000013    # TTYDRR
C.HXOF	000023    # TTYDRR
C.HXON	000021    # TTYDRR
C.RS  	000006    # SCH   
C.SD  	000004    # SCH   
C.SZ  	000014      DMCMT     DMMKT     RUN     # SCH       SCOMM 
DEPOF 	001242-R    DMDTE   # LC    
DEXST 	001352-R    DMDTE   # LC        SCOMM 
DEXTM1	001360-R    DMDTE   # LC    
DEXTM2	001356-R    DMDTE   # LC    
DEXTM3	001354-R    DMDTE   # LC    
DE.01 	000377      DMMKT     DMQIO     DMREQ   # SCH   
DE.02 	000376      DMDTE     DMGMP     DMSAR   # SCH   
DE.03 	000375      DMDTE   # SCH   
DE.04 	000374      DMSAR   # SCH   
DE.05 	000373      DMGLI     DMQIO   # SCH   
DE.06 	000372    # SCH   
DE.07 	000371    # SCH   
DE.08 	000370      DMAST     DMSAR   # SCH   
DE.09 	000367    # SCH   
DE.10 	000366    # SCH   
DE.11 	000365    # SCH   
DE.80 	000260    # SCH   
DE.81 	000257    # SCH   
DE.90 	000246      DMASS   # SCH   
RSXT20     CREATED BY  TKB    ON 22-FEB-88 AT 11:05	PAGE 4

GLOBAL CROSS REFERENCE                                  CREF   04.00 

SYMBOL	VALUE	   REFERENCES...

DE.91 	000245    # SCH   
DE.92 	000244      DMASS   # SCH   
DE.93 	000243    # SCH   
DE.94 	000242    # SCH   
DE.95 	000241    # SCH   
DE.96 	000240    # SCH   
DE.97 	000237      DMCMT     DMMKT     DMSED   # SCH       SCOMM 
DE.98 	000236      DMSED   # SCH   
DE.99 	000235      DMDTE   # SCH   
DFTBL 	025734-R  # QPRDRV
DHCNT 	000200    # LC    
DHSTSV	002660-R  # LC        TTYDRR
DHTBL 	003054-R  # LC        QPRDRV    TTYDRR
DHTMP 	002654-R  # LC        TTYDRR
DH.FER	020000    # TTYDRR
DIALUP	026130-R  # QPRDRV
DIV216	045274-R    DMSED   # SCOMM 
DLCNT 	000005    # LC        QPRDRV
DLECNT	000004    # LC        TTYDRR
DLETBL	003014-R  # LC        TTYDRR
DLTBL 	003004-R  # LC        QPRDRV    TTYDRR
DLTMP 	002656-R  # LC        TTYDRR
DL.CAR	010000    # TTYDRR
DL.CTS	020000    # TTYDRR
DL.DEN	000040    # TTYDRR
DL.DSC	100000    # TTYDRR
DL.DTR	000002    # TTYDRR
DL.FER	020000    # TTYDRR
DL.RAC	004000    # TTYDRR
DL.RDE	000001    # TTYDRR
DL.RDN	000200    # TTYDRR
DL.REN	000100    # TTYDRR
DL.RNG	040000    # TTYDRR
DL.RTS	000004    # TTYDRR
DL.SRD	002000    # TTYDRR
DL.STD	000010    # TTYDRR
DL.UNA	001420    # TTYDRR
DL.XEN	000100    # TTYDRR
DMTBE 	003004-R  # LC        TTYDRR
DMTBL 	002742-R  # LC        QPRDRV    TTYDRR
DMTMP 	002652-R  # LC        TTYDRR
DMYN  	000004      DMDTE     DTEDRV  # LC    
DNBLK 	005636-R    FEDRV   # LC    
DNFCN 	005640-R    FEDRV   # LC    
DNSTS 	005646-R    FEDRV   # LC    
DR.00 	000000      DMSED   # SCH   
DR.01 	000001      DMASS     DMAST     DMCMT     DMDTE     DMEXT     DMGLI     DMGPP     DMGTP     DMMKT     DMQIO     DMSAR 
                    DMSDV     DMSED   # SCH   
DR.02 	000002      DMSAR     DMSED   # SCH   
DR.03 	000003      DMSAR   # SCH   
DTEADR	001276-R    DTEDRV  # LC    
DTEHD 	025304-R    LC      # QPRDRV
RSXT20     CREATED BY  TKB    ON 22-FEB-88 AT 11:05	PAGE 5

GLOBAL CROSS REFERENCE                                  CREF   04.00 

SYMBOL	VALUE	   REFERENCES...

DTEMSK	001274-R    DTEDRV  # LC    
DTESP 	025564-R    LC      # QPRDRV
DTETPD	007622-R  # LC    
DTETSK	007142-R    DTEDRV  # LC    
DTTSK 	007402-R  # LC    
DV.CFG	004000    # SCH   
DV.EOF	000040    # SCH   
DV.F11	000400    # SCH   
DV.HNG	001000    # SCH   
DV.IOP	000020    # SCH   
DV.LIN	002000    # SCH       TTYDRR
DV.LOG	000100      DBDRV   # SCH       SCOMM     TTYDRR
DV.NXD	000001    # SCH   
DV.OFL	000002    # SCH   
DV.OIR	000004    # SCH   
DV.SCN	000010    # SCH   
DV.URE	000200      DBDRV   # SCH       SCOMM     TTYDRR
DXBUF 	005504-R    DXDRV   # LC    
DXCNT 	005502-R    DXDRV   # LC    
DXHD  	053042-R  # DXDRV     LC    
DXPKT 	005524-R    DXDRV   # LC    
DXRTC 	005500-R    DXDRV   # LC    
DXSTK 	053322-R  # DXDRV     LC    
DXTPD 	007762-R  # LC    
DXTSK 	007442-R    DXDRV   # LC    
DXUNIT	005522-R    DXDRV   # LC    
DXVCB 	005506-R    DXDRV   # LC    
DX0PEN	011032-R  # LC    
DX1PEN	011102-R  # LC    
D.AT  	000000    # SCH   
D.CCDR	000006      CRDRV   # LC    
D.CCLK	000007    # LC    
D.CCPU	000200    # LC        QPRDRV
D.CCTY	000001    # LC        QPRDRV
D.CDH1	000003    # LC    
D.CDLS	000004    # LC        QPRDRV    SCOMM     TTYDRR
D.CDL1	000002    # LC    
D.CDMB	000204    # LC    
D.CDTE	000202    # LC        TTYDRR
D.CKLE	000201    # LC    
D.CKLN	000210    # LC    
D.CLOG	000205    # LC    
D.CLPT	000005    # LC        LPDRV     TTYDRR
D.CRJP	000203    # LC        QPRDRV    TTYDRR
D.FA  	000004    # SCH   
D.FEPD	000010      FEDRV   # LC    
D.FM  	000002    # SCH   
D.SZ  	000006    # SCH   
EDRMT 	026042-R  # QPRDRV
EF.BOV	000040    # SCH   
EF.CLK	000002    # SCH   
EF.CRI	002000      BOOT      PF      # SCH   
RSXT20     CREATED BY  TKB    ON 22-FEB-88 AT 11:05	PAGE 6

GLOBAL CROSS REFERENCE                                  CREF   04.00 

SYMBOL	VALUE	   REFERENCES...

EF.CTC	040000    # SCH       TTYDRR
EF.DTE	000001    # SCH   
EF.FCP	001000      BOOT    # SCH   
EF.IOD	000020      DBDRV     DXDRV   # SCH       TTYDRR
EF.NIR	000010      DMQIO     FEDRV     LPDRV   # SCH       SCOMM     TTYDRR
EF.PFR	004000      BOOT      DTEDRV    LC        PF      # SCH   
EF.PR1	100000    # SCH       SCOMM 
EF.PR2	020000    # SCH       SCOMM     TTYDRR
EF.RKH	002000    # SCH       TTYDRR
EF.RKP	010000      QPRDRV  # SCH   
EF.RKR	001000    # SCH       TTYDRR
EF.RQM	000200    # SCH       TTYDRR
EF.RSS	004000    # SCH       TTYDRR
EF.SND	100000    # SCH   
EF.TED	000100      DTEDRV  # QPRDRV
EF.TMO	000100      LC      # SCH       TTYDRR
EF.TTY	000004    # SCH   
EF.WFM	000400    # SCH   
EHSG  	000006      DMDTE   # LC    
EHSM  	000010      DMDTE     DTEDRV  # LC    
EMGSTK	011562-R  # LC    
EMTSTK	001116-R  # LC        SCH   
EMTTRP	013266-R    LC      # SCH   
EMYN  	000002      DMDTE   # LC    
EM.DRO	000020      DMEXT   # SCH   
ENBXOF	026052-R  # QPRDRV
EQSZ  	001340-R    DTEDRV  # LC    
ERRCES	000001    # LC    
ERRCPE	000007    # LC    
ERRCST	000004    # LC    
ERRDEX	000003    # LC    
ERRDPE	000010    # LC    
ERREPE	000002    # LC    
ERRFME	000006    # LC    
ERRPTO	000005    # LC    
ERRTRR	000012    # LC    
ERRTSP	000011    # LC    
EV.AS 	000002    # SCH   
EV.PF 	000200      LC        PF      # SCH   
EV.SE 	000001      DMSED   # SCH       SCOMM 
EXSP  	065520-R  # INSTAL
E.BOV 	000006    # SCH   
E.CLK 	000002    # SCH   
E.DTE 	000001    # SCH   
E.DV  	000006    # QPRDRV
E.FCRI	000073    # SCH   
E.FCTC	000077    # SCH   
E.FFCP	000072    # SCH   
E.FN  	000004    # QPRDRV
E.FP  	000000    # QPRDRV
E.FPFR	000074    # SCH   
E.FPR1	000100    # SCH   
RSXT20     CREATED BY  TKB    ON 22-FEB-88 AT 11:05	PAGE 7

GLOBAL CROSS REFERENCE                                  CREF   04.00 

SYMBOL	VALUE	   REFERENCES...

E.FPR2	000076      BOOT    # SCH   
E.FRKP	000075    # SCH   
E.FSND	000040    # SCH   
E.FW  	000010    # QPRDRV
E.IOD 	000005      DBDRV     DXDRV   # SCH   
E.LS  	000002    # QPRDRV
E.NIR 	000004      DBDRV     DXDRV   # SCH   
E.OPSZ	000060    # QPRDRV    SCOMM 
E.RKH 	000013    # SCH   
E.RKR 	000012    # SCH   
E.RQM 	000010    # SCH   
E.RSS 	000014    # SCH   
E.TMO 	000007    # SCH   
E.TTY 	000003    # SCH   
E.WFM 	000011    # SCH   
FEHD  	054502-R  # FEDRV     LC    
FERCHK	036740-R  # TTYDRR
FESTK 	054762-R  # FEDRV     LC    
FETBL 	005572-R    FEDRV   # LC    
FETPD 	007642-R  # LC    
FETSK 	007402-R    BOOT      FEDRV   # LC    
FE0PUD	011222-R  # LC    
FLDVOT	027502-R  # QPRDRV
F11TPD	010022-R  # LC        SCH   
GENTPD	010042-R  # LC    
HANGUP	026176-R  # QPRDRV
HICTS 	026766-R  # QPRDRV
HIDVST	027236-R  # QPRDRV
HISN  	027120-R  # QPRDRV
HSPSPD	033220-R  # TTYDRR
HSPTAB	033173-R  # TTYDRR
H.CSP 	000000    # SCH   
H.DSW 	000046    # SCH   
H.FCP 	000050    # SCH   
H.FOR 	000052    # SCH   
H.HSZ 	000002    # SCH   
H.IPC 	000076    # SCH   
H.IPS 	000074    # SCH   
H.ISP 	000100    # SCH   
H.KCAC	000020    # LC    
H.KCHN	000010    # LC    
H.KEXT	000004    # LC    
H.KMOS	000002    # LC    
H.KPWR	000040    # LC    
H.KUDF	000001    # LC    
H.LUT 	000130      DMGPP     FEDRV   # SCH       SCOMM 
H.OVL 	000054    # SCH   
H.TKVA	000106      DMGPP   # SCH   
IE.ABO	177761      FEDRV   # QIOSYM    TTYDRR
IE.ACT	177771    # QIOSYM
IE.ADP	177636    # QIOSYM
IE.ALN	177736    # QIOSYM
RSXT20     CREATED BY  TKB    ON 22-FEB-88 AT 11:05	PAGE 8

GLOBAL CROSS REFERENCE                                  CREF   04.00 

SYMBOL	VALUE	   REFERENCES...

IE.AST	177660    # QIOSYM
IE.BAD	177777      FEDRV   # QIOSYM
IE.BBE	177710    # QIOSYM
IE.BDI	177714    # QIOSYM
IE.BDR	177716    # QIOSYM
IE.BDV	177711    # QIOSYM
IE.BHD	177700    # QIOSYM
IE.BLK	177754    # QIOSYM
IE.BNM	177712    # QIOSYM
IE.BTF	177675    # QIOSYM
IE.BTP	177725    # QIOSYM
IE.BVR	177701    # QIOSYM
IE.BYT	177755    # QIOSYM
IE.CKP	177766    # QIOSYM
IE.CKS	177742    # QIOSYM
IE.CLO	177732    # QIOSYM
IE.CON	177752    # QIOSYM
IE.DAA	177770    # QIOSYM
IE.DAO	177763    # QIOSYM
IE.DFU	177750    # QIOSYM
IE.DNA	177771    # QIOSYM
IE.DNR	177775    # QIOSYM
IE.DUN	177767    # QIOSYM
IE.DUP	177707    # QIOSYM
IE.EBX	177776    # QIOSYM
IE.EOF	177766    # QIOSYM
IE.EOT	177702    # QIOSYM
IE.EOV	177765    # QIOSYM
IE.EXP	177676    # QIOSYM
IE.FEX	177717    # QIOSYM
IE.FHE	177705    # QIOSYM
IE.FOP	177713    # QIOSYM
IE.HFU	177744    # QIOSYM
IE.HWR	177772    # QIOSYM
IE.IDU	177644    # QIOSYM
IE.IEF	177637    # QIOSYM
IE.IFC	177776    # QIOSYM
IE.IFU	177747    # QIOSYM
IE.ILL	177726    # QIOSYM
IE.ILU	177640    # QIOSYM
IE.INS	177776    # QIOSYM
IE.IPR	177641    # QIOSYM
IE.ISQ	177703    # QIOSYM
IE.ITI	177643    # QIOSYM
IE.ITS	177770    # QIOSYM
IE.LCK	177745    # QIOSYM
IE.LNL	177646    # QIOSYM
IE.MBK	177721    # QIOSYM
IE.MOD	177753    # QIOSYM
IE.NBF	177731    # QIOSYM
IE.NBK	177727    # QIOSYM
IE.NFI	177704    # QIOSYM
RSXT20     CREATED BY  TKB    ON 22-FEB-88 AT 11:05	PAGE 9

GLOBAL CROSS REFERENCE                                  CREF   04.00 

SYMBOL	VALUE	   REFERENCES...

IE.NLN	177733    # QIOSYM
IE.NNC	177674    # QIOSYM
IE.NOD	177751    # QIOSYM
IE.NSF	177746    # QIOSYM
IE.OFL	177677    # QIOSYM
IE.ONP	177773    # QIOSYM
IE.OVR	177756    # QIOSYM
IE.PRI	177760    # QIOSYM
IE.RAC	177724    # QIOSYM
IE.RAT	177723    # QIOSYM
IE.RBG	177730    # QIOSYM
IE.RCN	177722    # QIOSYM
IE.RER	177740    # QIOSYM
IE.RNM	177715    # QIOSYM
IE.RSU	177757    # QIOSYM
IE.SDP	177635    # QIOSYM
IE.SNC	177735    # QIOSYM
IE.SPC	177772    # QIOSYM
IE.SQC	177734    # QIOSYM
IE.SRE	177762    # QIOSYM
IE.STK	177706    # QIOSYM
IE.ULN	177773    # QIOSYM
IE.UPN	177777    # QIOSYM
IE.VER	177774      FEDRV   # QIOSYM
IE.WAC	177743    # QIOSYM
IE.WAT	177741    # QIOSYM
IE.WER	177737    # QIOSYM
IE.WLK	177764    # QIOSYM
IE.2DV	177720    # QIOSYM
IGNO  	012364-R  # LC    
INIAN 	047366-R    LC      # SCOMM 
INITCR	064722-R  # CRDRV 
INITLM	011454-R  # LC    
INITLP	061534-R  # LPDRV 
INSHD 	065120-R  # INSTAL    LC    
INSTAL	066050-R  # INSTAL    LC    
INSTK 	065400-R  # INSTAL    LC    
INSTPD	007602-R  # LC    
IO.ACE	007400    # QIOSYM
IO.ACR	006400    # QIOSYM
IO.ACW	007000    # QIOSYM
IO.ADS	014000    # QIOSYM
IO.APC	014000    # QIOSYM
IO.APV	014010    # QIOSYM
IO.ATT	001400      FEDRV   # QIOSYM    SCOMM 
IO.CCI	014000    # QIOSYM
IO.CCT	002460    # QIOSYM
IO.CLN	003400    # QIOSYM
IO.CON	015400    # QIOSYM
IO.CRC	001020    # QIOSYM
IO.CRE	012000    # QIOSYM
IO.CTI	015400    # QIOSYM
RSXT20     CREATED BY  TKB    ON 22-FEB-88 AT 11:05	PAGE 10

GLOBAL CROSS REFERENCE                                  CREF   04.00 

SYMBOL	VALUE	   REFERENCES...

IO.CTL	016400    # QIOSYM
IO.DAC	010000    # QIOSYM
IO.DCI	014400    # QIOSYM
IO.DCT	002470    # QIOSYM
IO.DEL	012400    # QIOSYM
IO.DET	002000    # QIOSYM    SCOMM 
IO.DIS	016000    # QIOSYM
IO.DTI	016000    # QIOSYM
IO.ENA	006000    # QIOSYM
IO.EOF	003000    # QIOSYM
IO.ESA	002500    # QIOSYM
IO.EXT	011400    # QIOSYM
IO.FDX	003020    # QIOSYM
IO.FNA	004400    # QIOSYM
IO.HDX	003010    # QIOSYM
IO.HIS	015000    # QIOSYM
IO.INL	002400    # QIOSYM
IO.ITI	017000    # QIOSYM
IO.KIL	000012    # QIOSYM
IO.LED	012000    # QIOSYM
IO.LOV	001010    # QIOSYM    SCOMM 
IO.LTK	000050    # QIOSYM    SCOMM 
IO.MCS	013400    # QIOSYM
IO.MDA	016000    # QIOSYM
IO.MDI	014400    # QIOSYM
IO.MDO	015400    # QIOSYM
IO.MLO	006000    # QIOSYM
IO.MOD	003000    # QIOSYM
IO.MSO	005000    # QIOSYM
IO.RAL	001010    # QIOSYM
IO.RAT	013000    # QIOSYM
IO.RBC	003000    # QIOSYM
IO.RCI	015000    # QIOSYM
IO.RCV	015000    # QIOSYM
IO.RDB	001200    # QIOSYM
IO.RDN	000022    # QIOSYM
IO.REL	013400    # QIOSYM
IO.RHD	001010    # QIOSYM
IO.RLB	001000      DMQIO   # QIOSYM    SCOMM     TTYDRR
IO.RLV	001100    # QIOSYM
IO.RNA	005400    # QIOSYM
IO.RNC	001004    # QIOSYM
IO.RNE	001020    # QIOSYM
IO.RTC	003400    # QIOSYM
IO.RTI	016400    # QIOSYM
IO.RTK	000060    # QIOSYM
IO.RVB	010400      DMQIO   # QIOSYM    SCOMM 
IO.RWD	002400    # QIOSYM
IO.RWU	002540    # QIOSYM
IO.R1C	002400    # QIOSYM
IO.SAO	004000    # QIOSYM
IO.SCS	013000    # QIOSYM
RSXT20     CREATED BY  TKB    ON 22-FEB-88 AT 11:05	PAGE 11

GLOBAL CROSS REFERENCE                                  CREF   04.00 

SYMBOL	VALUE	   REFERENCES...

IO.SDI	013000    # QIOSYM
IO.SDO	012400    # QIOSYM
IO.SEC	002520    # QIOSYM
IO.SEM	002440    # QIOSYM
IO.SHT	002410    # QIOSYM
IO.SLO	005400    # QIOSYM
IO.SMO	002560    # QIOSYM
IO.SNM	002450    # QIOSYM
IO.SPB	002420    # QIOSYM
IO.SPF	002440    # QIOSYM
IO.SSO	004400    # QIOSYM
IO.SST	002430    # QIOSYM
IO.STC	002500      DMQIO   # QIOSYM
IO.STP	016400    # QIOSYM
IO.SYN	003040    # QIOSYM
IO.TRM	002410    # QIOSYM
IO.UNL	000042    # QIOSYM
IO.WAT	013400    # QIOSYM
IO.WLB	000400      BOOT      DMQIO     FEDRV   # QIOSYM    SCOMM     TTYDRR
IO.WLS	000410    # QIOSYM
IO.WLV	000500    # QIOSYM
IO.WVB	011000      DMQIO   # QIOSYM
IO.XMT	014400    # QIOSYM
IO.XNA	014410    # QIOSYM
IQ.Q  	000002    # QIOSYM
IQ.X  	000001    # QIOSYM
IS.BV 	000005    # QIOSYM
IS.CLR	000000    # QIOSYM
IS.CR 	006401    # QIOSYM
IS.ESC	015401    # QIOSYM
IS.PND	000000    # QIOSYM
IS.RDD	000002    # QIOSYM
IS.SET	000002    # QIOSYM
IS.SUC	000001      FEDRV   # QIOSYM    TTYDRR
KBB0  	177562    # SCH   
KBB1  	175612    # SCH   
KBS0  	177560    # SCH   
KBS1  	175610    # SCH   
KLNLGL	000016    # LC    
KLNPLN	000026    # LC        QPRDRV
KLNPTR	002644-R  # LC        QPRDRV    SCOMM     TTYDRR
KL.ABO	010000    # SCH   
KL.CFL	000400    # SCH   
KL.CFM	000002    # SCH   
KL.DEF	002000    # SCH   
KL.KAC	001000    # SCH   
KL.LCA	000100    # SCH   
KL.LRM	000001    # SCH   
KL.LVB	000004    # SCH   
KL.REQ	004000    # SCH   
KL.SPF	000040    # SCH   
KL.VBD	000020    # SCH   
RSXT20     CREATED BY  TKB    ON 22-FEB-88 AT 11:05	PAGE 12

GLOBAL CROSS REFERENCE                                  CREF   04.00 

SYMBOL	VALUE	   REFERENCES...

KL.VBN	000010    # SCH   
KPAL0 	001404-R    DMDTE   # LC        TTYDRR
KPAL1 	001414-R    DTEDRV  # LC    
KS.CES	000002    # SCH       SCOMM 
KS.CPE	001000    # SCH   
KS.CST	000020    # SCH       TTYDRR
KS.DEX	000010    # SCH       SCOMM 
KS.DPE	002000    # SCH   
KS.EPE	000004    # SCH       SCOMM 
KS.FCF	004000    # SCH   
KS.FME	000400    # SCH   
KS.PFT	000100      PF      # SCH   
KS.PTO	000200      BOOT    # SCH   
KS.TRR	000040      DTEDRV  # SCH   
KS.TSP	000001    # SCH       SCOMM 
K.LBPW	000005    # SCH   
K.LCKL	177777    # SCH   
K.LCON	000004    # SCH   
K.LDCM	000001    # SCH   
K.LDRP	177777    # SCH   
K.LDSC	000003    # SCH   
K.LLTO	000006    # SCH   
K.LRAC	000001    # SCH   
K.LRBA	000007    # SCH   
K.LRMN	000003    # SCH   
K.LRNG	000002    # SCH   
K.LROP	000001    # SCH   
K.LRPR	000002    # SCH   
K.LRRJ	177777    # SCH   
K.LSCK	000001    # SCH   
K.LSKL	000001    # SCH   
K.LUND	000000    # SCH   
K.LUSR	177777    # SCH   
LDLPR 	027236-R  # QPRDRV
LDLPV 	027236-R  # QPRDRV
LINCHR	027302-R  # QPRDRV
LKS   	177546      PF      # SCH   
LOWCOD	000000-R  # LC    
LPBCTR	000006    # LPDRV 
LPBSAD	000004    # LPDRV 
LPCBUF	000014    # LPDRV 
LPCCTR	000015    # LPDRV 
LPCEVF	006240-R  # LC        LPDRV 
LPCKSM	000017    # LPDRV 
LPCSA 	000002    # LC        LPDRV 
LPCSM 	000022    # LC        LPDRV 
LPCSRA	000000    # LPDRV 
LPCSRB	000002    # LPDRV 
LPEVFG	006236-R  # LC        LPDRV 
LPEXPA	175400    # LC        LPDRV 
LPEXPZ	000020    # LC        LPDRV 
LPHD  	056240-R    LC      # LPDRV 
RSXT20     CREATED BY  TKB    ON 22-FEB-88 AT 11:05	PAGE 13

GLOBAL CROSS REFERENCE                                  CREF   04.00 

SYMBOL	VALUE	   REFERENCES...

LPHUNG	006242-R  # LC        LPDRV 
LPITH 	000006    # LC        LPDRV 
LPMCB 	000020    # LC        LPDRV 
LPPCTR	000010    # LPDRV 
LPRAMD	000012    # LPDRV 
LPRMA 	000040    # LC        LPDRV 
LPRMC 	000044    # LC        LPDRV 
LPRMZ 	000042    # LC        LPDRV 
LPRTY 	000024    # LC        LPDRV 
LPSIZE	000010    # LC        LPDRV 
LPSTBH	006246-R  # LC    
LPSTBK	006250-R  # LC        LPDRV 
LPSTK 	056520-R    LC      # LPDRV 
LPSTLN	000030    # LC        LPDRV 
LPSTS 	000000    # LC    
LPTBL 	006300-R  # LC        LPDRV 
LPTBL2	006320-R  # LC    
LPTBL3	006340-R  # LC    
LPTDAT	000016    # LPDRV 
LPTHD 	000004    # LC        LPDRV 
LPTPD 	007702-R  # LC    
LPTSK 	007302-R  # LC    
LPUNIT	006234-R  # LC        LPDRV 
LPUTBL	006360-R  # LC        LPDRV 
LP0PUD	011152-R  # LC    
LSPSPD	033207-R  # TTYDRR
LSPTAB	033162-R  # TTYDRR
L.DT0 	000003    # LC    
L.DX0 	000005    # LC    
L.DX1 	000006    # LC    
L.RP4 	000002    # LC    
L.TTY 	000001    # LC    
MF2NUM	000004    # LC    
MKDNR 	051370-R  # DBDRV 
M.PARQ	000002    # LC        TTYDRR
NODADR	005602-R    FEDRV   # LC    
NOSNDA	026060-R  # QPRDRV
NTKXSP	012752-R    LC      # SCH   
NULHD 	012472-R    LC      # SCH   
NULTSK	007542-R  # LC    
N.BP  	000002    # SCH       SCOMM 
N.FP  	000000    # SCH   
N.OVPT	000054    # SCH   
N.PR  	000010    # SCH       SCOMM 
OKPAL0	001412-R    DMDTE   # LC        TTYDRR
PARSAV	001022-R  # LC    
PB    	000200    # SCH   
PRB0  	177566      LC      # SCH   
PRB1  	175616      LC      # SCH   
PRI7  	000340    # SCH   
PRMEMN	001240-R    DMDTE   # LC    
PROTBL	001244-R    DMDTE   # LC    
RSXT20     CREATED BY  TKB    ON 22-FEB-88 AT 11:05	PAGE 14

GLOBAL CROSS REFERENCE                                  CREF   04.00 

SYMBOL	VALUE	   REFERENCES...

PRS0  	177564      LC      # SCH   
PRS1  	175614      LC      # SCH   
PRVTSK	007502-R  # LC    
PR7   	000340      FEDRV   # SCH   
PS    	177776      DBDRV     FEDRV   # SCH   
PWRXSP	001032-R  # LC        PF    
PWR.UP	020314-R  # PF    
QI.VER	000300    # QIOSYM
QPRDTC	025604-R  # QPRDRV
QPRDTE	025610-R  # QPRDRV
QPRTPD	007742-R  # LC    
QPRTSK	007502-R  # LC    
Q.AK  	000012      QPRDRV  # SCH   
Q.DA  	000000      QPRDRV  # SCH   
Q.DZ  	000016      QPRDRV  # SCH   
Q.D1  	000006      DMSAR   # SCH   
Q.SI  	000004      DMSAR   # SCH   
Q.SP  	000006      QPRDRV  # SCH   
Q.ST  	000004      QPRDRV  # SCH   
Q.SZ  	000020    # SCH   
Q.TS  	000002      QPRDRV  # SCH   
RCVKLP	027540-R  # QPRDRV
RETTOD	027444-R  # QPRDRV
RF.XR 	000002    # SCH   
RPBUF 	005532-R    DBDRV   # LC    
RPCNT 	005536-R    DBDRV   # LC    
RPCW2 	005542-R  # LC    
RPHD  	051054-R  # DBDRV     LC    
RPPEN 	010332-R  # LC    
RPRNA 	005530-R    DBDRV   # LC    
RPRTC 	005526-R    DBDRV   # LC    
RPSTK 	051334-R  # DBDRV     LC    
RPTPD 	010002-R  # LC    
RPTSK 	007242-R    DBDRV   # LC    
RPUNIT	005540-R    DBDRV   # LC    
RQSPT 	024516-R  # DMREQ 
RTDVST	027236-R  # QPRDRV
RTNTOD	027212-R  # QPRDRV
R.AS  	000020    # SCH       SCOMM 
R.AT  	000006      FEDRV   # SCH       SCOMM 
R.DP  	000011      FEDRV   # SCH   
R.FC  	000014      DBDRV     DMQIO     DXDRV     FEDRV     LPDRV   # SCH       SCOMM     TTYDRR
R.FN  	000013    # SCH       SCOMM 
R.LU  	000012      FEDRV   # SCH       SCOMM 
R.PB  	000024      DBDRV     DXDRV     FEDRV     LPDRV   # SCH       SCOMM     TTYDRR
R.PR  	000010    # SCH   
R.SB  	000016    # SCH       SCOMM 
R.TD  	000004    # SCH       SCOMM 
R.UI  	000022    # SCH   
SETDEB	027600-R  # QPRDRV
SETLIN	026356-R  # QPRDRV
SETSPD	026376-R  # QPRDRV
RSXT20     CREATED BY  TKB    ON 22-FEB-88 AT 11:05	PAGE 15

GLOBAL CROSS REFERENCE                                  CREF   04.00 

SYMBOL	VALUE	   REFERENCES...

SF.EX 	000004      DMREQ   # SCH   
SF.FX 	000002      LC      # SCH   
SF.IR 	040000      DMREQ   # SCH   
SF.PT 	000001    # SCH   
SF.ST 	100000      LC      # SCH   
SF.TA 	000001      DMREQ     LC      # SCH   
SNDALL	027616-R  # QPRDRV
SNDBEL	037144-R  # TTYDRR
SNDMSG	013264-R    QPRDRV  # SCH   
SPDPAR	033234-R  # TTYDRR
SPDTBL	025244-R  # QPRDRV
SPSAV 	001020-R  # LC    
STATI 	001344-R    DTEDRV  # LC    
STDCDR	006776-R  # LC    
STDDTE	006436-R  # LC    
STDDX 	006536-R  # LC    
STDFED	006476-R  # LC    
STDF11	006576-R  # LC    
STDINS	006676-R    DMREQ   # LC    
STDLPT	006736-R  # LC    
STDQPR	007076-R  # LC    
STDRPT	006636-R  # LC    
STDTTY	007036-R  # LC    
STDVST	027236-R  # QPRDRV
STPLIN	026604-R  # QPRDRV
STRDAT	027236-R  # QPRDRV
STSTT 	001326-R    DTEDRV  # LC    
STSWD 	005610-R    FEDRV   # LC    
STSW0 	000004    # TTYDRR
STSW1 	000006      QPRDRV    SCOMM   # TTYDRR
STSW2 	005066-R  # LC        TTYDRR
STXAS 	000000    # SCH   
STXCS 	000000    # SCH   
STXDX 	000000      LC      # SCH   
SY0PUD	011272-R  # LC    
S.BA  	000012    # SCH       SCOMM 
S.DI  	000011    # SCH   
S.DL  	000032    # SCH       SCOMM 
S.DP  	000010      DMREQ   # SCH   
S.FW  	000006      DMGPP     INSTAL  # SCH   
S.LZ  	000014    # SCH   
S.PC  	000020    # SCH   
S.RB  	000026      DMSAR   # SCH   
S.RF  	000024      DMREQ     DMSAR   # SCH   
S.SP  	000022    # SCH   
S.SS  	000030      DMSDV     LC      # SCH   
S.SZ  	000036    # SCH   
S.TD  	000004      INSTAL  # SCH   
S.TN  	000000      DMGPP     DMSAR   # SCH   
S.TZ  	000016    # SCH   
S0.ABR	100000    # TTYDRR
S0.CON	040000    # TTYDRR
RSXT20     CREATED BY  TKB    ON 22-FEB-88 AT 11:05	PAGE 16

GLOBAL CROSS REFERENCE                                  CREF   04.00 

SYMBOL	VALUE	   REFERENCES...

S0.ISP	001700    # TTYDRR
S0.MSK	140000    # TTYDRR
S0.OSP	036000    # TTYDRR
S0.SPD	037700    # TTYDRR
S2.CHR	000377    # TTYDRR
S2.CNT	001400    # TTYDRR
S2.DDN	100000    # TTYDRR
S2.DIP	040000    # TTYDRR
S2.DIS	020000    # TTYDRR
S2.ENB	010000    # TTYDRR
S2.LCL	004000    # TTYDRR
S2.RES	002000    # TTYDRR
S2.SSZ	001000    # TTYDRR
TBIT  	000020    # SCH   
TF.OU 	000002      LC      # SCH   
THRED 	000000    # TTYDRR
TMOCNT	002670-R  # LC        TTYDRR
TN.EMT	000012    # SCH   
TN.LRF	000040    # SCH   
TN.TRP	000014    # SCH   
TOXQIP	001401-R    BOOT      DTEDRV  # LC    
TO10AS	001324-R    DTEDRV  # LC    
TO10PK	005614-R    FEDRV   # LC    
TO10Q 	001334-R    BOOT      DTEDRV  # LC        QPRDRV    SCOMM 
TO10QC	001332-R    BOOT      DTEDRV  # LC    
TO10SZ	001322-R    DTEDRV  # LC    
TO11AS	001316-R    DTEDRV  # LC    
TO11BS	001320-R    DTEDRV  # LC    
TO11DV	001306-R    DTEDRV  # LC    
TO11FN	001304-R    DTEDRV  # LC    
TO11FW	001312-R    DTEDRV  # LC    
TO11GW	001314-R  # LC    
TO11HD	001302-R    DTEDRV  # LC    
TO11NP	001300-R    DTEDRV  # LC    
TO11Q 	001342-R    DTEDRV  # LC        QPRDRV
TO11QC	001333-R    DTEDRV  # LC    
TO11SP	001310-R  # LC    
TRPASV	001120-R  # LC        SCH   
TS.EXT	000026      DMEXT   # SCH   
TS.LRF	000006    # SCH   
TS.LRQ	000002    # SCH   
TS.RUN	000010      DMSAR     LC      # SCH   
TS.SUS	000012      DMSAR   # SCH   
TS.TKN	000004      LC      # SCH   
TS.WF0	000014      DMSED   # SCH   
TS.WF1	000016    # SCH   
TS.WF2	000020    # SCH   
TS.WF3	000022    # SCH   
TS.WF4	000024      DMSED   # SCH   
TTCNT 	000205    # LC        TTYDRR
TTINI 	033254-R  # TTYDRR
TTPEN 	010262-R    BOOT      CRDRV     DBDRV     DXDRV     FEDRV     INSTAL  # LC        LPDRV     QPRDRV    SCH       TTYDRR
RSXT20     CREATED BY  TKB    ON 22-FEB-88 AT 11:05	PAGE 17

GLOBAL CROSS REFERENCE                                  CREF   04.00 

SYMBOL	VALUE	   REFERENCES...

TTPKT 	002740-R  # LC        TTYDRR
TTTBL 	003004-R  # LC        QPRDRV    TTYDRR
TTYEND	005054-R  # LC        QPRDRV    TTYDRR
TTYEXP	000002      QPRDRV    SCOMM   # TTYDRR
TTYHD 	032554-R    LC      # TTYDRR
TTYSP 	033034-R    LC      # TTYDRR
TTYTPD	007662-R  # LC    
TTYTSK	007202-R  # LC        TTYDRR
TT.ABL	000040      QPRDRV  # TTYDRR
TT.ABW	000010      QPRDRV    SCOMM   # TTYDRR
TT.BRK	004000      QPRDRV  # TTYDRR
TT.CRW	000004    # TTYDRR
TT.CTY	000002      LC        QPRDRV    SCOMM   # TTYDRR
TT.FEC	014000    # TTYDRR
TT.FEI	004000    # TTYDRR
TT.IGN	010000      QPRDRV  # TTYDRR
TT.LSP	020000      QPRDRV  # TTYDRR
TT.NSA	000400      QPRDRV  # TTYDRR
TT.OUT	000001      QPRDRV    SCOMM   # TTYDRR
TT.RIP	002000    # TTYDRR
TT.RMT	000100      LC        QPRDRV  # TTYDRR
TT.RSI	020000    # TTYDRR
TT.SIP	001000      QPRDRV    SCOMM   # TTYDRR
TT.SND	140000    # TTYDRR
TT.SNI	040000      QPRDRV  # TTYDRR
TT.XEN	000020      QPRDRV  # TTYDRR
TT.XOF	000200      QPRDRV    SCOMM   # TTYDRR
T.BA  	000004      INSTAL  # SCH   
T.FW  	000010    # SCH   
T.HBCT	000002      DTEDRV    LPDRV     SCOMM   # TTYDRR
T.HCAD	000004      LPDRV     QPRDRV  # TTYDRR
T.HCBC	000006      LPDRV     SCOMM   # TTYDRR
T.HFCN	000007      SCOMM   # TTYDRR
T.HHDS	000010      QPRDRV  # TTYDRR
T.HP  	000012    # SCH   
T.HRED	000000    # TTYDRR
T.PN  	000000      DMGMP     DMGPP     INSTAL  # SCH   
T.PZ  	000006      DMGPP     INSTAL  # SCH   
T.RAPB	000004    # SCH   
T.RAPE	000012    # SCH   
T.RAPF	000016    # SCH   
T.RAPI	000006    # SCH   
T.RAPM	000002    # SCH   
T.RAPR	000010    # SCH   
T.RAPT	000014    # SCH   
T.RAP4	000000    # SCH   
T.RB  	000016    # SCH   
T.RF  	000014    # SCH   
T.SZ  	000020      DMGMP     INSTAL  # SCH   
UC.CCL	000002      LC      # SCH   
UC.COM	020000    # SCH   
UC.DIR	000010    # SCH   
RSXT20     CREATED BY  TKB    ON 22-FEB-88 AT 11:05	PAGE 18

GLOBAL CROSS REFERENCE                                  CREF   04.00 

SYMBOL	VALUE	   REFERENCES...

UC.ETB	000100    # SCH   
UC.F11	040000    # SCH   
UC.INB	000400    # SCH   
UC.ISP	002000    # SCH   
UC.MNT	100000    # SCH   
UC.PSE	010000    # SCH   
UC.REC	000001      LC      # SCH   
UC.SDI	000020    # SCH   
UC.SQD	000040    # SCH   
UC.SWL	001000    # SCH   
UC.TTY	000004      LC      # SCH   
UC.0SP	004000    # SCH   
UF.OFL	000040    # SCH   
UF.RD 	000040    # SCH   
UF.RH 	000200      LC      # SCH   
UF.TL 	000100      INSTAL  # SCH   
UNRGFN	026034-R  # QPRDRV
UT.LG 	000004    # SCH   
UT.PR 	000001    # SCH   
UT.SL 	000002    # SCH   
U.ACP 	000040      DMQIO     INSTAL  # SCH   
U.AF  	000014    # SCH       SCOMM     TTYDRR
U.AR  	000034    # SCH   
U.CH  	000032    # SCH   
U.C1  	000004    # SCH   
U.C2  	000006    # SCH   
U.C3  	000010    # SCH   
U.C4  	000012    # SCH   
U.DACP	000036      INSTAL  # SCH   
U.DN  	000000      INSTAL  # SCH   
U.FB  	000003      INSTAL  # SCH   
U.FO  	000043    # SCH   
U.GC  	000031    # SCH   
U.HA  	000020      DMQIO   # SCH   
U.LBH 	000044    # SCH   
U.LBN 	000046    # SCH   
U.PC  	000030    # SCH   
U.PR  	000042    # SCH   
U.RB  	000024    # SCH   
U.RF  	000022      DMQIO   # SCH       SCOMM 
U.RP  	000016      FEDRV     INSTAL  # SCH   
U.SZ  	000050      DMASS     LC      # SCH       SCOMM 
U.TF  	000042    # SCH   
U.UI  	000030    # SCH   
U.UN  	000002      DMASS     INSTAL  # SCH       SCOMM 
U.VA  	000026      INSTAL  # SCH   
U.VP  	000032    # SCH   
WFDNR 	051402-R  # DBDRV 
XOFF  	026730-R  # QPRDRV
XON   	026744-R  # QPRDRV
X8X97 	044404-R  # SCOMM 
$BTMSK	002650-R  # LC        TTYDRR
RSXT20     CREATED BY  TKB    ON 22-FEB-88 AT 11:05	PAGE 19

GLOBAL CROSS REFERENCE                                  CREF   04.00 

SYMBOL	VALUE	   REFERENCES...

$CDINT	064746-R  # CRDRV     LC    
$DHINP	036400-R    LC      # TTYDRR
$DHOUT	034422-R    LC      # TTYDRR
$DIV  	051016-R  # ARITH     DBDRV     DMGTP     INSTAL
$DMINT	040766-R    LC      # TTYDRR
$DORBL	021104-R  # DMDTE 
$DPMYG	021536-R  # DMDTE 
$DPMYN	021606-R  # DMDTE 
$DSW  	000046      INSTAL  # SCH   
$DTEOF	021106-R  # DMDTE 
$DTEON	021114-R  # DMDTE 
$DXINT	054044-R  # DXDRV     LC    
$EXHSG	021614-R  # DMDTE 
$EXHSM	021622-R  # DMDTE 
$EXMYG	021570-R  # DMDTE 
$EXMYN	021600-R  # DMDTE 
$KLDFC	022010-R  # DMDTE 
$KLDFR	021630-R  # DMDTE 
$KLDFW	021770-R  # DMDTE 
$KLDFX	021746-R  # DMDTE 
$LPINT	061634-R    LC      # LPDRV 
$MUL  	050764-R  # ARITH     BOOT  
$PRVDP	022066-R  # DMDTE 
$PRVEX	022102-R  # DMDTE 
$RWDRG	022136-R  # DMDTE 
$TTINP	037220-R    LC      # TTYDRR
$TTOUT	035074-R    LC      # TTYDRR
$UNIT 	002646-R  # LC        TTYDRR
.ABCNT	002606-R  # LC        PF        TTYDRR
.ABFLG	002610-R  # LC        PF        QPRDRV    TTYDRR
.ACKAL	001164-R    BOOT    # LC        SCH       TTYDRR
.ATLLH	007136-R    DMSAR   # LC        SCH   
.BGBST	076000    # LC    
.BGBUF	001422-R    INSTAL  # LC        LPDRV 
.BGLEN	002000    # LC    
.BM873	173000      PF      # SCH   
.BRKCH	002636-R  # LC        TTYDRR
.BTPRM	001160-R  # LC        QPRDRV
.BTSCH	001162-R    BOOT    # LC        TTYDRR
.BTSTK	016542-R  # BOOT      LC    
.CEFN 	044320-R    DMMKT     DMQIO     DMSAR     DMSED   # SCOMM 
.CEFN3	044324-R  # SCOMM 
.CKASS	001050-R  # LC        RUN       SCH   
.CKDEL	044406-R    DMCMT     RUN     # SCOMM 
.CLKBA	002376-R    DMCMT     DMMKT   # LC        RUN   
.CLKEA	002602-R    DMCMT     DMMKT   # LC    
.CLKSW	001136-R  # LC        RUN       SCH   
.CLKSZ	000007    # LC    
.COMEF	001010-R    BOOT      CRDRV     DBDRV     DMDTE     DMSED     DTEDRV    FEDRV   # LC        LPDRV     PF        QPRDRV
                    SCH       SCOMM     TTYDRR
.CPDV 	001262-R    BOOT    # LC        SCOMM 
.CPFN 	001260-R  # LC        SCOMM 
RSXT20     CREATED BY  TKB    ON 22-FEB-88 AT 11:05	PAGE 20

GLOBAL CROSS REFERENCE                                  CREF   04.00 

SYMBOL	VALUE	   REFERENCES...

.CPUSN	011342-R  # LC    
.CRHD 	001270-R    BOOT    # LC        SCOMM 
.CRPB 	001266-R    BOOT    # LC        SCOMM 
.CRPFL	005736-R    CRDRV   # LC        PF    
.CRQZ 	001256-R    BOOT    # LC        SCOMM 
.CRSB 	001272-R  # LC        SCOMM 
.CRSND	002634-R  # LC        QPRDRV    SCOMM 
.CRSZ 	001264-R    BOOT    # LC        SCOMM 
.CRTSK	001006-R    CRDRV     INSTAL  # LC        LPDRV     QPRDRV    SCH       SCOMM     TTYDRR
.CTYPT	002642-R  # LC    
.CYLTM	000074      LC      # SCH   
.DATE 	001140-R    BOOT    # LC        QPRDRV
.DATE3	001140-R  # LC        QPRDRV    TTYDRR
.DAY  	001144-R    BOOT      DMGTP   # LC    
.DBINT	052222-R  # DBDRV     LC    
.DHSPA	040562-R  # TTYDRR
.DHSPD	040714-R    QPRDRV  # TTYDRR
.DHSPF	040654-R  # TTYDRR
.DHSPR	040602-R    QPRDRV  # TTYDRR
.DHSPZ	040540-R  # TTYDRR
.DHSTO	035034-R    SCOMM   # TTYDRR
.DHTMO	042030-R    PF      # TTYDRR
.DHXOF	043040-R  # TTYDRR
.DHXON	043162-R  # TTYDRR
.DLHUP	041376-R    QPRDRV  # TTYDRR
.DLINT	037544-R  # TTYDRR
.DLSTO	035210-R    SCOMM   # TTYDRR
.DLTMO	041520-R    PF      # TTYDRR
.DLXOF	043046-R  # TTYDRR
.DLXON	043226-R  # TTYDRR
.DMHUP	041276-R    QPRDRV  # TTYDRR
.DMTMO	042336-R    PF      # TTYDRR
.DMUHU	041326-R    QPRDRV  # TTYDRR
.DOW  	001147-R  # LC    
.DQCDR	010202-R  # LC    
.DQDH0	010122-R  # LC        QPRDRV
.DQDLS	010142-R  # LC    
.DQDL1	010102-R  # LC    
.DQLPT	010162-R  # LC    
.DQPBA	010062-R  # LC        QPRDRV    SCOMM 
.DQPEA	010262-R  # LC    
.DQPSZ	000010      DTEDRV  # LC    
.DRBEL	031356-R  # DTEDRV
.DRSRN	013602-R    LC      # SCH   
.DR.NS	013710-R    DMDTE     DMGMP   # SCH   
.DST  	001146-R    BOOT    # LC    
.DTBLK	001402-R    BOOT      DTEDRV  # LC        TTYDRR
.DTINT	030442-R  # DTEDRV    LC    
.DXRTY	001372-R  # LC        SCOMM 
.D.ASS	022212-R  # DMASS     SCH   
.D.CEF	022462-R  # DMSED     SCH   
.D.CMT	023100-R  # DMCMT     SCH   
RSXT20     CREATED BY  TKB    ON 22-FEB-88 AT 11:05	PAGE 21

GLOBAL CROSS REFERENCE                                  CREF   04.00 

SYMBOL	VALUE	   REFERENCES...

.D.DSE	022516-R  # DMSED     SCH   
.D.DTE	020746-R  # DMDTE     SCH   
.D.EXT	023146-R  # DMEXT     DMSAR     SCH   
.D.GLI	022316-R  # DMGLI     SCH   
.D.GMP	024660-R  # DMGMP     SCH   
.D.GPP	024536-R  # DMGPP     SCH   
.D.GTP	022346-R  # DMGTP     SCH   
.D.MKT	022776-R  # DMMKT     SCH   
.D.PUT	024266-R  # DMAST     SCH   
.D.QIO	023170-R  # DMQIO     SCH   
.D.RAF	022554-R  # DMSED     SCH   
.D.REC	024106-R  # DMSAR     SCH   
.D.REF	022540-R  # DMSED     SCH   
.D.REQ	024310-R  # DMREQ     SCH   
.D.ROE	024106-R  # DMSAR     SCH   
.D.ROS	024106-R  # DMSAR     SCH   
.D.SAR	023654-R  # DMSAR     SCH   
.D.SEF	022500-R  # DMSED     SCH   
.D.SEN	023640-R  # DMSAR     SCH   
.D.STV	024254-R  # DMSDV     SCH   
.D.WFL	022656-R  # DMSED     SCH   
.D.WFO	022602-R    DMQIO   # DMSED 
.D.WFS	022600-R  # DMSED     SCH   
.D.WSE	022764-R  # DMSED     SCH   
.EBPEC	001376-R  # LC        SCOMM 
.EBPEQ	001374-R  # LC        SCOMM     TTYDRR
.EBRTY	001373-R  # LC        SCOMM 
.ELEDN	031052-R  # DTEDRV
.ERRCD	011354-R  # LC    
.ERRPC	011346-R  # LC    
.EXEND	001002-R  # LC    
.FEACK	055422-R  # FEDRV     LC    
.FEACT	005716-R    BOOT    # LC    
.FEMOD	001170-R  # LC    
.FEPPU	016000-R    DMREQ     DMSAR   # SCH   
.FEST 	055526-R  # FEDRV     LC    
.FESTB	001000-R  # LC    
.FREPL	001426-R    DTEDRV  # LC        SCOMM     TTYDRR
.FSRPT	000050    # SCH   
.HRDWR	011344-R  # LC    
.IBFLO	005062-R  # LC        TTYDRR
.IBFOK	005064-R  # LC        TTYDRR
.INHDM	002604-R  # LC        QPRDRV    TTYDRR
.INTEN	000100      PF      # SCH   
.IODBG	011372-R  # LC    
.KACFL	001420-R  # LC        TTYDRR
.KALSC	000005      DMDTE   # SCH       TTYDRR
.KLCPU	001176-R    DMDTE   # LC    
.KLERQ	001130-R  # LC    
.KLERW	001166-R  # LC    
.KLFCF	001173-R  # LC    
.KLFLG	001174-R  # LC    
RSXT20     CREATED BY  TKB    ON 22-FEB-88 AT 11:05	PAGE 22

GLOBAL CROSS REFERENCE                                  CREF   04.00 

SYMBOL	VALUE	   REFERENCES...

.KLITK	001126-R    BOOT      DTEDRV  # LC        PF        SCOMM     TTYDRR
.KLIWD	001132-R  # LC    
.KLMF2	001200-R  # LC    
.KLMON	001177-R    DMDTE   # LC    
.KLNBC	001206-R  # LC    
.KLNFD	001212-R  # LC    
.KLNFT	001210-R  # LC        QPRDRV
.KLNLB	001206-R  # LC    
.KLNMD	001224-R  # LC        QPRDRV
.KLNPB	001204-R  # LC        QPRDRV
.KLNPE	001226-R  # LC    
.KLNPT	002644-R  # LC    
.KLNPW	001226-R  # LC    
.KLNSW	001234-R  # LC        QPRDRV    SCOMM     TTYDRR
.KLNTD	001220-R  # LC    
.KLNTT	001216-R  # LC    
.KLRLD	001172-R  # LC    
.KPAC 	001416-R    DMDTE   # LC        TTYDRR
.KPALV	032144-R  # DTEDRV    TTYDRR
.KW11S	036236-R    LC      # TTYDRR
.LCEND	011374-R  # LC    
.LPPFL	006244-R  # LC        LPDRV     PF    
.MISC 	011362-R  # LC        TTYDRR
.MON  	001145-R    DMGTP   # LC    
.MSIZE	001114-R  # LC    
.NOERR	001122-R    BOOT      DTEDRV  # LC        PF        SCOMM     TTYDRR
.NOHLT	001123-R  # LC        SCOMM 
.OBFLO	001200    # DTEDRV
.PARRG	172100      LC        PF      # SCH   
.PAT1.	000040-R  # LC    
.PAT2.	000120-R  # LC    
.PAT3.	000234-R  # LC    
.PAT4.	000520-R  # LC    
.PFAIL	001026-R  # LC        PF        SCH   
.PFASS	001052-R  # LC        SCH   
.PFDBG	011370-R  # LC        PF    
.PFIOW	001030-R  # LC        PF        TTYDRR
.PFRST	020522-R  # PF        SCH   
.POLLH	001432-R    DMREQ     DMSAR     INSTAL  # LC        SCH   
.POLND	002336-R  # LC    
.POLST	001436-R  # LC    
.PRADR	001362-R    DMDTE     DTEDRV  # LC        TTYDRR
.PRDCT	001370-R    BOOT      DTEDRV  # LC    
.PRDTE	001366-R    BOOT      DMDTE     DTEDRV  # LC        PF        TTYDRR
.PRPSE	001400-R    BOOT    # LC        PF        SCH       TTYDRR
.PRSTA	001364-R    BOOT      DTEDRV  # LC        PF        SCOMM 
.PUDBA	010262-R    DMASS     INSTAL  # LC        SCH       SCOMM 
.PUDEA	011342-R    DMASS     INSTAL  # LC    
.PWRDN	020164-R    LC      # PF        SCH   
.REQS 	015276-R    DMQIO     DMREQ     DMSAR   # SCH   
.RHPB 	005550-R  # LC        QPRDRV
.RHPD 	011366-R  # LC    
RSXT20     CREATED BY  TKB    ON 22-FEB-88 AT 11:05	PAGE 23

GLOBAL CROSS REFERENCE                                  CREF   04.00 

SYMBOL	VALUE	   REFERENCES...

.RHSN 	005552-R  # LC    
.RPADR	005720-R  # LC    
.RPELC	005546-R    DBDRV   # LC    
.RPELQ	005544-R    DBDRV   # LC        TTYDRR
.RPSIZ	005724-R  # LC    
.RPUNT	005714-R    FEDRV   # LC    
.RP1PE	010402-R  # LC    
.RP2PE	010452-R  # LC    
.RP3PE	010522-R  # LC    
.RP4PE	010572-R  # LC    
.RP5PE	010642-R  # LC    
.RP6PE	010712-R  # LC    
.RP7PE	010762-R  # LC    
.RQESD	015770-R    DMREQ     DMSAR   # SCH   
.RQSPD	025226-R  # QPRDRV    TTYDRR
.SEND 	024006-R    DMQIO     DMREQ   # DMSAR 
.SERFG	001014-R  # LC        PF        RUN       SCH       SCOMM     TTYDRR
.SEWFL	001016-R    DMSED   # LC        RUN   
.SNDAL	027624-R  # QPRDRV    SCH   
.SNDBF	002614-R  # LC        QPRDRV    TTYDRR
.SNDCN	002624-R  # LC        QPRDRV    TTYDRR
.SNDLP	002612-R  # LC        PF        QPRDRV    TTYDRR
.SSM  	001150-R    BOOT      DMGTP   # LC        RUN   
.SSTCO	013556-R    LC      # SCH   
.SSTET	013550-R  # SCH   
.STAST	016160-R    RUN     # SCH       SCOMM 
.STDHL	040476-R    SCOMM   # TTYDRR
.STDTA	006364-R    INSTAL  # LC        SCH       SCOMM 
.STDTB	006372-R  # LC    
.STDTC	006366-R  # LC    
.STDTZ	006370-R    DMREQ     INSTAL  # LC        SCH       SCOMM 
.STELD	031700-R  # DTEDRV
.STELI	031766-R  # DTEDRV
.STPDM	041356-R  # TTYDRR
.STTNF	032206-R  # DTEDRV    QPRDRV
.STTNQ	032200-R  # DTEDRV    SCOMM 
.STTYD	041212-R  # TTYDRR
.STTYH	041226-R  # TTYDRR
.SYUIC	001156-R    DMGPP     DMQIO   # LC    
.S2IDC	005056-R  # LC        TTYDRR
.S2ITP	005060-R  # LC        TTYDRR
.TENDN	030564-R  # DTEDRV
.TFXOF	044242-R  # TTYDRR
.TFXON	044232-R  # TTYDRR
.TICK 	025012-R  # RUN       SCH   
.TICKS	001134-R  # LC        RUN   
.TKPS 	001154-R    BOOT      DMGTP   # LC        QPRDRV    RUN   
.TKTN 	001124-R    BOOT      DTEDRV  # LC        PF        SCH       SCOMM     TTYDRR
.TPDBA	007602-R    DMGMP     INSTAL  # LC        SCH   
.TPDEA	010062-R    DMGMP     INSTAL  # LC    
.TTACK	035240-R  # TTYDRR
.TTBTW	044042-R    QPRDRV  # TTYDRR
RSXT20     CREATED BY  TKB    ON 22-FEB-88 AT 11:05	PAGE 24

GLOBAL CROSS REFERENCE                                  CREF   04.00 

SYMBOL	VALUE	   REFERENCES...

.TTCHK	043332-R  # TTYDRR
.TTDIS	043520-R  # TTYDRR
.TTELB	002666-R  # LC        TTYDRR
.TTELC	002664-R  # LC        TTYDRR
.TTELQ	002662-R  # LC        TTYDRR
.TTENB	043676-R  # TTYDRR
.TTERL	042634-R  # TTYDRR
.TTFDI	042566-R  # TTYDRR
.TTICK	043356-R  # TTYDRR
.TTIXC	043462-R  # TTYDRR
.TTP11	002640-R  # LC        QPRDRV    SCOMM     TTYDRR
.TTQDS	043412-R    QPRDRV  # TTYDRR
.TTQEN	043422-R    QPRDRV  # TTYDRR
.TTRST	043242-R  # TTYDRR
.TTSTP	043056-R    SCOMM   # TTYDRR
.TTSW2	044212-R    QPRDRV  # TTYDRR
.TTS2F	005054-R  # LC        TTYDRR
.TTXOF	042762-R    QPRDRV  # TTYDRR
.TTXON	043104-R    QPRDRV  # TTYDRR
.VCLUN	016104-R    DMASS     DMGLI     DMQIO   # SCH   
.VERNO	001036-R  # LC        QPRDRV
.YEAR 	001142-R    BOOT      DMGTP   # LC    
..AKCR	065070-R  # CRDRV     LC    
..AKLP	062552-R    LC      # LPDRV 
..ALCB	045654-R    DBDRV     DMQIO     DTEDRV    SCH     # SCOMM     TTYDRR
..ALC2	045670-R    INSTAL    LPDRV   # SCOMM 
..ALOW	046144-R    QPRDRV  # SCOMM 
..BLXI	050320-R  # SCOMM 
..BLXO	050332-R  # SCOMM 
..DECB	046010-R    BOOT      DTEDRV    LPDRV   # SCOMM 
..DECN	046004-R    CRDRV     DTEDRV    FEDRV     LPDRV     PF        QPRDRV  # SCOMM     TTYDRR
..DEC2	046000-R    INSTAL    LPDRV   # SCOMM 
..DOLP	062774-R  # LPDRV 
..DOL1	062760-R  # LPDRV 
..DQRN	044670-R    DBDRV     DXDRV     FEDRV     LPDRV   # SCOMM     TTYDRR
..DSEV	045264-R    CRDRV     DBDRV     DMQIO     DMSAR     DMSED     DTEDRV    DXDRV     LPDRV     RUN       SCH     # SCOMM 
                    TTYDRR
..DTP1	050274-R    DMDTE   # SCOMM 
..DTP2	050244-R    DMDTE     DTEDRV  # SCOMM 
..DTSP	050226-R    BOOT      DTEDRV    PF      # SCOMM     TTYDRR
..ENB0	045540-R    BOOT      FEDRV     INSTAL    LPDRV     SCH     # SCOMM 
..ERLG	044450-R  # SCOMM     TTYDRR
..FSTD	045574-R    DMREQ     DMSAR     INSTAL  # SCOMM 
..INTX	015062-R    CRDRV     DBDRV     DTEDRV    DXDRV     LC        LPDRV     PF        RUN     # SCH       SCOMM     TTYDRR
..IODN	044550-R    DBDRV     DXDRV     FEDRV     LPDRV   # SCOMM     TTYDRR
..IPRI	045360-R    DMQIO     SCH     # SCOMM 
..NADD	045434-R    DMREQ     DMSAR     INSTAL    SCH     # SCOMM 
..NDEL	045320-R    BOOT      DMSAR     DTEDRV    SCH     # SCOMM 
..PICK	045476-R    DMREQ     DMSAR     SCH     # SCOMM 
..PTLP	062632-R  # LPDRV 
..SACK	046630-R    FEDRV     LPDRV     QPRDRV  # SCOMM     TTYDRR
..SEFN	045212-R  # SCOMM 
RSXT20     CREATED BY  TKB    ON 22-FEB-88 AT 11:05	PAGE 25

GLOBAL CROSS REFERENCE                                  CREF   04.00 

SYMBOL	VALUE	   REFERENCES...

..SPCR	065046-R  # CRDRV 
..SPLP	062400-R    LC      # LPDRV 
..STCH	046564-R  # SCOMM     TTYDRR
..STCR	065024-R  # CRDRV     LC    
..STFC	046714-R    QPRDRV  # SCOMM     TTYDRR
..STIN	047104-R    CRDRV     FEDRV     LPDRV     QPRDRV  # SCOMM 
..STLP	062170-R    LC      # LPDRV 
..STPT	046400-R    LC      # SCOMM     TTYDRR
..STQ 	047304-R  # SCOMM     TTYDRR
..STTY	046164-R    LC        QPRDRV  # SCOMM 
..SWED	050126-R    DMDTE   # SCOMM 
..VTOL	050406-R    DMQIO   # SCOMM 
..VVLL	050570-R  # SCOMM 
..VXFR	050312-R  # SCOMM 
..WFED	047454-R    BOOT      DMDTE     DTEDRV  # SCOMM 
