		LINK symbol map of	LINK	version 6(2364)		page 1
	Produced by LINK version 6(2362) on 20-May-88 at 18:22:12

	Low  segment starts at	     0 ends at	  2466 length	  2467 = 3P
	High segment starts at	525000 ends at	647261 length	122262 = 83P
	201 words free in Low segment, 334 words free in high segment
	1973 Global symbols loaded, therefore min. hash size is 2193
	Start address is 525030, located in program LINK

		*************

.HIGH.

	Zero length module

		*************

LNKHST	from DSK:LNKHST.REL	created by MACRO on 20-May-88 at 18:10:07
	High segment starts at	525010 ends at	525027 length	    20 (octal),    16. (decimal)


		*************

LINK	from DSK:LNKINI.REL	created by MACRO on 20-May-88 at 18:10:25
	High segment starts at	525030 ends at	526523 length	  1474 (octal),   828. (decimal)

	ARSIZE             1613	Global	Relocatable 		BATCH               410	Global	Relocatable 	
	CPUHST              406	Global	Relocatable 		DATIME              142	Global	Relocatable 	
	DCBUF              1215	Global	Relocatable 		DY.AB              1023	Global	Relocatable 	
	DY.FR              1061	Global	Relocatable 		DY.LB              1011	Global	Relocatable 	
	DY.PT              1047	Global	Relocatable 		DY.UB              1035	Global	Relocatable 	
	E$$IMI           525517	Global	Relocatable 		E$$IUU           526320	Global	Relocatable 	
	E$$LFB           525420	Global	Relocatable 		E$$LIN           525423	Global	Relocatable 	
	E01OEL           526372	Global	Relocatable 		EPDP                356	Global	Relocatable 	
	ERRLVL             1430	Global	Relocatable 		EZCOR              1664	Global	Relocatable Suppressed
	FLAGS              1370	Global	Relocatable 		FRECOR             1411	Global	Relocatable 	
	FSTR               1156	Global	Relocatable Suppressed	G.DEV              1320	Global	Relocatable 	
	G.EXT              1323	Global	Relocatable 		GS.AB              1034	Global	Relocatable 	
	GS.FR              1072	Global	Relocatable 		GS.LB              1022	Global	Relocatable 	
	GS.PT              1060	Global	Relocatable 		GS.UB              1046	Global	Relocatable 	
	GSYM               1647	Global	Relocatable 		HC.S0               556	Global	Relocatable 	
	HIORGN              443	Global	Relocatable 		HL.S0               561	Global	Relocatable 	
	HSFACT              711	Global	Relocatable 		HSPACE              710	Global	Relocatable 	
	HT.PRM              706	Global	Relocatable 		HT.PTR              705	Global	Relocatable 	
	IO.CHN             1314	Global	Relocatable 		IO.EMG             1254	Global	Relocatable 	
	IO.PTR             1231	Global	Relocatable 		JOBNUM              733	Global	Relocatable 	
	LC.AB              1024	Global	Relocatable 		LC.JF              1262	Global	Relocatable 	
	LC.LB              1012	Global	Relocatable 		LC.UB              1036	Global	Relocatable 	
	LINBUF             1443	Global	Relocatable 		LINK             525030	Entry	Relocatable 	
	LNKMAX             1577	Global	Relocatable 		LOGLVL             1427	Global	Relocatable 	
	LOGSUB             1435	Global	Relocatable 		LOGTTY             1434	Global	Relocatable 	
	LOWSUB             1437	Global	Relocatable 		LS.AB              1030	Global	Relocatable 	
	LS.FR              1066	Global	Relocatable 		LS.LB              1016	Global	Relocatable 	
	LS.PT              1054	Global	Relocatable 		LS.UB              1042	Global	Relocatable 	
	LSYM               1652	Global	Relocatable 		LW.LC               643	Global	Relocatable 	
	LW.S1               643	Global	Relocatable Suppressed	MAPCON             1403	Global	Relocatable 	
		LINK symbol map of	LINK	version 6(2364)		page 2
LINK
	MAXCOR             1371	Global	Relocatable 		MYPPN               411	Global	Relocatable 	
	OFFSET              140	Global	Relocatable 		OKCPUS              747	Global	Relocatable 	
	OPENBL             1155	Global	Relocatable 		PDP                 404	Global	Relocatable 	
	PH                 1620	Global	Relocatable 		PRMPTR              712	Global	Relocatable 	
	PTHDIR              414	Global	Relocatable 		RC.FRE              436	Global	Relocatable 	
	RC.MAP              426	Global	Relocatable 		RC.NO               435	Global	Relocatable 	
	RC.NTB              425	Global	Relocatable 		RC.TB               424	Global	Relocatable 	
	RCBUF              1223	Global	Relocatable 		SAVEAC             1505	Global	Relocatable 	
	SEVLVL             1431	Global	Relocatable 		SG.TB               427	Global	Relocatable 	
	SPACE              1664	Global	Relocatable 		START            526412	Global	Relocatable 	
	TIMEON              141	Global	Relocatable 		TTYBUF             1440	Global	Relocatable 	
	TTYSUB             1436	Global	Relocatable 		USEPTR              741	Global	Relocatable 	
	UUOTRA              143	Global	Relocatable 		UW.LC               655	Global	Relocatable 	
	UW.S1               655	Global	Relocatable Suppressed	VERLVL             1432	Global	Relocatable 	
	ZCOR                143	Global	Relocatable Suppressed	%LOW                140	Global	Relocatable Suppressed
	.ERLFB           526436	Global	Relocatable 		.ERLIN           526444	Global	Relocatable 	
	.TEMP               146	Global	Relocatable 	
		*************

LNKSCN	from DSK:LNKSCN.REL	created by MACRO on 20-May-88 at 18:11:25
	High segment starts at	526524 ends at	530560 length	  2035 (octal),  1053. (decimal)

	E$$IST           527117	Global	Relocatable 	
	E$$ITB           530203	Global	Relocatable 		E$$SNL           526535	Global	Relocatable 	
	F.ASCC             1305	Global	Relocatable 		F.ASCI             1304	Global	Relocatable 	
	F.ASCK             1306	Global	Relocatable 		F.EDIT             1303	Global	Relocatable 	
	F.INZR             1300	Global	Relocatable 		F.NXZR             1301	Global	Relocatable 	
	F.WLZR             1302	Global	Relocatable 		GOTO               1410	Global	Relocatable 	
	LNKSCN           526524	Entry	Relocatable 		OSCANF             1316	Global	Relocatable 	
	OVERLW             1563	Global	Relocatable 		SCNSYM             1426	Global	Relocatable 	
	SWFLAG             1313	Global	Relocatable 		.DPKSC           530344	Global	Relocatable 	
	.DPKSW           530343	Entry	Relocatable 		.ERIST           530530	Global	Relocatable 	
	.ERITB           530540	Global	Relocatable 		.ERSNL           530503	Global	Relocatable 	
	.SWDPK           530371	Entry	Relocatable 		.SWPDV           530403	Global	Relocatable 	
	.SWSXD           530341	Entry	Relocatable 		.SWSYM           530315	Entry	Relocatable 	
	.SWSYO           530327	Entry	Relocatable 		.SWVER           530401	Entry	Relocatable 	
	.SXDSC           530332	Global	Relocatable 		.SXDSW           530331	Entry	Relocatable 	
	.SYMSC           530220	Global	Relocatable 		.SYMSW           530217	Entry	Relocatable 	
	.SYOSC           530320	Global	Relocatable 		.SYOSW           530317	Entry	Relocatable 	

		*************

LNKOV1	from DSK:LNKOV1.REL	created by MACRO on 20-May-88 at 18:20:50
	High segment starts at	530561 ends at	534602 length	  4022 (octal),  2066. (decimal)

	ADDOVU             1602	Global	Relocatable 		ARGFXP             1617	Global	Relocatable 	
	ARGOVL             1616	Global	Relocatable 		BG.AB              1033	Global	Relocatable 	
	BG.FR              1071	Global	Relocatable 		BG.LB              1021	Global	Relocatable 	
	BG.PT              1057	Global	Relocatable 		BG.SCH             1574	Global	Relocatable 	
	BG.UB              1045	Global	Relocatable 		BRNADD             1607	Global	Relocatable 	
	BRNDSK             1573	Global	Relocatable 		BRNLEN             1571	Global	Relocatable 	
	BRNMAX             1601	Global	Relocatable 		BRNTBL             1572	Global	Relocatable 	
	BSYM               1663	Global	Relocatable 		COEOVL           534035	Global	Relocatable 	
	CS                 1541	Global	Relocatable 		CS.RHS           534064	Global	Relocatable 	
		LINK symbol map of	LINK	version 6(2364)		page 3
LNKOV1
	E$$ELN           532522	Global	Relocatable 		E$$EOV           532705	Global	Relocatable 	
	E$$FSN           534261	Global	Relocatable 		E$$LNA           531011	Global	Relocatable 	
	E$$LNL           533324	Global	Relocatable 		E$$LNN           533317	Global	Relocatable 	
	E$$LSM           534516	Global	Relocatable 		E$$MRN           531066	Global	Relocatable 	
	E$$NBR           533333	Global	Relocatable 		E$$OFS           530713	Global	Relocatable 	
	E$$OHN           534257	Global	Relocatable 		E$$RER           531102	Global	Relocatable 	
	E$$TML           531017	Global	Relocatable 		E01OSL           530606	Global	Relocatable 	
	E01RER           531126	Global	Relocatable 		ET                 1557	Global	Relocatable 	
	EXCPTR              753	Global	Relocatable 		EXTCNT             1575	Global	Relocatable 	
	FSTPTR             1603	Global	Relocatable 		FX.LB              1017	Global	Relocatable 	
	FX.S1               572	Global	Relocatable 		FX.S2               573	Global	Relocatable 	
	FXC.SS              600	Global	Relocatable 		FXSBIT              641	Global	Relocatable 	
	GS.FSP             1130	Global	Relocatable 		GS.LNK             1116	Global	Relocatable 	
	HB.LS               673	Global	Relocatable 		HC.LB              1013	Global	Relocatable 	
	HL.S1               562	Global	Relocatable 		HL.S2               563	Global	Relocatable 	
	INCPTR              754	Global	Relocatable 		INTCNT             1576	Global	Relocatable 	
	IO.CHR             1315	Global	Relocatable 		L.MAX              1566	Global	Relocatable 	
	LINKGO           531150	Global	Relocatable 		LINKSE             1612	Global	Relocatable 	
	LINKTB             1471	Global	Relocatable 		LINKTO           531156	Global	Relocatable 	
	LL.S2               567	Global	Relocatable 		LNKNAM             1544	Global	Relocatable 	
	LNKOV1           530561	Entry	Relocatable 		LNKTBL             1567	Global	Relocatable 	
	LNMPTR             1605	Global	Relocatable 		LSTGBL              735	Global	Relocatable 	
	LSTLCL              736	Global	Relocatable 		LSTPTR             1604	Global	Relocatable 	
	LW.LS               647	Global	Relocatable 		MNSEEN              746	Global	Relocatable 	
	MNTYPE              745	Global	Relocatable 		NAMLOC             1022	Global	Relocatable 	
	NAMPTR              751	Global	Relocatable 		NOLIBS             1414	Global	Relocatable 	
	NOSYMS             1413	Global	Relocatable 		NXTGLB              756	Global	Relocatable 	
	OV.S1              1643	Global	Relocatable 		OV1.Z0             1647	Global	Relocatable Suppressed
	OV1.ZE             1664	Global	Relocatable Suppressed	OVINEX             1611	Global	Relocatable 	
	OVLBLK             1570	Global	Relocatable 		PAG.LS              661	Global	Relocatable Suppressed
	PAG.RT              660	Global	Relocatable Suppressed	PAG.S1              655	Global	Relocatable Suppressed
	PATLOC              445	Global	Relocatable 		PATSPC             1662	Global	Relocatable 	
	PLOTSW             1525	Global	Relocatable 		PLTTAB             1526	Global	Relocatable Suppressed
	PRGNAM              715	Global	Relocatable 		PRGNO              1661	Global	Relocatable 	
	PV.S1              1645	Global	Relocatable 		RBGPTR             1606	Global	Relocatable 	
	ROOTAB              454	Global	Relocatable 		RT.AB              1027	Global	Relocatable 	
	RT.FR              1065	Global	Relocatable 		RT.FX            534073	Global	Relocatable 	
	RT.FXC           534133	Global	Relocatable 		RT.LB              1015	Global	Relocatable 	
	RT.PT              1053	Global	Relocatable 		RT.T2E           534241	Global	Relocatable 	
	RT.T2F           534223	Global	Relocatable 		RT.T2L           534204	Global	Relocatable 	
	RT.T2R           534146	Global	Relocatable 		S.DEBG             1312	Global	Relocatable 	
	S.INZR             1310	Global	Relocatable 		S.LHFL             1311	Global	Relocatable 	
	STADDR             1653	Global	Relocatable 		SYMSEG             1416	Global	Relocatable 	
	TAB.LB             1011	Global	Relocatable 		TRY.BG           533610	Global	Relocatable 	
	TYP.BG           533770	Global	Relocatable 		USYM               1650	Global	Relocatable 	
	UW.LS               661	Global	Relocatable 		VERNUM              734	Global	Relocatable 	
	WRTDAT             1615	Global	Relocatable 		%ARSIZ           531022	Global	Relocatable 	
	%LINK            530734	Global	Relocatable 		%NODE            532710	Global	Relocatable 	
	%NOENT           531024	Global	Relocatable 		%NOREQ           531040	Global	Relocatable 	
	%OVERL           530566	Global	Relocatable 		%OWN               1470	Global	Relocatable 	
	%PLOT            531054	Global	Relocatable 		%REGIO           531065	Global	Relocatable 	
	%REQUE           531073	Global	Relocatable 		%RESET           532710	Global	Relocatable 	
	%SPACE           531071	Global	Relocatable 		.ERELN           534460	Global	Relocatable 	
	.EREOV           534466	Global	Relocatable 		.ERFSN           534574	Global	Relocatable 	
		LINK symbol map of	LINK	version 6(2364)		page 4
LNKOV1
	.ERLNA           534304	Global	Relocatable 		.ERLNL           534542	Global	Relocatable 	
	.ERLNN           534533	Global	Relocatable 		.ERLSM           534475	Global	Relocatable 	
	.ERMRN           534326	Global	Relocatable 		.ERNBR           534551	Global	Relocatable 	
	.EROFS           534266	Global	Relocatable 		.EROHN           534565	Global	Relocatable 	
	.ERRER           534340	Global	Relocatable 		.ERTML           534317	Global	Relocatable 	
	.NOENT           531025	Global	Relocatable 		.NOREQ           531041	Global	Relocatable 	
	.OVERL           530563	Global	Relocatable 		.REQUE           531074	Global	Relocatable 	

		*************

LNKWLD	from DSK:LNKWLD.REL	created by MACRO on 20-May-88 at 18:12:19
	High segment starts at	534603 ends at	541326 length	  4524 (octal),  2388. (decimal)

	AS.LB              1014	Global	Relocatable 		COPYP1           537665	Global	Relocatable 	
	CPSECT             1007	Global	Relocatable 		CPUTGT              407	Global	Relocatable 	
	DDEBUG             1407	Global	Relocatable 		DEBUGS             1406	Global	Relocatable 	
	DTAFLG             1476	Global	Relocatable 		E$$CLF           540035	Global	Relocatable 	
	E$$DNS           540216	Global	Relocatable 		E$$DRC           536775	Global	Relocatable 	
	E$$IMA           537655	Global	Relocatable 		E$$LFC           537757	Global	Relocatable 	
	E$$LFI           537754	Global	Relocatable 		E$$LSS           535774	Global	Relocatable 	
	E$$MSN           540530	Global	Relocatable 		E$$MTB           536256	Global	Relocatable 	
	E$$MTS           536263	Global	Relocatable 		E$$NHN           540547	Global	Relocatable 	
	E$$OPL           536607	Global	Relocatable 		E$$OSL           537272	Global	Relocatable 	
	E$$RLC           535512	Global	Relocatable 		E$$SRB           537106	Global	Relocatable 	
	E$$SSN           540533	Global	Relocatable 		E$$TDS           536423	Global	Relocatable 	
	E$$UGS           537337	Global	Relocatable 		E$$USI           540541	Global	Relocatable 	
	E$$USS           536703	Global	Relocatable 		E$$VAL           537531	Global	Relocatable 	
	E$$ZSV           540536	Global	Relocatable 		E01LFC           540025	Global	Relocatable 	
	E01LFI           540022	Global	Relocatable 		E01LSS           536017	Global	Relocatable 	
	ENTLEN              452	Global	Relocatable 		EXCL.0           536140	Global	Relocatable 	
	EXECSW             1405	Global	Relocatable 		F.ASZR             1307	Global	Relocatable 	
	FEST               1175	Global	Relocatable Suppressed	FILNUM              714	Global	Relocatable 	
	FX.AB              1031	Global	Relocatable 		G.BFR              1342	Global	Relocatable 	
	G.DIR              1326	Global	Relocatable 		G.NAM              1321	Global	Relocatable 	
	G.NAMM             1322	Global	Relocatable 		G.SNC              1343	Global	Relocatable 	
	GETDDT              526	Global	Relocatable 		HASHSZ              707	Global	Relocatable 	
	LIBPRC              744	Global	Relocatable 		LNKWLD           534603	Entry	Relocatable 	
	LSTBLK             1500	Global	Relocatable 		MAPSRT             1424	Global	Relocatable 	
	MAPSW              1404	Global	Relocatable 		MARKWP              405	Global	Relocatable 	
	MISNG1           536274	Global	Relocatable 		MODTYP              460	Global	Relocatable 	
	NOJBDA             1425	Global	Relocatable 		NOPDMP             1657	Global	Relocatable 	
	NULSPC             1317	Global	Relocatable 		O.DEV              1344	Global	Relocatable 	
	O.DIR              1352	Global	Relocatable 		O.EXT              1347	Global	Relocatable 	
	O.NAM              1345	Global	Relocatable 		O.NAMM             1346	Global	Relocatable 	
	OTSEG              1422	Global	Relocatable 		PPTYPE             1531	Global	Relocatable 	
	PRGPDV              461	Global	Relocatable 		PVFIX            536672	Global	Relocatable 	
	PVPNAM              462	Global	Relocatable 		RC.CUR              423	Global	Relocatable 	
	RC.SET              437	Global	Relocatable 		REDHI               434	Global	Relocatable 	
	REDLO               433	Global	Relocatable 		RESTP1           537700	Global	Relocatable 	
	RUNAME             1375	Global	Relocatable 		RUNCOR             1373	Global	Relocatable 	
	SSEXT              1377	Global	Relocatable 		SSGNAM             1417	Global	Relocatable 	
	SSNAME             1376	Global	Relocatable 		STANAM             1660	Global	Relocatable 	
	STRLSW           535236	Global	Relocatable 		SYMFRM             1412	Global	Relocatable 	
	SYMLIM             1421	Global	Relocatable 		SYMLMS             1420	Global	Relocatable 	
		LINK symbol map of	LINK	version 6(2364)		page 5
LNKWLD
	SYSLB1           537407	Global	Relocatable 		UNDNXT           537357	Global	Relocatable 	
	%DDEBU           535753	Global	Relocatable 		%MAXNO           537645	Global	Relocatable 	
	%PLTTY           536466	Global	Relocatable 		.ERCLF           541171	Global	Relocatable 	
	.ERDNS           541215	Global	Relocatable 		.ERDRC           541007	Global	Relocatable 	
	.ERIMA           541145	Global	Relocatable 		.ERLFC           541163	Global	Relocatable 	
	.ERLFI           541155	Global	Relocatable 		.ERLSS           540653	Global	Relocatable 	
	.ERMSN           541254	Global	Relocatable 		.ERMTB           540700	Global	Relocatable 	
	.ERMTS           540707	Global	Relocatable 		.ERNHN           541317	Global	Relocatable 	
	.EROPL           540761	Global	Relocatable 		.EROSL           541055	Global	Relocatable 	
	.ERRLC           540570	Global	Relocatable 		.ERSRB           541034	Global	Relocatable 	
	.ERSSN           541264	Global	Relocatable 		.ERTDS           540747	Global	Relocatable 	
	.ERUGS           541071	Global	Relocatable 		.ERUSI           541305	Global	Relocatable 	
	.ERUSS           540775	Global	Relocatable 		.ERVAL           541116	Global	Relocatable 	
	.ERZSV           541276	Global	Relocatable 		.ETUGS           537341	Global	Relocatable 	
	.LIM0            537170	Global	Relocatable 		.MAXNO           537645	Global	Relocatable 	
	.SET0            536742	Global	Relocatable 		.SETEX           537115	Global	Relocatable 	

		*************

LNKFIO	from DSK:LNKFIO.REL	created by MACRO on 20-May-88 at 18:16:48
	High segment starts at	541327 ends at	542663 length	  1335 (octal),   733. (decimal)

	CHAN.J             1255	Global	Relocatable 		DVBUF.           541467	Global	Relocatable 	
	DVCEM.           542300	Global	Relocatable 		DVCHK.           541334	Global	Relocatable 	
	DVCHN.           541327	Global	Relocatable 		DVCLS.           542101	Global	Relocatable 	
	DVDEL.           542231	Global	Relocatable 		DVDLF.           542243	Global	Relocatable 	
	DVDPB.           542502	Global	Relocatable 		DVENT.           541756	Global	Relocatable 	
	DVERR.           542546	Global	Relocatable 		DVGFO.           542510	Global	Relocatable 	
	DVINP.           541522	Global	Relocatable 		DVLKP.           541552	Global	Relocatable 	
	DVNAM.           542120	Global	Relocatable 		DVOPN.           541352	Global	Relocatable 	
	DVOUT.           541634	Global	Relocatable 		DVRET.           541412	Global	Relocatable 	
	DVRLS.           542044	Global	Relocatable 		DVRNF.           542306	Global	Relocatable 	
	DVSUP.           542353	Global	Relocatable 		DVTXT.           542443	Global	Relocatable 	
	DVTXT1           542445	Global	Relocatable 		DVUPD.           542131	Global	Relocatable 	
	DVVRG.           541430	Global	Relocatable 		DVZAP.           541404	Global	Relocatable 	
	E$$COF           542541	Global	Relocatable 		E$$IDM           541347	Global	Relocatable 	
	E$$INS           541332	Global	Relocatable 		E01FEE           542534	Global	Relocatable 	
	E01FLE           542540	Global	Relocatable 		E01NED           542523	Global	Relocatable 	
	E01OFD           542520	Global	Relocatable 		ERRJSY              473	Global	Relocatable 	
	FEXT               1170	Global	Relocatable Suppressed	FNAM               1167	Global	Relocatable Suppressed
	LNKFIO           541327	Entry	Relocatable 		LODNAM              732	Global	Relocatable 	
	MCBUF              1220	Global	Relocatable 		MDSCN              1162	Global	Relocatable Suppressed
	O.PROT             1350	Global	Relocatable 		RFLEN              1477	Global	Relocatable 	
	SFDARG             1204	Global	Relocatable 		SFDDIR             1206	Global	Relocatable Suppressed
	UFDPPN             1166	Global	Relocatable Suppressed	%RCBUF             1223	Global	Relocatable 	
	.ERCOF           542657	Global	Relocatable 		.ERIDM           542570	Global	Relocatable 	
	.ERINS           542561	Global	Relocatable 	
		*************

LNKLOD	from DSK:LNKLOD.REL	created by MACRO on 20-May-88 at 18:13:46
	High segment starts at	542664 ends at	551426 length	  6543 (octal),  3427. (decimal)

	ADCHK.           543041	Global	Relocatable 	
	ALGCHK           547472	Global	Relocatable 		ASFILE              441	Global	Relocatable 	
		LINK symbol map of	LINK	version 6(2364)		page 6
LNKLOD
	COERPT              470	Global	Relocatable 		COESP0           546521	Global	Relocatable 	
	COESP1           546552	Global	Relocatable 		COR.FX           543375	Global	Relocatable 	
	CT.BIT           546654	Global	Relocatable 		CT.NAM           546624	Global	Relocatable 	
	CURTYP             1504	Global	Relocatable 		D.CNT            550404	Global	Relocatable 	
	D.ERR            550356	Global	Relocatable 		D.IN1            550346	Global	Relocatable 	
	D.IN2            550344	Global	Relocatable 		D.INP            550352	Global	Relocatable 	
	D.READ           550375	Global	Relocatable 		D.RED1           550371	Global	Relocatable 	
	D.RED2           550366	Global	Relocatable 		DC.JF              1256	Global	Relocatable 	
	E$$AMM           546604	Global	Relocatable 		E$$AMP           550242	Global	Relocatable 	
	E$$ANM           543567	Global	Relocatable 		E$$CCE           546557	Global	Relocatable 	
	E$$CM6           546747	Global	Relocatable 		E$$CM7           546752	Global	Relocatable 	
	E$$CMC           546744	Global	Relocatable 		E$$CMF           546721	Global	Relocatable 	
	E$$CMX           546771	Global	Relocatable 		E$$DUZ           544110	Global	Relocatable 	
	E$$FCF           543405	Global	Relocatable 		E$$FTH           545025	Global	Relocatable 	
	E$$IRB           542751	Global	Relocatable 		E$$ISP           544176	Global	Relocatable 	
	E$$IVC           545114	Global	Relocatable 		E$$LDS           542670	Global	Relocatable 	
	E$$LMM           546573	Global	Relocatable 		E$$MDS           545176	Global	Relocatable 	
	E$$NEB           550511	Global	Relocatable 		E$$NSM           542714	Global	Relocatable 	
	E$$NVR           546565	Global	Relocatable 		E$$PMA           546601	Global	Relocatable 	
	E$$POV           547404	Global	Relocatable 		E$$SIF           544063	Global	Relocatable 	
	E$$SMP           550260	Global	Relocatable 		E$$SNS           547001	Global	Relocatable 	
	E$$TMM           546576	Global	Relocatable 		E$$URV           546570	Global	Relocatable 	
	E$$USA           547201	Global	Relocatable 		E$$UUA           547222	Global	Relocatable 	
	E$$WNA           546562	Global	Relocatable 		E01EIF           550360	Global	Relocatable 	
	E01UGS           547304	Global	Relocatable 		EOF              550463	Global	Relocatable 	
	EOF1             550466	Global	Relocatable 		FS.SS               574	Global	Relocatable 	
	FX.S0               571	Global	Relocatable Suppressed	FXC.S0              575	Global	Relocatable Suppressed
	FXREAD           547107	Global	Relocatable 		FXSPTR              601	Global	Relocatable 	
	FXT.S0              575	Global	Relocatable 		GO               547146	Global	Relocatable 	
	GS.FX0           545446	Global	Relocatable 		HP.S1               570	Global	Relocatable 	
	HP.S2               571	Global	Relocatable 		INSRT            543772	Global	Relocatable 	
	LIBPTR              740	Global	Relocatable 		LIBRAR           547576	Global	Relocatable 	
	LL.S0               565	Global	Relocatable Suppressed	LNKLOD           542664	Entry	Relocatable 	
	LOAD             542722	Global	Relocatable 		LOD37              1466	Global	Relocatable 	
	LODFIX           547421	Global	Relocatable 		LODTST           542677	Global	Relocatable 	
	LS.ADD           543616	Global	Relocatable 		LS.ADE           543721	Global	Relocatable 	
	LW.AS               645	Global	Relocatable 		LW.FX               650	Global	Relocatable 	
	LW.S0               642	Global	Relocatable Suppressed	LW.S2               644	Global	Relocatable Suppressed
	LW.TP               651	Global	Relocatable 		MSYM               1651	Global	Relocatable 	
	NOCMX               455	Global	Relocatable 		OWNLNG             1467	Global	Relocatable 	
	PAG.AS              657	Global	Relocatable Suppressed	PAG.FX              662	Global	Relocatable Suppressed
	PAG.S0              654	Global	Relocatable Suppressed	PAG.TP              663	Global	Relocatable Suppressed
	PASDFL             1415	Global	Relocatable 		PG.HSG           543064	Global	Relocatable 	
	PG.LSG           543051	Global	Relocatable 		PRGPTR              737	Global	Relocatable 	
	PROCSN              743	Global	Relocatable 		RDSKP            550441	Global	Relocatable 	
	SEGCHK           545420	Global	Relocatable 		SGCHK.           543007	Global	Relocatable 	
	SY.AD0           544207	Global	Relocatable 		SY.AS0           545214	Global	Relocatable 	
	SY.AST           545271	Global	Relocatable 		SY.CHE           545045	Global	Relocatable 	
	SY.CHF           545032	Global	Relocatable 		SY.CHK           545375	Global	Relocatable 	
	SY.CHL           544774	Global	Relocatable 		SY.CHP           545060	Global	Relocatable 	
	SY.CHR           544743	Global	Relocatable 		SY.FX0           545474	Global	Relocatable 	
	SY.GS0           543764	Global	Relocatable 		SY.GX0           545470	Global	Relocatable 	
	SY.MDS           545166	Global	Relocatable 		SY.MOV           545317	Global	Relocatable 	
	SY.RET           545414	Global	Relocatable 		SY.RF            544065	Global	Relocatable 	
		LINK symbol map of	LINK	version 6(2364)		page 7
LNKLOD
	SY.RLS           545503	Global	Relocatable 		SY.STF           544331	Global	Relocatable 	
	SY.TYP           545605	Global	Relocatable 		SYMFLG             1503	Global	Relocatable 	
	SYTYP            545617	Global	Relocatable 		T.LOAD           542717	Global	Relocatable 	
	T11BP              1473	Global	Relocatable 		T11FA              1472	Global	Relocatable 	
	T3HOLD           547004	Global	Relocatable 		T5FIN            547132	Global	Relocatable 	
	TAB.AB             1023	Global	Relocatable 		TAB.UB             1035	Global	Relocatable 	
	TP.AB              1032	Global	Relocatable 		TP.LB              1020	Global	Relocatable 	
	TP.PT              1056	Global	Relocatable 		TP.UB              1044	Global	Relocatable 	
	TPGCNT              472	Global	Relocatable 		UW.AS               657	Global	Relocatable 	
	UW.S0               654	Global	Relocatable Suppressed	UW.S2               656	Global	Relocatable Suppressed
	UW.TP               663	Global	Relocatable 		XBUF               1226	Global	Relocatable 	
	Z.INEX           542761	Global	Relocatable 		ZXBUF            550532	Global	Relocatable 	
	.ERAMM           551125	Global	Relocatable 		.ERAMP           551333	Global	Relocatable 	
	.ERANM           550621	Global	Relocatable 		.ERCCE           551046	Global	Relocatable 	
	.ERCM6           551200	Global	Relocatable 		.ERCM7           551212	Global	Relocatable 	
	.ERCMC           551165	Global	Relocatable 		.ERCMF           551155	Global	Relocatable 	
	.ERCMX           551224	Global	Relocatable 		.ERDUZ           550656	Global	Relocatable 	
	.ERFCF           550605	Global	Relocatable 		.ERFTH           550727	Global	Relocatable 	
	.ERIRB           550553	Global	Relocatable 		.ERISP           550675	Global	Relocatable 	
	.ERIVC           550746	Global	Relocatable 		.ERLDS           550536	Global	Relocatable 	
	.ERLMM           551103	Global	Relocatable 		.ERMDS           550761	Global	Relocatable 	
	.ERNEB           551422	Global	Relocatable 		.ERNSM           550542	Global	Relocatable 	
	.ERNVR           551066	Global	Relocatable 		.ERPCD           551364	Global	Relocatable 	
	.ERPMA           551116	Global	Relocatable 		.ERPOV           551303	Global	Relocatable 	
	.ERSIF           550640	Global	Relocatable 		.ERSMP           551346	Global	Relocatable 	
	.ERSNS           551243	Global	Relocatable 		.ERTMM           551111	Global	Relocatable 	
	.ERURV           551075	Global	Relocatable 		.ERUSA           551253	Global	Relocatable 	
	.ERUUA           551261	Global	Relocatable 		.ERWNA           551057	Global	Relocatable 	

		*************

LNKHSH	from DSK:LNKHSH.REL	created by MACRO on 20-May-88 at 18:13:50
	High segment starts at	551427 ends at	551700 length	   252 (octal),   170. (decimal)

	E$$ISN           551643	Global	Relocatable 		E$$RGS           551570	Global	Relocatable 	
	TRYSYM           551427	Entry	Relocatable 		.ERISN           551673	Global	Relocatable 	
	.ERRGS           551661	Global	Relocatable 	
		*************

LNKOLD	from DSK:LNKOLD.REL	created by MACRO on 20-May-88 at 18:15:11
	High segment starts at	551701 ends at	561035 length	  7135 (octal),  3677. (decimal)

	BADCOR              456	Global	Relocatable 	
	BLCOMM             1465	Global	Relocatable 		CHKSEG           560120	Global	Relocatable 	
	CHKSZ0           552313	Global	Relocatable 		COMPDT              465	Global	Relocatable 	
	CTYPE               742	Global	Relocatable 		DESTB            556201	Global	Relocatable 	
	E$$AIC           555170	Global	Relocatable 		E$$CCD           554735	Global	Relocatable 	
	E$$CMP           557146	Global	Relocatable 		E$$COE           557437	Global	Relocatable 	
	E$$CPU           554741	Global	Relocatable 		E$$DSC           552372	Global	Relocatable 	
	E$$DSL           552250	Global	Relocatable 		E$$HCL           553446	Global	Relocatable 	
	E$$HSL           554075	Global	Relocatable 		E$$ICB           556615	Global	Relocatable 	
	E$$IPO           556135	Global	Relocatable 		E$$IPX           555606	Global	Relocatable 	
	E$$ISM           555611	Global	Relocatable 		E$$JPB           555600	Global	Relocatable 	
	E$$LII           556637	Global	Relocatable 		E$$LMN           554744	Global	Relocatable 	
		LINK symbol map of	LINK	version 6(2364)		page 8
LNKOLD
	E$$MPT           557475	Global	Relocatable 		E$$NAP           555614	Global	Relocatable 	
	E$$NSO           555533	Global	Relocatable 		E$$PBI           554640	Global	Relocatable 	
	E$$PEL           552332	Global	Relocatable 		E$$PTL           552344	Global	Relocatable 	
	E$$RBS           560130	Global	Relocatable 		E$$RWA           557451	Global	Relocatable 	
	E$$SNC           557163	Global	Relocatable 		E$$SRP           560110	Global	Relocatable 	
	E$$T13           556622	Global	Relocatable 		E$$UAR           557536	Global	Relocatable 	
	E$$UNS           557740	Global	Relocatable 		E$$URC           552514	Global	Relocatable 	
	E01AIC           557156	Global	Relocatable 		E01CNW           552404	Global	Relocatable 	
	E01DSL           552260	Global	Relocatable 		E01IPO           556441	Global	Relocatable 	
	E01IPX           557500	Global	Relocatable 		E01PBI           554647	Global	Relocatable 	
	E01SFU           553532	Global	Relocatable 		E02CNW           553435	Global	Relocatable 	
	E02EIF           557662	Global	Relocatable 		E02FLE           557657	Global	Relocatable 	
	E02LMN           557677	Global	Relocatable 		E02SFU           554635	Global	Relocatable 	
	ENTPTR              755	Global	Relocatable 		EXCCHK           555074	Global	Relocatable 	
	FCRE               1171	Global	Relocatable Suppressed	HC.AB              1025	Global	Relocatable 	
	HC.JF              1263	Global	Relocatable 		HC.S1               557	Global	Relocatable 	
	HC.S2               560	Global	Relocatable 		HC.UB              1037	Global	Relocatable 	
	INCCHK           555042	Global	Relocatable 		LC.FR              1062	Global	Relocatable 	
	LNKOLD           551761	Entry	Relocatable 		LSTLRV              453	Global	Relocatable 	
	LSTRRV              446	Global	Relocatable 		LW.HC               644	Global	Relocatable 	
	OPTAB            556226	Global	Relocatable 		PAG.S2              656	Global	Relocatable Suppressed
	POLLEN              704	Global	Relocatable 		POLSTK              703	Global	Relocatable 	
	R.CUR            560055	Global	Relocatable 		R.ERR            560103	Global	Relocatable 	
	R50T6            552554	Global	Relocatable 		RB.1             557754	Global	Relocatable 	
	RB.2             557745	Global	Relocatable 		SEGPTR              752	Global	Relocatable 	
	SET.ST           555341	Global	Relocatable 		SETRC            553720	Global	Relocatable 	
	SLOT2               432	Global	Relocatable 		SO.S2               565	Global	Relocatable 	
	SVSAT              1474	Global	Relocatable 		SY.AS            553132	Global	Relocatable 	
	SY.ASP           556452	Global	Relocatable 		SY.BH            552750	Global	Relocatable 	
	SY.DGL           552755	Global	Relocatable 		SY.DGR           552762	Global	Relocatable 	
	SY.GS            552664	Global	Relocatable 		SY.LS            552742	Global	Relocatable 	
	SY.QS            553256	Global	Relocatable 		SY.RA            553371	Global	Relocatable 	
	SY.RC0           553100	Global	Relocatable 		SY.RQ            553074	Global	Relocatable 	
	SY.RQ2           553230	Global	Relocatable 		SY.RU1           553336	Global	Relocatable 	
	SY.RU3           553332	Global	Relocatable 		SY.RUH           553435	Global	Relocatable 	
	T.11EV           556046	Global	Relocatable 		T.11PD           556077	Global	Relocatable 	
	T.11PL           556107	Global	Relocatable 		T.11RT           556421	Global	Relocatable 	
	T.14B            556663	Global	Relocatable 		T.1AD            552071	Global	Relocatable 	
	T.1DP            552271	Global	Relocatable 		T.1OVE           552245	Global	Relocatable 	
	T.1S6            552354	Global	Relocatable 		T.1SE            552366	Global	Relocatable 	
	T.24B            557416	Global	Relocatable 		T.2STB           552523	Global	Relocatable 	
	T.2TAB           552474	Global	Relocatable 		T.5ENT           554440	Global	Relocatable 	
	T.5F40           554230	Global	Relocatable 		T.6RC            555264	Global	Relocatable 	
	T.6RED           555244	Global	Relocatable 		T.774            557545	Global	Relocatable Suppressed
	T.775            557545	Global	Relocatable Suppressed	T.776            557545	Global	Relocatable 	
	T.COMM           557110	Global	Relocatable 		T.COMR           557101	Global	Relocatable 	
	T.RQST           557035	Global	Relocatable 		T11CHF           556534	Global	Relocatable 	
	T11CHL           556526	Global	Relocatable 		T11CHR           556520	Global	Relocatable 	
	T11SYF           556451	Global	Relocatable 		T11SYL           556447	Global	Relocatable 	
	T11SYR           556445	Global	Relocatable 		TOOBIG           552322	Global	Relocatable 	
	TTLREL           555200	Global	Relocatable 		TTLRLC           555226	Global	Relocatable 	
	UW.HC               656	Global	Relocatable 		.ERAIC           560415	Global	Relocatable 	
	.ERCCD           560342	Global	Relocatable 		.ERCMP           560634	Global	Relocatable 	
	.ERCOE           560676	Global	Relocatable 		.ERCPU           560346	Global	Relocatable 	
		LINK symbol map of	LINK	version 6(2364)		page 9
LNKOLD
	.ERDSC           560170	Global	Relocatable 		.ERDSL           560135	Global	Relocatable 	
	.ERHCL           560232	Global	Relocatable 		.ERHSL           560252	Global	Relocatable 	
	.ERICB           560573	Global	Relocatable 		.ERIPO           560560	Global	Relocatable 	
	.ERIPX           560474	Global	Relocatable 		.ERISM           560501	Global	Relocatable 	
	.ERJPB           560465	Global	Relocatable 		.ERLII           560620	Global	Relocatable 	
	.ERLMN           560357	Global	Relocatable 		.ERMPT           560731	Global	Relocatable 	
	.ERNAP           560520	Global	Relocatable 		.ERNSO           560446	Global	Relocatable 	
	.ERPBI           560330	Global	Relocatable 		.ERPEL           560152	Global	Relocatable 	
	.ERPTL           560162	Global	Relocatable 		.ERRBS           561026	Global	Relocatable 	
	.ERRWA           560714	Global	Relocatable 		.ERSNC           560647	Global	Relocatable 	
	.ERSRP           561013	Global	Relocatable 		.ERT13           560606	Global	Relocatable 	
	.ERUAR           560746	Global	Relocatable 		.ERUNS           560765	Global	Relocatable 	
	.ERURC           560200	Global	Relocatable 	
		*************

LNKNEW	from DSK:LNKNEW.REL	created by MACRO on 20-May-88 at 18:15:55
	High segment starts at	561036 ends at	565701 length	  4644 (octal),  2468. (decimal)

	AS.FR              1064	Global	Relocatable 	
	AS.PT              1052	Global	Relocatable 		ASCRET           563755	Global	Relocatable 	
	ASYM                442	Global	Relocatable 		D.GET1           564102	Global	Relocatable 	
	D.REL1           564057	Global	Relocatable 		D.REL2           564054	Global	Relocatable 	
	D.TRIP           564042	Global	Relocatable 		E$$IRC           564077	Global	Relocatable 	
	E$$IRR           562216	Global	Relocatable 		E$$PEF           564111	Global	Relocatable 	
	E$$STL           563655	Global	Relocatable 		E$$UCB           562325	Global	Relocatable 	
	E$$USD           565324	Global	Relocatable 		LNKASC           563710	Global	Relocatable 	
	LNKNEW           561127	Entry	Relocatable 		NAMBLK              716	Global	Relocatable 	
	NORBYT              471	Global	Relocatable 		REL.1            564115	Global	Relocatable 	
	RELSIZ              440	Global	Relocatable 		SAVCOD             1501	Global	Relocatable 	
	STDATA           565332	Global	Relocatable 		SYMBLK              757	Global	Relocatable 	
	T.1010           561752	Global	Relocatable 		T.1011           561756	Global	Relocatable 	
	T.1012           561762	Global	Relocatable 		T.1013           561766	Global	Relocatable 	
	T.1014           561772	Global	Relocatable 		T.1020           561776	Global	Relocatable 	
	T.1021           562002	Global	Relocatable 		T.1022           562006	Global	Relocatable 	
	T.1023           562012	Global	Relocatable 		T.1030           562016	Global	Relocatable 	
	T.1031           562022	Global	Relocatable 		T.1032           562026	Global	Relocatable 	
	T.1033           562032	Global	Relocatable 		T.1034           562036	Global	Relocatable 	
	T.1045           562253	Global	Relocatable 		T.1074           563660	Global	Relocatable 	
	T.1100           564227	Global	Relocatable 		T.1101           564236	Global	Relocatable 	
	T.1102           564245	Global	Relocatable 		T.1103           564254	Global	Relocatable 	
	T.1104           564263	Global	Relocatable 		T.1120           564275	Global	Relocatable 	
	T.1121           564305	Global	Relocatable 		T.1122           564315	Global	Relocatable 	
	T.1123           564325	Global	Relocatable 		T.1124           564335	Global	Relocatable 	
	T.1130           564415	Global	Relocatable 		T.11XX           564172	Global	Relocatable 	
	T1004U           561737	Global	Relocatable 		T1072E           563521	Global	Relocatable 	
	TAB.LW              642	Global	Relocatable 		TAB.UW              654	Global	Relocatable 	
	TP.PP              1140	Global	Relocatable 		VALBLK              773	Global	Relocatable 	
	WRTPTR           562332	Global	Relocatable 		X72CHE           563643	Global	Relocatable 	
	.ERIRC           565557	Global	Relocatable 		.ERIRR           565427	Global	Relocatable 	
	.ERPEF           565566	Global	Relocatable 		.ERSTL           565547	Global	Relocatable 	
	.ERUCB           565444	Global	Relocatable 		.ERUSB           565360	Global	Relocatable 	
	.ERUSD           565666	Global	Relocatable 	
		*************

		LINK symbol map of	LINK	version 6(2364)		page 10


LNKCST	from DSK:LNKCST.REL	created by MACRO on 20-May-88 at 18:15:58
	High segment starts at	565702 ends at	565736 length	    35 (octal),    29. (decimal)

	LNKCST           565705	Entry	Relocatable 	

		*************

LNKCOR	from DSK:LNKCOR.REL	created by MACRO on 20-May-88 at 18:16:33
	High segment starts at	565737 ends at	571470 length	  3532 (octal),  1882. (decimal)

	AS.AB              1026	Global	Relocatable 		AS.DMP           570543	Global	Relocatable 	
	AS.GBC           567165	Global	Relocatable 		AS.GET           566607	Global	Relocatable 	
	AS.IN            570310	Global	Relocatable 		AS.OUT           570111	Global	Relocatable 	
	AS.REM           567416	Global	Relocatable 		AS.RET           567060	Global	Relocatable 	
	AS.TST           567342	Global	Relocatable 		BG.GBC           567204	Global	Relocatable 	
	BG.GET           566632	Global	Relocatable 		BG.REM           567435	Global	Relocatable 	
	BG.RET           567077	Global	Relocatable 		BG.TST           567361	Global	Relocatable 	
	COREFL              750	Global	Relocatable 		CRTMP1              447	Global	Relocatable 	
	CRTMP2              450	Global	Relocatable 		CRTMP3              451	Global	Relocatable 	
	DY.GBC           567154	Global	Relocatable 		DY.GET           566574	Global	Relocatable 	
	DY.REM           567403	Global	Relocatable 		DY.RET           567045	Global	Relocatable 	
	DY.TST           567325	Global	Relocatable 		E$$AZW           566641	Global	Relocatable 	
	E$$CBO           570237	Global	Relocatable 		E$$CCS           570233	Global	Relocatable 	
	E$$CRS           570431	Global	Relocatable 		E$$EAS           570454	Global	Relocatable 	
	E$$ELS           570447	Global	Relocatable 		E$$ETP           570461	Global	Relocatable 	
	E$$IAS           570313	Global	Relocatable 		E$$IHC           570267	Global	Relocatable 	
	E$$ILC           570256	Global	Relocatable 		E$$ILS           570300	Global	Relocatable 	
	E$$ITP           570326	Global	Relocatable 		E$$MEF           566013	Global	Relocatable 	
	E$$MMF           571146	Global	Relocatable 		E$$MOV           566021	Global	Relocatable 	
	E$$OAS           570114	Global	Relocatable 		E$$OHC           570072	Global	Relocatable 	
	E$$OLC           570062	Global	Relocatable 		E$$OLS           570102	Global	Relocatable 	
	E$$OTP           570126	Global	Relocatable 		E$$PAS           570423	Global	Relocatable 	
	E$$PLS           570420	Global	Relocatable 		E$$PTP           570426	Global	Relocatable 	
	E$$RUM           567144	Global	Relocatable 		E$$SFU           571142	Global	Relocatable 	
	EXPNG            570004	Global	Relocatable 		FR.CNT           566544	Global	Relocatable 	
	FX.GBC           567176	Global	Relocatable 		FX.GET           566620	Global	Relocatable 	
	FX.REM           567427	Global	Relocatable 		FX.RET           567071	Global	Relocatable 	
	FX.TST           567353	Global	Relocatable 		GBCK.L           567500	Global	Relocatable 	
	GS.GBC           567207	Global	Relocatable 		GS.GET           566635	Global	Relocatable 	
	GS.REM           567440	Global	Relocatable 		GS.RET           567102	Global	Relocatable 	
	GS.TST           567364	Global	Relocatable 		HC.GBC           567162	Global	Relocatable 	
	HC.GET           566604	Global	Relocatable 		HC.IN            570264	Global	Relocatable 	
	HC.OUT           570067	Global	Relocatable 		HC.REM           567413	Global	Relocatable 	
	HC.RET           567055	Global	Relocatable 		HC.TST           567337	Global	Relocatable 	
	LA.DMP           570570	Global	Relocatable 		LC.GBC           567157	Global	Relocatable 	
	LC.GET           566601	Global	Relocatable 		LC.IN            570253	Global	Relocatable 	
	LC.OUT           570057	Global	Relocatable 		LC.REM           567410	Global	Relocatable 	
	LC.RET           567052	Global	Relocatable 		LC.TST           567334	Global	Relocatable 	
	LNKCOR           565737	Entry	Relocatable 		LS.DMP           570466	Global	Relocatable 	
	LS.FXR           570636	Global	Relocatable 		LS.GBC           567173	Global	Relocatable 	
	LS.GET           566615	Global	Relocatable 		LS.IN            570275	Global	Relocatable 	
	LS.OUT           570077	Global	Relocatable 		LS.PP              1136	Global	Relocatable 	
	LS.REM           567424	Global	Relocatable 		LS.RET           567066	Global	Relocatable 	
		LINK symbol map of	LINK	version 6(2364)		page 11
LNKCOR
	LS.TST           567350	Global	Relocatable 		NEWSCT           570205	Global	Relocatable 	
	POPOFS              444	Global	Relocatable 		RT.GBC           567170	Global	Relocatable 	
	RT.GET           566612	Global	Relocatable 		RT.REM           567421	Global	Relocatable 	
	RT.RET           567063	Global	Relocatable 		RT.TST           567345	Global	Relocatable 	
	TAB.FR             1061	Global	Relocatable 		TAB.HB              666	Global	Relocatable 	
	TAB.NB             1073	Global	Relocatable 		TAB.PG              654	Global	Relocatable Suppressed
	TAB.PT             1047	Global	Relocatable 		TAB.ZE             1143	Global	Relocatable 	
	TB.FSP             1117	Global	Relocatable 		TB.IN            570336	Global	Relocatable 	
	TB.JFD           566172	Global	Relocatable 		TB.LNK             1105	Global	Relocatable 	
	TB.OUT           570350	Global	Relocatable 		TP.DMP           570516	Global	Relocatable 	
	TP.GBC           567201	Global	Relocatable 		TP.GET           566625	Global	Relocatable 	
	TP.IN            570323	Global	Relocatable 		TP.OUT           570123	Global	Relocatable 	
	TP.REM           567432	Global	Relocatable 		TP.RET           567074	Global	Relocatable 	
	TP.TST           567356	Global	Relocatable 		XX.INI           566750	Global	Relocatable 	
	XX.ZAP           567444	Global	Relocatable 		.ERAZW           571204	Global	Relocatable 	
	.ERCBO           571300	Global	Relocatable 		.ERCCS           571272	Global	Relocatable 	
	.ERCRS           571400	Global	Relocatable 		.EREAS           571420	Global	Relocatable 	
	.ERELS           571406	Global	Relocatable 		.ERETP           571432	Global	Relocatable 	
	.ERIAS           571337	Global	Relocatable 		.ERIHC           571320	Global	Relocatable 	
	.ERILC           571312	Global	Relocatable 		.ERILS           571326	Global	Relocatable 	
	.ERITP           571345	Global	Relocatable 		.ERMEF           571150	Global	Relocatable 	
	.ERMMF           571463	Global	Relocatable 		.ERMOV           571157	Global	Relocatable 	
	.EROAS           571255	Global	Relocatable 		.EROHC           571237	Global	Relocatable 	
	.EROLC           571231	Global	Relocatable 		.EROLS           571245	Global	Relocatable 	
	.EROTP           571263	Global	Relocatable 		.ERPAS           571362	Global	Relocatable 	
	.ERPLS           571353	Global	Relocatable 		.ERPTP           571371	Global	Relocatable 	
	.ERRUM           571213	Global	Relocatable 		.ERSFU           571455	Global	Relocatable 	
	.GBCSP           567212	Global	Relocatable 		.GETSP           566640	Global	Relocatable 	
	.REMSP           567443	Entry	Relocatable 		.RETSP           567105	Global	Relocatable 	
	.TSTSP           567367	Entry	Relocatable 	
		*************

LNKERR	from DSK:LNKERR.REL	created by MACRO on 20-May-88 at 18:18:23
	High segment starts at	571471 ends at	613653 length	 22163 (octal),  9331. (decimal)

	ERRCOD             1433	Global	Relocatable 	
	LNKERR           571471	Entry	Relocatable 		TABCHR              457	Global	Relocatable 	
	.RPOPJ           571603	Global	Relocatable 	
		*************

LNKLOG	from DSK:LNKLOG.REL	created by MACRO on 20-May-88 at 18:17:16
	High segment starts at	613654 ends at	616007 length	  2134 (octal),  1116. (decimal)

	E$$UMF           615252	Global	Relocatable 	
	ER.FIN           613720	Global	Relocatable 		ERCHAN             1463	Global	Relocatable 	
	FILBLK              527	Global	Relocatable 		JSERR            615233	Global	Relocatable 	
	LNKLOG           613700	Entry	Relocatable 		LOGOUT           614656	Global	Relocatable 	
	PRTMSG             1464	Global	Relocatable 		RTNPC              1462	Global	Relocatable 	
	TTYCHK           614635	Global	Relocatable 		TTYOUT           614650	Global	Relocatable 	
	%%UUO            613677	Global	Relocatable 		.ERCNW           615074	Global	Relocatable 	
	.EREIF           615066	Global	Relocatable 		.ERFEE           615032	Global	Relocatable 	
	.ERFLE           615036	Global	Relocatable 		.ERFRE           615042	Global	Relocatable 	
	.ERGSE           615046	Global	Relocatable 		.ERNED           615052	Global	Relocatable 	
	.EROFD           615060	Global	Relocatable 		.ERUIE           615762	Global	Relocatable 	
		LINK symbol map of	LINK	version 6(2364)		page 12
LNKLOG
	.ERUMF           615775	Global	Relocatable 		.ETDON           615231	Global	Relocatable 	
	.ETIMF           615173	Global	Relocatable 		.ETLNN           615213	Global	Relocatable 	
	.ETNMF           615203	Global	Relocatable 		.ETSAV           615222	Global	Relocatable 	
	.TEBLK           614707	Global	Relocatable 		.TSYMB           614764	Global	Relocatable 	
	.TULCS           615006	Global	Relocatable 	
		*************

LNKMAP	from DSK:LNKMAP.REL	created by MACRO on 20-May-88 at 18:19:06
	High segment starts at	616010 ends at	621764 length	  3755 (octal),  2029. (decimal)

	E$$EMS           621211	Global	Relocatable 	
	E$$MPS           616011	Global	Relocatable 		E$$OEM           620300	Global	Relocatable 	
	E$$TTF           620006	Global	Relocatable 		LL.S1               566	Global	Relocatable 	
	LNKMAP           616010	Entry	Relocatable 		LNKNO.             1600	Global	Relocatable 	
	OV.S2              1644	Global	Relocatable 		PV.S2              1646	Global	Relocatable 	
	.EREMS           621751	Global	Relocatable 		.ERMPS           621270	Global	Relocatable 	
	.EROEM           621573	Global	Relocatable 		.ERTTF           621543	Global	Relocatable 	

		*************

LNKOV2	from DSK:LNKOV2.REL	created by MACRO on 20-May-88 at 18:20:59
	High segment starts at	621765 ends at	624270 length	  2304 (octal),  1220. (decimal)

	DI                 1532	Global	Relocatable 		E$$ABT           623422	Global	Relocatable 	
	E$$ARL           622642	Global	Relocatable 		E$$OS2           621766	Global	Relocatable 	
	E$$SNP           622466	Global	Relocatable 		E$$TMA           623057	Global	Relocatable 	
	E$$USC           622453	Global	Relocatable 		INPH             623736	Global	Relocatable 	
	LNKOV2           621765	Entry	Relocatable 		OVLOFF             1610	Global	Relocatable 	
	RDCST            623633	Global	Relocatable 		TMAMAX             1614	Global	Relocatable 	
	.ERABT           624250	Global	Relocatable 		.ERARL           624216	Global	Relocatable 	
	.EROS2           624134	Global	Relocatable 		.ERSNP           624170	Global	Relocatable 	
	.ERTMA           624234	Global	Relocatable 		.ERUSC           624157	Global	Relocatable 	

		*************

LNKOVS	from DSK:LNKOVS.REL	created by MACRO on 20-May-88 at 18:21:04
	High segment starts at	624271 ends at	624473 length	   203 (octal),   131. (decimal)

	E$$IOV           624432	Global	Relocatable 		E$$LNM           624440	Global	Relocatable 	
	E$$OOV           624435	Global	Relocatable 		PHIOWD           624430	Global	Relocatable 	
	RT.INC           624416	Global	Relocatable 		RT.P2            624351	Global	Relocatable 	
	RT.P3            624364	Global	Relocatable 		TR.WLK           624271	Entry	Relocatable 	
	.ERIOV           624447	Global	Relocatable 		.ERLNM           624465	Global	Relocatable 	
	.EROOV           624456	Global	Relocatable 	
		*************

LNKXIT	from DSK:LNKXIT.REL	created by MACRO on 20-May-88 at 18:20:21
	High segment starts at	624474 ends at	631316 length	  4623 (octal),  2451. (decimal)

	DVMOV.           630377	Global	Relocatable 	
	E$$CFS           624501	Global	Relocatable 		E$$CSF           630167	Global	Relocatable 	
	E$$DEB           630372	Global	Relocatable 		E$$ECE           630271	Global	Relocatable 	
	E$$ELF           630342	Global	Relocatable 		E$$EOE           630276	Global	Relocatable 	
	E$$EOI           630526	Global	Relocatable 		E$$EOO           630523	Global	Relocatable 	
		LINK symbol map of	LINK	version 6(2364)		page 13
LNKXIT
	E$$EXS           624475	Global	Relocatable 		E$$FIN           630334	Global	Relocatable 	
	E$$ISS           626554	Global	Relocatable 		E$$NPD           627310	Global	Relocatable 	
	E$$NPP           625136	Global	Relocatable 		E$$NPS           625655	Global	Relocatable 	
	E$$OES           626714	Global	Relocatable 		E$$SPF           630006	Global	Relocatable 	
	E$$SST           625250	Global	Relocatable 		E$$STC           625410	Global	Relocatable 	
	E$$XCT           630365	Global	Relocatable 		E01FRE           630317	Global	Relocatable 	
	E01OES           627034	Global	Relocatable 		E02DLT           630230	Global	Relocatable 	
	E02FRE           630356	Global	Relocatable 		E02NSA           630234	Global	Relocatable 	
	E03CNW           626426	Global	Relocatable 		E03FRE           630413	Global	Relocatable 	
	ENDSAV           630322	Global	Relocatable 		LNKXIT           624474	Entry	Relocatable 	
	LSLOOP           626220	Global	Relocatable 		LSOVX            626161	Global	Relocatable 	
	PDVADR              466	Global	Relocatable 		PVPLIM              464	Global	Relocatable 	
	PVPSEG              463	Global	Relocatable 		.ERCFS           630617	Global	Relocatable 	
	.ERCLD           631260	Global	Relocatable 		.ERCSF           631140	Global	Relocatable 	
	.ERCSP           631303	Global	Relocatable 		.ERDEB           631240	Global	Relocatable 	
	.ERDLT           631161	Global	Relocatable 		.ERDNA           631270	Global	Relocatable 	
	.ERECE           631173	Global	Relocatable 		.ERELF           631230	Global	Relocatable 	
	.EREOE           631201	Global	Relocatable 		.EREOI           631254	Global	Relocatable 	
	.EREOO           631247	Global	Relocatable 		.EREXS           630613	Global	Relocatable 	
	.ERFIN           631224	Global	Relocatable 		.ERISS           630725	Global	Relocatable 	
	.ERNFS           631275	Global	Relocatable 		.ERNPD           630774	Global	Relocatable 	
	.ERNPP           630634	Global	Relocatable 		.ERNPS           630672	Global	Relocatable 	
	.ERNSA           631166	Global	Relocatable 		.EROES           630751	Global	Relocatable 	
	.ERSPF           631057	Global	Relocatable 		.ERSST           630651	Global	Relocatable 	
	.ERSTC           630663	Global	Relocatable 		.ERXCT           631236	Global	Relocatable 	

		*************

LNKPLT	from DSK:LNKPLT.REL	created by MACRO on 20-May-88 at 18:21:02
	High segment starts at	631317 ends at	631577 length	   261 (octal),   177. (decimal)

	CORFUL              713	Global	Relocatable 		E$$POT           631326	Global	Relocatable 	
	GETSON           631473	Entry	Relocatable 		INCHES             1526	Global	Relocatable 	
	LEAVES             1527	Global	Relocatable 		LNKPLT           631325	Entry	Relocatable 	
	STEPS              1530	Global	Relocatable 		.ERPOT           631563	Global	Relocatable 	
	.TEMP2              246	Global	Relocatable 	
		*************

LNKPRM	from DSK:LNKSUB.REL	created by MACRO on 20-May-88 at 18:21:08
	High segment starts at	631600 ends at	631655 length	    56 (octal),    46. (decimal)

	E$$HTL           631613	Global	Relocatable 	
	NPRIME           631600	Entry	Relocatable 		.ERHTL           631647	Global	Relocatable 	

		*************

.TSUBS	from DSK:LNKSUB.REL	created by MACRO on 20-May-88 at 18:21:08
	High segment starts at	631656 ends at	631745 length	    70 (octal),    56. (decimal)

	.T6OCT           631673	Entry	Relocatable 		.T6ZOC           631705	Entry	Relocatable 	
	.TDEP            631720	Entry	Relocatable 		.TFOCT           631656	Entry	Relocatable 	
	.TOEP            631727	Entry	Relocatable 		.TSIXB           631736	Entry	Relocatable 	

		*************
		LINK symbol map of	LINK	version 6(2364)		page 14


NAMCMP	from DSK:LNKSUB.REL	created by MACRO on 20-May-88 at 18:21:08
	High segment starts at	631746 ends at	632005 length	    40 (octal),    32. (decimal)

	NAMCMP           631746	Entry	Relocatable 	
		*************

LNK400	from DSK:LNKSUB.REL	created by MACRO on 20-May-88 at 18:21:08
	High segment starts at	632006 ends at	632021 length	    14 (octal),    12. (decimal)

	E$$OFN           632006	Global	Relocatable 	
	LNKF40           632006	Entry	Relocatable 		T.400            632006	Global	Relocatable 	
	T.401            632006	Global	Relocatable 		.EROFN           632011	Global	Relocatable 	

		*************

PLTO..	from DSK:PLTDCL.REL	created by MACRO on 20-May-88 at 18:21:13
	High segment starts at	632022 ends at	633312 length	  1271 (octal),   697. (decimal)

	PLTO.C           633265	Global	Relocatable 		PLTO.F           633166	Global	Relocatable 	
	PLTO.G              140	Global	Relocatable 		PLTO.L           633265	Global	Relocatable 	
	PLTO.O              140	Global	Relocatable 		PLTO.P           633265	Global	Relocatable 	

		*************

PLTUTL	from DSK:PLTUTL.REL	created by MACRO on 20-May-88 at 18:21:32
	High segment starts at	633313 ends at	634131 length	   617 (octal),   399. (decimal)

	PLTINI           633344	Entry	Relocatable 		PLTLIN           633750	Entry	Relocatable 	
	PLTORI           633313	Entry	Relocatable 		PLTPOL           633360	Entry	Relocatable 	

		*************

PLTGLB	from DSK:PLTGLB.REL	created by MACRO on 20-May-88 at 18:21:29
	High segment starts at	634132 ends at	634147 length	    16 (octal),    14. (decimal)

	CEXIT.           634132	Global	Relocatable 		FORER.           634145	Global	Relocatable 	
	RAX$             634140	Global	Relocatable 	
		*************

FORMSC	from DSK:PLTMTH.REL	created by MACRO on 20-May-88 at 18:21:28

	Zero length module

		*************

FLOAT	from DSK:PLTMTH.REL	created by MACRO on 20-May-88 at 18:21:28

	Zero length module

		*************

		LINK symbol map of	LINK	version 6(2364)		page 15


FLOAT.	from DSK:PLTMTH.REL	created by MACRO on 20-May-88 at 18:21:28
	High segment starts at	634150 ends at	634152 length	     3 (octal),     3. (decimal)

	FLOAT.           634151	Entry	Relocatable 	

		*************

IFIX	from DSK:PLTMTH.REL	created by MACRO on 20-May-88 at 18:21:28

	Zero length module

		*************

INT	from DSK:PLTMTH.REL	created by MACRO on 20-May-88 at 18:21:28

	Zero length module

		*************

IFIX.	from DSK:PLTMTH.REL	created by MACRO on 20-May-88 at 18:21:28
	High segment starts at	634153 ends at	634157 length	     5 (octal),     5. (decimal)

	IFIX.            634156	Entry	Relocatable 		INT.             634154	Entry	Relocatable 	

		*************

FLT.0	from DSK:PLTMTH.REL	created by MACRO on 20-May-88 at 18:21:28
	High segment starts at	634160 ends at	634170 length	    11 (octal),     9. (decimal)

	FLT.0            634161	Entry	Relocatable 	
		*************

FLT.14	from DSK:PLTMTH.REL	created by MACRO on 20-May-88 at 18:21:28
	High segment starts at	634171 ends at	634201 length	    11 (octal),     9. (decimal)

	FLT.14           634172	Entry	Relocatable 	

		*************

IFX.0	from DSK:PLTMTH.REL	created by MACRO on 20-May-88 at 18:21:28
	High segment starts at	634202 ends at	634213 length	    12 (octal),    10. (decimal)

	IFX.0            634203	Entry	Relocatable 	
		*************

EXP2	from DSK:PLTMTH.REL	created by MACRO on 20-May-88 at 18:21:28
	High segment starts at	634214 ends at	634364 length	   151 (octal),   105. (decimal)

	EXP2.            634215	Entry	Relocatable 	
	EXP2..           634243	Entry	Relocatable 		EXP2.0           634243	Entry	Relocatable 	
	EXP2.2           634235	Entry	Relocatable 		EXP2.4           634227	Entry	Relocatable 	
	EXP2.6           634221	Entry	Relocatable 	
		*************
		LINK symbol map of	LINK	version 6(2364)		page 16


EXP	from DSK:PLTMTH.REL	created by MACRO on 20-May-88 at 18:21:28

	Zero length module

		*************

EXP.	from DSK:PLTMTH.REL	created by MACRO on 20-May-88 at 18:21:28
	High segment starts at	634365 ends at	634453 length	    67 (octal),    55. (decimal)

	EXP.             634366	Entry	Relocatable 	

		*************

ALOG	from DSK:PLTMTH.REL	created by MACRO on 20-May-88 at 18:21:28

	Zero length module

		*************

ALOG10	from DSK:PLTMTH.REL	created by MACRO on 20-May-88 at 18:21:28

	Zero length module

		*************

ALOG.	from DSK:PLTMTH.REL	created by MACRO on 20-May-88 at 18:21:28
	High segment starts at	634454 ends at	634566 length	   113 (octal),    75. (decimal)

	ALG10.           634455	Entry	Relocatable 		ALOG.            634471	Entry	Relocatable 	

		*************

SIND	from DSK:PLTMTH.REL	created by MACRO on 20-May-88 at 18:21:28

	Zero length module

		*************

COSD	from DSK:PLTMTH.REL	created by MACRO on 20-May-88 at 18:21:28

	Zero length module

		*************

SIN	from DSK:PLTMTH.REL	created by MACRO on 20-May-88 at 18:21:28

	Zero length module

		*************

		LINK symbol map of	LINK	version 6(2364)		page 17


COS	from DSK:PLTMTH.REL	created by MACRO on 20-May-88 at 18:21:28

	Zero length module

		*************

SIN.	from DSK:PLTMTH.REL	created by MACRO on 20-May-88 at 18:21:28
	High segment starts at	634567 ends at	634672 length	   104 (octal),    68. (decimal)

	COS.             634603	Entry	Relocatable 		COSD.            634570	Entry	Relocatable 	
	SIN.             634607	Entry	Relocatable 		SIND.            634576	Entry	Relocatable 	

		*************

LINE	from DSK:PLTIO.REL	created by MACRO on 20-May-88 at 18:21:23
	High segment starts at	634673 ends at	634761 length	    67 (octal),    55. (decimal)

	LINE             634674	Entry	Relocatable 	
		*************

PLOT	from DSK:PLTIO.REL	created by MACRO on 20-May-88 at 18:21:23
	High segment starts at	634762 ends at	637075 length	  2114 (octal),  1100. (decimal)

	LPTOUT           636657	Entry	Relocatable 	
	NUMBER           636513	Entry	Relocatable 		PLOT             635027	Entry	Relocatable 	
	PLOT.            635075	Entry	Relocatable 		PLOTI            636766	Entry	Relocatable 	
	PLOTS            634763	Entry	Relocatable 		SYMBOL           635217	Entry	Relocatable 	
	WHERE            636505	Entry	Relocatable 		XY2CHR           637013	Entry	Relocatable 	

		*************

LNKLOW	from DSK:LNKLOW.REL	created by MACRO on 20-May-88 at 18:09:49
	Low  segment starts at	   140 ends at	  1664 length	  1525 (octal),   853. (decimal)

	AC.JF              1270	Global	Relocatable 		AS.FSP             1122	Global	Relocatable 	
	AS.LNK             1110	Global	Relocatable 		AS.NB              1076	Global	Relocatable 	
	AS.PP              1134	Global	Relocatable 		AS.UB              1040	Global	Relocatable 	
	AS.ZE              1146	Global	Relocatable 		BG.FSP             1127	Global	Relocatable 	
	BG.LNK             1115	Global	Relocatable 		BG.NB              1103	Global	Relocatable 	
	BG.PP              1141	Global	Relocatable 		BG.ZE              1153	Global	Relocatable 	
	BRNPTR             1601	Global	Relocatable 		DY.FSP             1117	Global	Relocatable 	
	DY.LNK             1105	Global	Relocatable 		DY.NB              1073	Global	Relocatable 	
	DY.PP              1131	Global	Relocatable 		DY.ZE              1143	Global	Relocatable 	
	EXEBLK             1400	Global	Relocatable 		EXEDIR             1401	Global	Relocatable 	
	FALC               1176	Global	Relocatable Suppressed	FC.JF              1266	Global	Relocatable 	
	FDEV               1203	Global	Relocatable Suppressed	FLEN               1172	Global	Relocatable Suppressed
	FVER               1173	Global	Relocatable Suppressed	FX.FR              1067	Global	Relocatable 	
	FX.FSP             1125	Global	Relocatable 		FX.LNK             1113	Global	Relocatable 	
	FX.NB              1101	Global	Relocatable 		FX.PP              1137	Global	Relocatable 	
	FX.PT              1055	Global	Relocatable 		FX.UB              1043	Global	Relocatable 	
	FX.ZE              1151	Global	Relocatable 		FXC.S1              576	Global	Relocatable 	
	FXC.S2              577	Global	Relocatable 		FXSPC               702	Global	Relocatable 	
	G.DIRM             1327	Global	Relocatable 		G.PROT             1324	Global	Relocatable 	
		LINK symbol map of	LINK	version 6(2364)		page 18
LNKLOW
	G.ZER              1320	Global	Relocatable 		GC.JF              1265	Global	Relocatable 	
	GLBBEG              346	Global	Relocatable 		GLBEND              356	Global	Relocatable 	
	GS.NB              1104	Global	Relocatable 		GS.PP              1142	Global	Relocatable 	
	GS.ZE              1154	Global	Relocatable 		H.EZER             1214	Global	Relocatable Suppressed
	H.ZER              1155	Global	Relocatable Suppressed	HB.AS               671	Global	Relocatable 	
	HB.BG               676	Global	Relocatable 		HB.DY               666	Global	Relocatable 	
	HB.FX               674	Global	Relocatable 		HB.GS               677	Global	Relocatable 	
	HB.HC               670	Global	Relocatable 		HB.LC               667	Global	Relocatable 	
	HB.RT               672	Global	Relocatable 		HB.S0               666	Global	Relocatable Suppressed
	HB.S1               667	Global	Relocatable Suppressed	HB.S2               670	Global	Relocatable Suppressed
	HB.TP               675	Global	Relocatable 		HC.FR              1063	Global	Relocatable 	
	HC.FSP             1121	Global	Relocatable 		HC.LNK             1107	Global	Relocatable 	
	HC.NB              1075	Global	Relocatable 		HC.PP              1133	Global	Relocatable 	
	HC.PT              1051	Global	Relocatable 		HC.ZE              1145	Global	Relocatable 	
	HP.S0               567	Global	Relocatable Suppressed	LBLOCK             1165	Global	Relocatable 	
	LC.FSP             1120	Global	Relocatable 		LC.LNK             1106	Global	Relocatable 	
	LC.NB              1074	Global	Relocatable 		LC.PP              1132	Global	Relocatable 	
	LC.PT              1050	Global	Relocatable 		LC.ZE              1144	Global	Relocatable 	
	LS.FSP             1124	Global	Relocatable 		LS.LNK             1112	Global	Relocatable 	
	LS.NB              1100	Global	Relocatable 		LS.ZE              1150	Global	Relocatable 	
	LW.BG               652	Global	Relocatable 		LW.DY               642	Global	Relocatable 	
	LW.GS               653	Global	Relocatable 		LW.RT               646	Global	Relocatable 	
	MC.JF              1257	Global	Relocatable 		O.BFR              1366	Global	Relocatable 	
	O.DIRM             1353	Global	Relocatable 		O.SNC              1367	Global	Relocatable 	
	O.ZER              1344	Global	Relocatable 		OC.JF              1261	Global	Relocatable 	
	OPNFF              1161	Global	Relocatable Suppressed	OPNSZ              1160	Global	Relocatable Suppressed
	OV.S0              1642	Global	Relocatable Suppressed	PAG.BG              664	Global	Relocatable Suppressed
	PAG.DY              654	Global	Relocatable Suppressed	PAG.GS              665	Global	Relocatable Suppressed
	PAG.HC              656	Global	Relocatable Suppressed	PAG.LC              655	Global	Relocatable Suppressed
	PC.JF              1271	Global	Relocatable 		PTHARG              412	Global	Relocatable 	
	PTHEND              422	Global	Relocatable 		PTHSCN              413	Global	Relocatable 	
	PV.S0              1644	Global	Relocatable Suppressed	RC.JF              1260	Global	Relocatable 	
	RGNNAM             1565	Global	Relocatable 		RGNNUM             1564	Global	Relocatable 	
	RT.FSP             1123	Global	Relocatable 		RT.LNK             1111	Global	Relocatable 	
	RT.NB              1077	Global	Relocatable 		RT.PP              1135	Global	Relocatable 	
	RT.UB              1041	Global	Relocatable 		RT.ZE              1147	Global	Relocatable 	
	SAVP1              1502	Global	Relocatable 		SC.JF              1264	Global	Relocatable 	
	SFDEND             1214	Global	Relocatable Suppressed	SFDSCN             1205	Global	Relocatable Suppressed
	SO.S0               563	Global	Relocatable Suppressed	SO.S1               564	Global	Relocatable 	
	SUBLEN              701	Global	Relocatable 		SVSAT1             1475	Global	Relocatable 	
	SYMLEN              700	Global	Relocatable 		SYMSRT             1423	Global	Relocatable 	
	TAB.PP             1131	Global	Relocatable 		TC.JF              1267	Global	Relocatable 	
	THSTRT             1655	Global	Relocatable 		TP.FR              1070	Global	Relocatable 	
	TP.FSP             1126	Global	Relocatable 		TP.LNK             1114	Global	Relocatable 	
	TP.NB              1102	Global	Relocatable 		TP.ZE              1152	Global	Relocatable 	
	TTLADR             1010	Global	Relocatable 		UW.BG               664	Global	Relocatable 	
	UW.DY               654	Global	Relocatable 		UW.FX               662	Global	Relocatable 	
	UW.GS               665	Global	Relocatable 		UW.RT               660	Global	Relocatable 	
	ZC.JF              1255	Global	Relocatable 	
		*************

		LINK symbol map of	LINK	version 6(2364)		page 19


.SCAN	from SYS:SCAN.REL	created by MACRO on 19-Mar-88 at 15:52:14
	Low  segment starts at	  1665 ends at	  2463 length	   577 (octal),   383. (decimal)
	High segment starts at	637076 ends at	645621 length	  6524 (octal),  3412. (decimal)

	E.DSI            642133	Global	Relocatable 	
	E.FMI            640173	Global	Relocatable 		E.FMO            640171	Global	Relocatable 	
	E.ILSC           640176	Global	Relocatable 		E.INCL           640175	Global	Relocatable 	
	E.SVNG           642145	Global	Relocatable 		E.SVR            642147	Global	Relocatable 	
	E.SVTL           642143	Global	Relocatable 		E.UKK            642123	Global	Relocatable 	
	F.NAM              2301	Global	Relocatable 		N.CORE             1753	Global	Relocatable 	
	N.EZER             1752	Global	Relocatable Suppressed	N.OFFS             1754	Global	Relocatable 	
	N.ZER              1731	Global	Relocatable Suppressed	.ALDON           640150	Global	Relocatable 	
	.ASCQC           643336	Global	Relocatable 		.ASCQW           643335	Global	Relocatable 	
	.BLOKC           643165	Global	Relocatable 		.BLOKW           643164	Global	Relocatable 	
	.CCLRB           644441	Global	Relocatable 		.CKNEG           643330	Global	Relocatable 	
	.CLRBF           644443	Global	Relocatable 		.CLRFL           640456	Global	Relocatable 	
	.CLSNS           640760	Global	Relocatable 		.COREC           643174	Global	Relocatable 	
	.COREW           643173	Global	Relocatable 		.DATIC           642241	Global	Relocatable 	
	.DATIF           642217	Global	Relocatable 		.DATIG           642220	Global	Relocatable 	
	.DATIM           642240	Global	Relocatable 		.DATIP           642230	Global	Relocatable 	
	.DATIQ           642231	Global	Relocatable 		.DECNC           643233	Global	Relocatable 	
	.DECNW           643232	Global	Relocatable 		.FILIN           640370	Global	Relocatable 	
	.FMSG            644336	Global	Relocatable 		.FMSGD           644350	Global	Relocatable 	
	.FMSGE           644406	Global	Relocatable 		.FMSGF           644370	Global	Relocatable 	
	.FMSGN           644344	Global	Relocatable 		.FMSGO           644354	Global	Relocatable 	
	.FMSGX           644415	Global	Relocatable 		.GTIND           640225	Global	Relocatable 	
	.GTSPC           640625	Global	Relocatable 		.ISCAN           637076	Entry	Relocatable 	
	.KEYWD           640773	Global	Relocatable 		.KLIND           644270	Global	Relocatable 	
	.LASWD             2431	Global	Relocatable 		.LEFTX           643153	Global	Relocatable 	
	.MKPJN           637230	Global	Relocatable 		.MNRET           644503	Global	Relocatable 	
	.MONRT           644474	Global	Relocatable 		.MYPPN             1665	Global	Relocatable 	
	.NAME            643060	Global	Relocatable 		.NAMEC           642746	Global	Relocatable 	
	.NAMEW           642745	Global	Relocatable 		.NMUE              2430	Global	Relocatable Suppressed
	.NMUL              2373	Global	Relocatable 		.NOCTC           642734	Global	Relocatable 	
	.NOCTW           642733	Global	Relocatable 		.NOQTE             1727	Global	Relocatable 	
	.OCTNC           643267	Global	Relocatable 		.OCTNW           643266	Global	Relocatable 	
	.OPTN              2370	Global	Relocatable 		.OSCAN           637645	Global	Relocatable 	
	.OSDFS           640725	Global	Relocatable 		.PSCAN           640035	Global	Relocatable 	
	.QSCAN           640053	Global	Relocatable 		.QUOTE             1730	Global	Relocatable 	
	.REEAT           643656	Global	Relocatable 		.RUNCM           640300	Global	Relocatable 	
	.SCANZ             1665	Global	Relocatable Suppressed	.SENEG           643324	Global	Relocatable 	
	.SIXMC           643376	Global	Relocatable 		.SIXMW           643375	Global	Relocatable 	
	.SIXQC           643372	Global	Relocatable 		.SIXQW           643371	Global	Relocatable 	
	.SIXSC           643356	Global	Relocatable 		.SIXSW           643355	Global	Relocatable 	
	.STOPN           644333	Global	Relocatable 		.SWASQ           643335	Global	Relocatable Suppressed
	.SWCOR           641256	Global	Relocatable 		.SWDEC           641252	Global	Relocatable 	
	.SWDON           647065	Global	Relocatable Suppressed	.SWDPB           641473	Global	Relocatable 	
	.SWDTF           642217	Global	Relocatable Suppressed	.SWDTM           642240	Global	Relocatable Suppressed
	.SWDTP           642230	Global	Relocatable Suppressed	.SWFIL           641260	Global	Relocatable 	
	.SWHLP           641405	Global	Relocatable 		.SWMAX           641460	Global	Relocatable 	
	.SWOCT           641254	Global	Relocatable 		.SWSIX           643355	Global	Relocatable Suppressed
	.SWSXM           643375	Global	Relocatable Suppressed	.SWSXQ           643371	Global	Relocatable Suppressed
	.TERRP           644513	Global	Relocatable 		.TIALT           643450	Global	Relocatable 	
		LINK symbol map of	LINK	version 6(2364)		page 20
.SCAN
	.TIAUC           643434	Global	Relocatable 		.TICAN           643421	Global	Relocatable 	
	.TICHE           643711	Global	Relocatable 		.TICHG           643452	Global	Relocatable 	
	.TICHR           643520	Global	Relocatable 		.TICHT           643703	Global	Relocatable 	
	.TICQT           643442	Global	Relocatable 		.TIGET           643741	Global	Relocatable 	
	.TIMUC           643435	Global	Relocatable 		.TISQT           643445	Global	Relocatable 	
	.TSCAN           637321	Global	Relocatable 		.TYPRE           643772	Global	Relocatable 	
	.VERSC           643063	Global	Relocatable 		.VERSW           643062	Global	Relocatable 	
	.VSCAN           637562	Global	Relocatable 	
		*************

.VERBO	from SYS:SCAN.REL	created by MACRO on 19-Mar-88 at 15:52:14
	Low  segment starts at	  2464 ends at	  2465 length	     2 (octal),     2. (decimal)
	High segment starts at	645622 ends at	645711 length	    70 (octal),    56. (decimal)

	.ERMSA           645623	Entry	Relocatable 	
	.ERMSG           645622	Entry	Relocatable 		.FLCBF             2465	Global	Relocatable 	
	.FLVRB             2464	Global	Relocatable 		.VERBO           645671	Entry	Relocatable 	
	.VRBOZ             2464	Global	Relocatable Suppressed
		*************

.TNEWL	from SYS:SCAN.REL	created by MACRO on 19-Mar-88 at 15:52:14

	Zero length module

		*************

.TOUTS	from SYS:SCAN.REL	created by MACRO on 19-Mar-88 at 15:52:14
	Low  segment starts at	  2466 ends at	  2466 length	     1 (octal),     1. (decimal)
	High segment starts at	645712 ends at	646437 length	   526 (octal),   342. (decimal)

	GUIDT.           646202	Global	Relocatable 	
	.TASTR           646355	Global	Relocatable 		.TBLOK           646247	Global	Relocatable 	
	.TCHAR           646366	Global	Relocatable 		.TCOLN           646357	Global	Relocatable 	
	.TCOMA           646361	Global	Relocatable 		.TCORW           646253	Global	Relocatable 	
	.TCRLF           646270	Global	Relocatable 		.TDATE           646062	Global	Relocatable 	
	.TDATN           646061	Global	Relocatable 		.TDEC2           646115	Global	Relocatable 	
	.TDECW           646325	Global	Relocatable 		.TDIRB           645757	Global	Relocatable 	
	.TDTTM           646045	Global	Relocatable 		.TFBLK           645735	Global	Relocatable 	
	.TFCHR           646124	Global	Relocatable 		.TMOHW           646025	Global	Relocatable 	
	.TOCTW           646324	Global	Relocatable 		.TOFEB           645714	Global	Relocatable 	
	.TOLEB           645716	Global	Relocatable 		.TOUTZ             2466	Global	Relocatable Suppressed
	.TPPNW           646277	Global	Relocatable 		.TRBRK           646305	Global	Relocatable 	
	.TRDXW           646326	Global	Relocatable 		.TSIXN           646307	Global	Relocatable 	
	.TSPAC           646365	Global	Relocatable 		.TSTRG           646345	Global	Relocatable 	
	.TTABC           646363	Global	Relocatable 		.TTIME           646100	Global	Relocatable 	
	.TTIMN           646077	Global	Relocatable 		.TVERW           646214	Global	Relocatable 	
	.TXWDW           646316	Global	Relocatable 		.TXWWW           646016	Global	Relocatable 	
	.TYOCH           645712	Entry	Relocatable 	
		*************

.STOPB	from SYS:SCAN.REL	created by MACRO on 19-Mar-88 at 15:52:14
	High segment starts at	646440 ends at	646573 length	   134 (octal),    92. (decimal)

	.STOPB           646440	Entry	Relocatable 	
		LINK symbol map of	LINK	version 6(2364)		page 21
.STOPB

		*************

.CNTDT	from SYS:SCAN.REL	created by MACRO on 19-Mar-88 at 15:52:14
	High segment starts at	646574 ends at	646735 length	   142 (octal),    98. (decimal)

	.CNTDT           646574	Entry	Relocatable 		.CNVDT           646653	Entry	Relocatable 	
	.GTNOW           646645	Entry	Relocatable 	
		*************

.GTPUT	from SYS:SCAN.REL	created by MACRO on 19-Mar-88 at 15:52:14
	High segment starts at	646736 ends at	647027 length	    72 (octal),    58. (decimal)

	.GTWRD           646774	Entry	Relocatable 	
	.ISLGI           647014	Entry	Relocatable 		.LKNAM           646736	Entry	Relocatable 	
	.MKMSK           647005	Entry	Relocatable 		.PTWRD           647001	Entry	Relocatable 	

		*************

.SAVE	from SYS:SCAN.REL	created by MACRO on 19-Mar-88 at 15:52:14
	High segment starts at	647030 ends at	647104 length	    55 (octal),    45. (decimal)

	.POP4T           647077	Entry	Relocatable 		.POPJ            647066	Entry	Relocatable 	
	.POPJ1           647065	Entry	Relocatable 		.PSH4T           647070	Entry	Relocatable 	
	.SAVE1           647030	Entry	Relocatable 		.SAVE2           647035	Entry	Relocatable 	
	.SAVE3           647043	Entry	Relocatable 		.SAVE4           647052	Entry	Relocatable 	
	.SAVX4           647060	Global	Relocatable 	
		*************

.HELPR	from SYS:HELPER.REL	created by MACRO on 19-Mar-88 at 15:51:25
	High segment starts at	647105 ends at	647261 length	   155 (octal),   109. (decimal)

	HELPER           647105	Entry	Relocatable 	
	.HELPR           647106	Entry	Relocatable 	
		*************

LNKHST	from DSK:LNKHST.REL	created by MACRO on 20-May-88 at 18:10:07

	Zero length module

		*************

JOBDAT	from SYS:JOBDAT.REL	created by MACRO on 19-Mar-88 at 15:51:27

	Zero length module

		*************


	Index to LINK symbol map of	LINK	version 6(2364)		page 22

	Name	Page	Name	Page	Name	Page	Name	Page

	ALOG	16	INT	15	LNKMAP	12	PLTUTL	14
	ALOG.	16	JOBDAT	21	LNKNEW	 9	SIN	16
	ALOG10	16	LINE	17	LNKOLD	 7	SIN.	17
	COS	17	LINK	 1	LNKOV1	 2	SIND	16
	COSD	16	LNK400	14	LNKOV2	12	.CNTDT	21
	EXP	16	LNKCOR	10	LNKOVS	12	.GTPUT	21
	EXP.	16	LNKCST	10	LNKPLT	13	.HELPR	21
	EXP2	15	LNKERR	11	LNKPRM	13	.HIGH.	 1
	FLOAT	14	LNKFIO	 5	LNKSCN	 2	.SAVE	21
	FLOAT.	15	LNKHSH	 7	LNKWLD	 4	.SCAN	19
	FLT.0	15	LNKHST	 1	LNKXIT	12	.STOPB	20
	FLT.14	15	LNKHST	21	NAMCMP	14	.TNEWL	20
	FORMSC	14	LNKLOD	 5	PLOT	17	.TOUTS	20
	IFIX	15	LNKLOG	11	PLTGLB	14	.TSUBS	13
	IFIX.	15	LNKLOW	17	PLTO..	14	.VERBO	20
	IFX.0	15

	[End of LINK map of	LINK]
